******************************************************************************
                  TI ARM Linker PC v18.12.8                    
******************************************************************************
>> Linked Tue Nov 29 17:38:51 2022

OUTPUT FILE NAME:   <gpio_toggle_output.out>
ENTRY POINT SYMBOL: "_c_int00_noargs"  address: 00002ea5


MEMORY CONFIGURATION

         name            origin    length      used     unused   attr    fill
----------------------  --------  ---------  --------  --------  ----  --------
  MAIN                  00000000   00040000  000032e0  0003cd20  R  X
  INFO                  00200000   00004000  00000000  00004000  R  X
  SRAM_CODE             01000000   00010000  00000000  00010000  RW X
  SRAM_DATA             20000000   00010000  00000db9  0000f247  RW  


SEGMENT ALLOCATION MAP

run origin  load origin   length   init length attrs members
----------  ----------- ---------- ----------- ----- -------
00000000    00000000    000032e0   000032e0    r-x
  00000000    00000000    00000140   00000140    r-- .intvecs
  00000140    00000140    00002fd4   00002fd4    r-x .text
  00003114    00003114    00000134   00000134    r-- .const
  00003248    00003248    00000098   00000098    r-- .cinit
20000000    20000000    00000bbc   00000000    rw-
  20000000    20000000    00000800   00000000    rw- .sysmem
  20000800    20000800    000001ed   00000000    rw- .data
  200009f0    200009f0    000001cc   00000000    rw- .bss
2000fe00    2000fe00    00000200   00000000    rw-
  2000fe00    2000fe00    00000200   00000000    rw- .stack


SECTION ALLOCATION MAP

 output                                  attributes/
section   page    origin      length       input sections
--------  ----  ----------  ----------   ----------------
.intvecs   0    00000000    00000140     
                  00000000    00000140     startup_msp432p401r_ccs.obj (.intvecs:retain)

.text      0    00000140    00002fd4     
                  00000140    00000a4e     rtsv7M4_T_le_v4SPD16_eabi.lib : _printfi.c.obj (.text:__TI_printfi)
                  00000b8e    00000002                                   : _lock.c.obj (.text:_nop)
                  00000b90    00000328     system_msp432p401r.obj (.text)
                  00000eb8    00000290     gpio_toggle_output.obj (.text)
                  00001148    00000270     rtsv7M4_T_le_v4SPD16_eabi.lib : _printfi.c.obj (.text:_pconv_a)
                  000013b8    000001d0                                   : _printfi.c.obj (.text:_pconv_g)
                  00001588    000001b6                                   : fd_add_t2.asm.obj (.text)
                  0000173e    00000002                                   : div0.asm.obj (.text)
                  00001740    0000013c                                   : _printfi.c.obj (.text:_pconv_e)
                  0000187c    00000136                                   : fd_div_t2.asm.obj (.text)
                  000019b2    00000002     --HOLE-- [fill = 0]
                  000019b4    00000124                                   : _printfi.c.obj (.text:fcvt)
                  00001ad8    00000118                                   : memory.c.obj (.text:aligned_alloc)
                  00001bf0    00000114                                   : fputs.c.obj (.text:fputs)
                  00001d04    00000110                                   : s_scalbn.c.obj (.text:scalbn)
                  00001e14    000000fc                                   : fd_mul_t2.asm.obj (.text)
                  00001f10    000000e4                                   : memory.c.obj (.text:free)
                  00001ff4    000000dc                                   : setvbuf.c.obj (.text:setvbuf)
                  000020d0    000000b1                                   : _printfi.c.obj (.text:_ltostr)
                  00002181    00000001     --HOLE-- [fill = 0]
                  00002182    0000009c                                   : memcpy_t2.asm.obj (.text)
                  0000221e    00000096                                   : ull_div_t2.asm.obj (.text)
                  000022b4    0000008c                                   : fputc.c.obj (.text:fputc)
                  00002340    00000086                                   : fd_cmp_t2.asm.obj (.text:__aeabi_cdcmple)
                  000023c6    00000086                                   : fd_cmp_t2.asm.obj (.text:__aeabi_cdrcmple)
                  0000244c    0000007a                                   : memset_t2.asm.obj (.text)
                  000024c6    00000002     --HOLE-- [fill = 0]
                  000024c8    00000074                                   : fclose.c.obj (.text:__TI_closefile)
                  0000253c    00000070                                   : memory.c.obj (.text:split)
                  000025ac    0000006e                                   : _printfi.c.obj (.text:_mcpy)
                  0000261a    00000002     --HOLE-- [fill = 0]
                  0000261c    0000006c                                   : hostrename.c.obj (.text:HOSTrename)
                  00002688    00000068                                   : hostlseek.c.obj (.text:HOSTlseek)
                  000026f0    00000068                                   : copy_decompress_lzss.c.obj (.text:decompress:lzss:__TI_decompress_lzss)
                  00002758    00000068                                   : printf.c.obj (.text:printf)
                  000027c0    00000064                                   : s_frexp.c.obj (.text:frexp)
                  00002824    00000064                                   : fseek.c.obj (.text:fseek)
                  00002888    00000062                                   : _io_perm.c.obj (.text:__TI_wrt_ok)
                  000028ea    00000002     --HOLE-- [fill = 0]
                  000028ec    00000060                                   : hostopen.c.obj (.text:HOSTopen)
                  0000294c    0000005c                                   : close.c.obj (.text:close)
                  000029a8    00000058                                   : hostread.c.obj (.text:HOSTread)
                  00002a00    00000058                                   : hostwrite.c.obj (.text:HOSTwrite)
                  00002a58    00000056                                   : _printfi.c.obj (.text:_pconv_f)
                  00002aae    00000054                                   : ltoa.c.obj (.text:ltoa)
                  00002b02    00000052                                   : _printfi.c.obj (.text:_ecpy)
                  00002b54    0000004c                                   : fflush.c.obj (.text:__TI_doflush)
                  00002ba0    0000004c                                   : atoi.c.obj (.text:atoi)
                  00002bec    00000048                                   : exit.c.obj (.text:exit)
                  00002c34    00000048                                   : fd_toi_t2.asm.obj (.text)
                  00002c7c    00000044                                   : hostclose.c.obj (.text:HOSTclose)
                  00002cc0    00000044                                   : hostunlink.c.obj (.text:HOSTunlink)
                  00002d04    00000044                                   : autoinit.c.obj (.text:__TI_auto_init_nobinit_nopinit:__TI_auto_init_nobinit_nopinit)
                  00002d48    00000044                                   : getdevice.c.obj (.text:getdevice)
                  00002d8c    0000003e                                   : _printfi.c.obj (.text:_fcpy)
                  00002dca    00000002     --HOLE-- [fill = 0]
                  00002dcc    00000038                                   : trgmsg.c.obj (.text:__TI_writemsg)
                  00002e04    00000036                                   : strncpy.c.obj (.text:strncpy)
                  00002e3a    00000002     --HOLE-- [fill = 0]
                  00002e3c    00000034                                   : fopen.c.obj (.text:__TI_cleanup)
                  00002e70    00000034                                   : trgmsg.c.obj (.text:__TI_readmsg)
                  00002ea4    00000034                                   : boot_cortex_m.c.obj (.text:_c_int00_noargs:_c_int00_noargs)
                  00002ed8    00000030                                   : getdevice.c.obj (.text:finddevice)
                  00002f08    0000002e                                   : i_tofd_t2.asm.obj (.text)
                  00002f36    00000002     --HOLE-- [fill = 0]
                  00002f38    0000002c                                   : unlink.c.obj (.text:unlink)
                  00002f64    00000028                                   : memory.c.obj (.text:free_list_insert)
                  00002f8c    00000028                                   : lseek.c.obj (.text:lseek)
                  00002fb4    00000028                                   : write.c.obj (.text:write)
                  00002fdc    00000020                                   : memchr.c.obj (.text:memchr)
                  00002ffc    0000001c                                   : copy_zero_init.c.obj (.text:decompress:ZI:__TI_zero_init_nomemset:__TI_zero_init_nomemset)
                  00003018    0000001c                                   : memory.c.obj (.text:free_list_remove)
                  00003034    0000001c                                   : memccpy.c.obj (.text:memccpy)
                  00003050    0000001a                                   : s_copysign.c.obj (.text:copysign)
                  0000306a    00000018                                   : strcmp.c.obj (.text:strcmp)
                  00003082    00000016                                   : strchr.c.obj (.text:strchr)
                  00003098    00000014                                   : strcpy.c.obj (.text:strcpy)
                  000030ac    00000014                                   : strlen.c.obj (.text:strlen)
                  000030c0    00000012     startup_msp432p401r_ccs.obj (.text)
                  000030d2    00000012     rtsv7M4_T_le_v4SPD16_eabi.lib : wcslen.c.obj (.text:wcslen)
                  000030e4    0000000e                                   : copy_decompress_none.c.obj (.text:decompress:none:__TI_decompress_none)
                  000030f2    00000002     --HOLE-- [fill = 0]
                  000030f4    00000008                                   : errno.c.obj (.text:__aeabi_errno_addr)
                  000030fc    00000008                                   : memory.c.obj (.text:malloc)
                  00003104    00000004                                   : printf.c.obj (.text:_outc)
                  00003108    00000004                                   : printf.c.obj (.text:_outs)
                  0000310c    00000004                                   : pre_init.c.obj (.text:_system_pre_init)
                  00003110    00000004                                   : exit.c.obj (.text:abort:abort)

.const     0    00003114    00000134     
                  00003114    00000101     rtsv7M4_T_le_v4SPD16_eabi.lib : ctype.c.obj (.const:.string:_ctypes_)
                  00003215    00000003     --HOLE-- [fill = 0]
                  00003218    00000010     gpio_toggle_output.obj (.const:CCR1Config)
                  00003228    00000010     gpio_toggle_output.obj (.const:CCR2Config)
                  00003238    00000010     gpio_toggle_output.obj (.const:continuousModeConfig)

.cinit     0    00003248    00000098     
                  00003248    0000006e     (.cinit..data.load) [load image, compression = lzss]
                  000032b6    00000002     --HOLE-- [fill = 0]
                  000032b8    0000000c     (__TI_handler_table)
                  000032c4    00000004     --HOLE-- [fill = 0]
                  000032c8    00000008     (.cinit..bss.load) [load image, compression = zero_init]
                  000032d0    00000010     (__TI_cinit_table)

.init_array 
*          0    00000000    00000000     UNINITIALIZED

.sysmem    0    20000000    00000800     UNINITIALIZED
                  20000000    00000010     rtsv7M4_T_le_v4SPD16_eabi.lib : memory.c.obj (.sysmem)
                  20000010    000007f0     --HOLE--

.data      0    20000800    000001ed     UNINITIALIZED
                  20000800    000000f0     rtsv7M4_T_le_v4SPD16_eabi.lib : defs.c.obj (.data:_ftable)
                  200008f0    00000078                                   : host_device.c.obj (.data:_device)
                  20000968    00000050                                   : host_device.c.obj (.data:_stream)
                  200009b8    00000010                                   : defs.c.obj (.data)
                  200009c8    0000000c                                   : exit.c.obj (.data:$O1$$)
                  200009d4    00000008                                   : _lock.c.obj (.data:$O1$$)
                  200009dc    00000008                                   : memory.c.obj (.data:$O1$$)
                  200009e4    00000004                                   : errno.c.obj (.data)
                  200009e8    00000004     system_msp432p401r.obj (.data)
                  200009ec    00000001     gpio_toggle_output.obj (.data)

.bss       0    200009f0    000001cc     UNINITIALIZED
                  200009f0    00000120     rtsv7M4_T_le_v4SPD16_eabi.lib : trgmsg.c.obj (.bss:_CIOBUF_)
                  20000b10    000000a0     (.common:__TI_tmpnams)
                  20000bb0    00000008     (.common:parmbuf)
                  20000bb8    00000004     (.common:dist)

.stack     0    2000fe00    00000200     UNINITIALIZED
                  2000fe00    00000004     rtsv7M4_T_le_v4SPD16_eabi.lib : boot_cortex_m.c.obj (.stack)
                  2000fe04    000001fc     --HOLE--

MODULE SUMMARY

       Module                        code    ro data   rw data
       ------                        ----    -------   -------
    .\
       system_msp432p401r.obj        808     0         4      
       gpio_toggle_output.obj        656     48        5      
       startup_msp432p401r_ccs.obj   18      320       0      
    +--+-----------------------------+-------+---------+---------+
       Total:                        1482    368       9      
                                                              
    C:\ti\ccs930\ccs\tools\compiler\ti-cgt-arm_18.12.8.LTS\lib\rtsv7M4_T_le_v4SPD16_eabi.lib
       _printfi.c.obj                4851    0         0      
       memory.c.obj                  696     0         8      
       fd_add_t2.asm.obj             438     0         0      
       defs.c.obj                    0       0         416    
       trgmsg.c.obj                  108     0         288    
       fd_div_t2.asm.obj             310     0         0      
       fputs.c.obj                   276     0         0      
       s_scalbn.c.obj                272     0         0      
       fd_cmp_t2.asm.obj             268     0         0      
       ctype.c.obj                   0       257       0      
       fd_mul_t2.asm.obj             252     0         0      
       setvbuf.c.obj                 220     0         0      
       host_device.c.obj             0       0         200    
       memcpy_t2.asm.obj             156     0         0      
       ull_div_t2.asm.obj            150     0         0      
       fputc.c.obj                   140     0         0      
       memset_t2.asm.obj             122     0         0      
       fclose.c.obj                  116     0         0      
       getdevice.c.obj               116     0         0      
       printf.c.obj                  112     0         0      
       hostrename.c.obj              108     0         0      
       copy_decompress_lzss.c.obj    104     0         0      
       hostlseek.c.obj               104     0         0      
       hostopen.c.obj                96      0         8      
       fseek.c.obj                   100     0         0      
       s_frexp.c.obj                 100     0         0      
       _io_perm.c.obj                98      0         0      
       close.c.obj                   92      0         0      
       exit.c.obj                    76      0         12     
       hostread.c.obj                88      0         0      
       hostwrite.c.obj               88      0         0      
       ltoa.c.obj                    84      0         0      
       atoi.c.obj                    76      0         0      
       fflush.c.obj                  76      0         0      
       fd_toi_t2.asm.obj             72      0         0      
       autoinit.c.obj                68      0         0      
       hostclose.c.obj               68      0         0      
       hostunlink.c.obj              68      0         0      
       strncpy.c.obj                 54      0         0      
       boot_cortex_m.c.obj           52      0         0      
       fopen.c.obj                   52      0         0      
       i_tofd_t2.asm.obj             46      0         0      
       unlink.c.obj                  44      0         0      
       lseek.c.obj                   40      0         0      
       write.c.obj                   40      0         0      
       memchr.c.obj                  32      0         0      
       copy_zero_init.c.obj          28      0         0      
       memccpy.c.obj                 28      0         0      
       s_copysign.c.obj              26      0         0      
       strcmp.c.obj                  24      0         0      
       strchr.c.obj                  22      0         0      
       strcpy.c.obj                  20      0         0      
       strlen.c.obj                  20      0         0      
       wcslen.c.obj                  18      0         0      
       copy_decompress_none.c.obj    14      0         0      
       errno.c.obj                   8       0         4      
       _lock.c.obj                   2       0         8      
       pre_init.c.obj                4       0         0      
       div0.asm.obj                  2       0         0      
    +--+-----------------------------+-------+---------+---------+
       Total:                        10745   257       944    
                                                              
       Heap:                         0       0         2048   
       Stack:                        0       0         512    
       Linker Generated:             0       146       0      
    +--+-----------------------------+-------+---------+---------+
       Grand Total:                  12227   771       3513   


LINKER GENERATED COPY TABLES

__TI_cinit_table @ 000032d0 records: 2, size/record: 8, table size: 16
	.data: load addr=00003248, load size=0000006e bytes, run addr=20000800, run size=000001ed bytes, compression=lzss
	.bss: load addr=000032c8, load size=00000008 bytes, run addr=200009f0, run size=000001cc bytes, compression=zero_init


LINKER GENERATED HANDLER TABLE

__TI_handler_table @ 000032b8 records: 3, size/record: 4, table size: 12
	index: 0, handler: __TI_decompress_lzss
	index: 1, handler: __TI_decompress_none
	index: 2, handler: __TI_zero_init


GLOBAL SYMBOLS: SORTED ALPHABETICALLY BY Name 

address   name                           
-------   ----                           
00003111  C$$EXIT                        
00002dfb  C$$IO$$                        
00003218  CCR1Config                     
00003228  CCR2Config                     
00002c7d  HOSTclose                      
00002689  HOSTlseek                      
000028ed  HOSTopen                       
000029a9  HOSTread                       
0000261d  HOSTrename                     
00002cc1  HOSTunlink                     
00002a01  HOSTwrite                      
00000eb9  Initalise_HCSR04               
000010df  PORT3_IRQHandler               
200009e8  SystemCoreClock                
00000b91  SystemCoreClockUpdate          
00000e05  SystemInit                     
4000480c  WDTCTL_SYM                     
200009f0  __CIOBUF_                      
20010000  __STACK_END                    
00000200  __STACK_SIZE                   
00000800  __SYSMEM_SIZE                  
000032d0  __TI_CINIT_Base                
000032e0  __TI_CINIT_Limit               
000032b8  __TI_Handler_Table_Base        
000032c4  __TI_Handler_Table_Limit       
00002d05  __TI_auto_init_nobinit_nopinit 
00002e3d  __TI_cleanup                   
200009c8  __TI_cleanup_ptr               
000024c9  __TI_closefile                 
000026f1  __TI_decompress_lzss           
000030e5  __TI_decompress_none           
00002b55  __TI_doflush                   
200009cc  __TI_dtors_ptr                 
200009d0  __TI_enable_exit_profile_output
200009b8  __TI_ft_end                    
ffffffff  __TI_pprof_out_hndl            
00000141  __TI_printfi                   
ffffffff  __TI_prof_data_size            
ffffffff  __TI_prof_data_start           
00002e71  __TI_readmsg                   
00000000  __TI_static_base__             
20000b10  __TI_tmpnams                   
00002dcd  __TI_writemsg                  
00002889  __TI_wrt_ok                    
00002ffd  __TI_zero_init_nomemset        
00002341  __aeabi_cdcmpeq                
00002341  __aeabi_cdcmple                
000023c7  __aeabi_cdrcmple               
00002c35  __aeabi_d2iz                   
00001593  __aeabi_dadd                   
0000187d  __aeabi_ddiv                   
00001e15  __aeabi_dmul                   
00001589  __aeabi_dsub                   
000030f5  __aeabi_errno_addr             
00002f09  __aeabi_i2d                    
0000173f  __aeabi_idiv0                  
0000173f  __aeabi_ldiv0                  
0000244d  __aeabi_memclr                 
0000244d  __aeabi_memclr4                
0000244d  __aeabi_memclr8                
00002183  __aeabi_memcpy                 
00002183  __aeabi_memcpy4                
00002183  __aeabi_memcpy8                
0000244f  __aeabi_memset                 
0000244f  __aeabi_memset4                
0000244f  __aeabi_memset8                
200009c4  __aeabi_stderr                 
200009bc  __aeabi_stdin                  
200009c0  __aeabi_stdout                 
0000221f  __aeabi_uldivmod               
ffffffff  __binit__                      
ffffffff  __c_args__                     
UNDEFED   __mpu_init                     
2000fe00  __stack                        
00002ea5  _c_int00_noargs                
00003114  _ctypes_                       
200008f0  _device                        
20000800  _ftable                        
200009d4  _lock                          
00000b8f  _nop                           
20000968  _stream                        
20000000  _sys_memory                    
UNDEFED   _system_post_cinit             
0000310d  _system_pre_init               
200009d8  _unlock                        
00003111  abort                          
00001ad9  aligned_alloc                  
00002ba1  atoi                           
ffffffff  binit                          
0000294d  close                          
00003238  continuousModeConfig           
00003051  copysign                       
00003051  copysignl                      
20000bb8  dist                           
200009e4  errno                          
00002bed  exit                           
00002ed9  finddevice                     
000022b5  fputc                          
00001bf1  fputs                          
00001f11  free                           
000027c1  frexp                          
000027c1  frexpl                         
00002825  fseek                          
00002d49  getdevice                      
00000000  interruptVectors               
00001d05  ldexp                          
00001d05  ldexpl                         
00002f8d  lseek                          
00002aaf  ltoa                           
00000fe7  main                           
000030fd  malloc                         
00001ad9  memalign                       
00003035  memccpy                        
00002fdd  memchr                         
00002183  memcpy                         
00002455  memset                         
20000bb0  parmbuf                        
00002759  printf                         
000022b5  putc                           
00002f39  remove                         
00001d05  scalbn                         
00001d05  scalbnl                        
00001025  selectSensor                   
00001ff5  setvbuf                        
200009ec  start_pulse                    
00003083  strchr                         
0000306b  strcmp                         
00003099  strcpy                         
000030ad  strlen                         
00002e05  strncpy                        
00002f39  unlink                         
000030d3  wcslen                         
00002fb5  write                          


GLOBAL SYMBOLS: SORTED BY Symbol Address 

address   name                           
-------   ----                           
00000000  __TI_static_base__             
00000000  interruptVectors               
00000141  __TI_printfi                   
00000200  __STACK_SIZE                   
00000800  __SYSMEM_SIZE                  
00000b8f  _nop                           
00000b91  SystemCoreClockUpdate          
00000e05  SystemInit                     
00000eb9  Initalise_HCSR04               
00000fe7  main                           
00001025  selectSensor                   
000010df  PORT3_IRQHandler               
00001589  __aeabi_dsub                   
00001593  __aeabi_dadd                   
0000173f  __aeabi_idiv0                  
0000173f  __aeabi_ldiv0                  
0000187d  __aeabi_ddiv                   
00001ad9  aligned_alloc                  
00001ad9  memalign                       
00001bf1  fputs                          
00001d05  ldexp                          
00001d05  ldexpl                         
00001d05  scalbn                         
00001d05  scalbnl                        
00001e15  __aeabi_dmul                   
00001f11  free                           
00001ff5  setvbuf                        
00002183  __aeabi_memcpy                 
00002183  __aeabi_memcpy4                
00002183  __aeabi_memcpy8                
00002183  memcpy                         
0000221f  __aeabi_uldivmod               
000022b5  fputc                          
000022b5  putc                           
00002341  __aeabi_cdcmpeq                
00002341  __aeabi_cdcmple                
000023c7  __aeabi_cdrcmple               
0000244d  __aeabi_memclr                 
0000244d  __aeabi_memclr4                
0000244d  __aeabi_memclr8                
0000244f  __aeabi_memset                 
0000244f  __aeabi_memset4                
0000244f  __aeabi_memset8                
00002455  memset                         
000024c9  __TI_closefile                 
0000261d  HOSTrename                     
00002689  HOSTlseek                      
000026f1  __TI_decompress_lzss           
00002759  printf                         
000027c1  frexp                          
000027c1  frexpl                         
00002825  fseek                          
00002889  __TI_wrt_ok                    
000028ed  HOSTopen                       
0000294d  close                          
000029a9  HOSTread                       
00002a01  HOSTwrite                      
00002aaf  ltoa                           
00002b55  __TI_doflush                   
00002ba1  atoi                           
00002bed  exit                           
00002c35  __aeabi_d2iz                   
00002c7d  HOSTclose                      
00002cc1  HOSTunlink                     
00002d05  __TI_auto_init_nobinit_nopinit 
00002d49  getdevice                      
00002dcd  __TI_writemsg                  
00002dfb  C$$IO$$                        
00002e05  strncpy                        
00002e3d  __TI_cleanup                   
00002e71  __TI_readmsg                   
00002ea5  _c_int00_noargs                
00002ed9  finddevice                     
00002f09  __aeabi_i2d                    
00002f39  remove                         
00002f39  unlink                         
00002f8d  lseek                          
00002fb5  write                          
00002fdd  memchr                         
00002ffd  __TI_zero_init_nomemset        
00003035  memccpy                        
00003051  copysign                       
00003051  copysignl                      
0000306b  strcmp                         
00003083  strchr                         
00003099  strcpy                         
000030ad  strlen                         
000030d3  wcslen                         
000030e5  __TI_decompress_none           
000030f5  __aeabi_errno_addr             
000030fd  malloc                         
0000310d  _system_pre_init               
00003111  C$$EXIT                        
00003111  abort                          
00003114  _ctypes_                       
00003218  CCR1Config                     
00003228  CCR2Config                     
00003238  continuousModeConfig           
000032b8  __TI_Handler_Table_Base        
000032c4  __TI_Handler_Table_Limit       
000032d0  __TI_CINIT_Base                
000032e0  __TI_CINIT_Limit               
20000000  _sys_memory                    
20000800  _ftable                        
200008f0  _device                        
20000968  _stream                        
200009b8  __TI_ft_end                    
200009bc  __aeabi_stdin                  
200009c0  __aeabi_stdout                 
200009c4  __aeabi_stderr                 
200009c8  __TI_cleanup_ptr               
200009cc  __TI_dtors_ptr                 
200009d0  __TI_enable_exit_profile_output
200009d4  _lock                          
200009d8  _unlock                        
200009e4  errno                          
200009e8  SystemCoreClock                
200009ec  start_pulse                    
200009f0  __CIOBUF_                      
20000b10  __TI_tmpnams                   
20000bb0  parmbuf                        
20000bb8  dist                           
2000fe00  __stack                        
20010000  __STACK_END                    
4000480c  WDTCTL_SYM                     
ffffffff  __TI_pprof_out_hndl            
ffffffff  __TI_prof_data_size            
ffffffff  __TI_prof_data_start           
ffffffff  __binit__                      
ffffffff  __c_args__                     
ffffffff  binit                          
UNDEFED   __mpu_init                     
UNDEFED   _system_post_cinit             

[133 symbols]
