<?xml version="1.0" encoding="ISO-8859-1" ?>
<link_info>
   <banner>TI ARM Linker PC v18.12.8.LTS</banner>
   <copyright>Copyright (c) 1996-2018 Texas Instruments Incorporated</copyright>
   <link_time>0x6385d32b</link_time>
   <link_errors>0x0</link_errors>
   <output_file>gpio_toggle_output.out</output_file>
   <entry_point>
      <name>_c_int00_noargs</name>
      <address>0x2ea5</address>
   </entry_point>
   <input_file_list>
      <input_file id="fl-2">
         <path>.\</path>
         <kind>object</kind>
         <file>gpio_toggle_output.obj</file>
         <name>gpio_toggle_output.obj</name>
      </input_file>
      <input_file id="fl-3">
         <path>.\</path>
         <kind>object</kind>
         <file>startup_msp432p401r_ccs.obj</file>
         <name>startup_msp432p401r_ccs.obj</name>
      </input_file>
      <input_file id="fl-4">
         <path>.\</path>
         <kind>object</kind>
         <file>system_msp432p401r.obj</file>
         <name>system_msp432p401r.obj</name>
      </input_file>
      <input_file id="fl-9">
         <kind>object</kind>
         <file>&lt;internal&gt;</file>
         <name>&lt;internal&gt;</name>
      </input_file>
      <input_file id="fl-bf">
         <path>C:\ti\ccs930\ccs\tools\compiler\ti-cgt-arm_18.12.8.LTS\lib\</path>
         <kind>archive</kind>
         <file>rtsv7M4_T_le_v4SPD16_eabi.lib</file>
         <name>printf.c.obj</name>
      </input_file>
      <input_file id="fl-c0">
         <path>C:\ti\ccs930\ccs\tools\compiler\ti-cgt-arm_18.12.8.LTS\lib\</path>
         <kind>archive</kind>
         <file>rtsv7M4_T_le_v4SPD16_eabi.lib</file>
         <name>_printfi.c.obj</name>
      </input_file>
      <input_file id="fl-c1">
         <path>C:\ti\ccs930\ccs\tools\compiler\ti-cgt-arm_18.12.8.LTS\lib\</path>
         <kind>archive</kind>
         <file>rtsv7M4_T_le_v4SPD16_eabi.lib</file>
         <name>fputc.c.obj</name>
      </input_file>
      <input_file id="fl-c2">
         <path>C:\ti\ccs930\ccs\tools\compiler\ti-cgt-arm_18.12.8.LTS\lib\</path>
         <kind>archive</kind>
         <file>rtsv7M4_T_le_v4SPD16_eabi.lib</file>
         <name>fputs.c.obj</name>
      </input_file>
      <input_file id="fl-c3">
         <path>C:\ti\ccs930\ccs\tools\compiler\ti-cgt-arm_18.12.8.LTS\lib\</path>
         <kind>archive</kind>
         <file>rtsv7M4_T_le_v4SPD16_eabi.lib</file>
         <name>_io_perm.c.obj</name>
      </input_file>
      <input_file id="fl-c4">
         <path>C:\ti\ccs930\ccs\tools\compiler\ti-cgt-arm_18.12.8.LTS\lib\</path>
         <kind>archive</kind>
         <file>rtsv7M4_T_le_v4SPD16_eabi.lib</file>
         <name>setvbuf.c.obj</name>
      </input_file>
      <input_file id="fl-c5">
         <path>C:\ti\ccs930\ccs\tools\compiler\ti-cgt-arm_18.12.8.LTS\lib\</path>
         <kind>archive</kind>
         <file>rtsv7M4_T_le_v4SPD16_eabi.lib</file>
         <name>s_frexp.c.obj</name>
      </input_file>
      <input_file id="fl-c6">
         <path>C:\ti\ccs930\ccs\tools\compiler\ti-cgt-arm_18.12.8.LTS\lib\</path>
         <kind>archive</kind>
         <file>rtsv7M4_T_le_v4SPD16_eabi.lib</file>
         <name>s_scalbn.c.obj</name>
      </input_file>
      <input_file id="fl-c7">
         <path>C:\ti\ccs930\ccs\tools\compiler\ti-cgt-arm_18.12.8.LTS\lib\</path>
         <kind>archive</kind>
         <file>rtsv7M4_T_le_v4SPD16_eabi.lib</file>
         <name>wcslen.c.obj</name>
      </input_file>
      <input_file id="fl-c8">
         <path>C:\ti\ccs930\ccs\tools\compiler\ti-cgt-arm_18.12.8.LTS\lib\</path>
         <kind>archive</kind>
         <file>rtsv7M4_T_le_v4SPD16_eabi.lib</file>
         <name>s_copysign.c.obj</name>
      </input_file>
      <input_file id="fl-c9">
         <path>C:\ti\ccs930\ccs\tools\compiler\ti-cgt-arm_18.12.8.LTS\lib\</path>
         <kind>archive</kind>
         <file>rtsv7M4_T_le_v4SPD16_eabi.lib</file>
         <name>memset_t2.asm.obj</name>
      </input_file>
      <input_file id="fl-ca">
         <path>C:\ti\ccs930\ccs\tools\compiler\ti-cgt-arm_18.12.8.LTS\lib\</path>
         <kind>archive</kind>
         <file>rtsv7M4_T_le_v4SPD16_eabi.lib</file>
         <name>ull_div_t2.asm.obj</name>
      </input_file>
      <input_file id="fl-cb">
         <path>C:\ti\ccs930\ccs\tools\compiler\ti-cgt-arm_18.12.8.LTS\lib\</path>
         <kind>archive</kind>
         <file>rtsv7M4_T_le_v4SPD16_eabi.lib</file>
         <name>fd_add_t2.asm.obj</name>
      </input_file>
      <input_file id="fl-cc">
         <path>C:\ti\ccs930\ccs\tools\compiler\ti-cgt-arm_18.12.8.LTS\lib\</path>
         <kind>archive</kind>
         <file>rtsv7M4_T_le_v4SPD16_eabi.lib</file>
         <name>fd_cmp_t2.asm.obj</name>
      </input_file>
      <input_file id="fl-cd">
         <path>C:\ti\ccs930\ccs\tools\compiler\ti-cgt-arm_18.12.8.LTS\lib\</path>
         <kind>archive</kind>
         <file>rtsv7M4_T_le_v4SPD16_eabi.lib</file>
         <name>fd_div_t2.asm.obj</name>
      </input_file>
      <input_file id="fl-ce">
         <path>C:\ti\ccs930\ccs\tools\compiler\ti-cgt-arm_18.12.8.LTS\lib\</path>
         <kind>archive</kind>
         <file>rtsv7M4_T_le_v4SPD16_eabi.lib</file>
         <name>fd_mul_t2.asm.obj</name>
      </input_file>
      <input_file id="fl-cf">
         <path>C:\ti\ccs930\ccs\tools\compiler\ti-cgt-arm_18.12.8.LTS\lib\</path>
         <kind>archive</kind>
         <file>rtsv7M4_T_le_v4SPD16_eabi.lib</file>
         <name>fd_toi_t2.asm.obj</name>
      </input_file>
      <input_file id="fl-d0">
         <path>C:\ti\ccs930\ccs\tools\compiler\ti-cgt-arm_18.12.8.LTS\lib\</path>
         <kind>archive</kind>
         <file>rtsv7M4_T_le_v4SPD16_eabi.lib</file>
         <name>i_tofd_t2.asm.obj</name>
      </input_file>
      <input_file id="fl-d1">
         <path>C:\ti\ccs930\ccs\tools\compiler\ti-cgt-arm_18.12.8.LTS\lib\</path>
         <kind>archive</kind>
         <file>rtsv7M4_T_le_v4SPD16_eabi.lib</file>
         <name>memcpy_t2.asm.obj</name>
      </input_file>
      <input_file id="fl-d2">
         <path>C:\ti\ccs930\ccs\tools\compiler\ti-cgt-arm_18.12.8.LTS\lib\</path>
         <kind>archive</kind>
         <file>rtsv7M4_T_le_v4SPD16_eabi.lib</file>
         <name>copy_zero_init.c.obj</name>
      </input_file>
      <input_file id="fl-d3">
         <path>C:\ti\ccs930\ccs\tools\compiler\ti-cgt-arm_18.12.8.LTS\lib\</path>
         <kind>archive</kind>
         <file>rtsv7M4_T_le_v4SPD16_eabi.lib</file>
         <name>copy_decompress_none.c.obj</name>
      </input_file>
      <input_file id="fl-d4">
         <path>C:\ti\ccs930\ccs\tools\compiler\ti-cgt-arm_18.12.8.LTS\lib\</path>
         <kind>archive</kind>
         <file>rtsv7M4_T_le_v4SPD16_eabi.lib</file>
         <name>copy_decompress_lzss.c.obj</name>
      </input_file>
      <input_file id="fl-d5">
         <path>C:\ti\ccs930\ccs\tools\compiler\ti-cgt-arm_18.12.8.LTS\lib\</path>
         <kind>archive</kind>
         <file>rtsv7M4_T_le_v4SPD16_eabi.lib</file>
         <name>exit.c.obj</name>
      </input_file>
      <input_file id="fl-d6">
         <path>C:\ti\ccs930\ccs\tools\compiler\ti-cgt-arm_18.12.8.LTS\lib\</path>
         <kind>archive</kind>
         <file>rtsv7M4_T_le_v4SPD16_eabi.lib</file>
         <name>_lock.c.obj</name>
      </input_file>
      <input_file id="fl-d7">
         <path>C:\ti\ccs930\ccs\tools\compiler\ti-cgt-arm_18.12.8.LTS\lib\</path>
         <kind>archive</kind>
         <file>rtsv7M4_T_le_v4SPD16_eabi.lib</file>
         <name>atoi.c.obj</name>
      </input_file>
      <input_file id="fl-d8">
         <path>C:\ti\ccs930\ccs\tools\compiler\ti-cgt-arm_18.12.8.LTS\lib\</path>
         <kind>archive</kind>
         <file>rtsv7M4_T_le_v4SPD16_eabi.lib</file>
         <name>ctype.c.obj</name>
      </input_file>
      <input_file id="fl-d9">
         <path>C:\ti\ccs930\ccs\tools\compiler\ti-cgt-arm_18.12.8.LTS\lib\</path>
         <kind>archive</kind>
         <file>rtsv7M4_T_le_v4SPD16_eabi.lib</file>
         <name>defs.c.obj</name>
      </input_file>
      <input_file id="fl-da">
         <path>C:\ti\ccs930\ccs\tools\compiler\ti-cgt-arm_18.12.8.LTS\lib\</path>
         <kind>archive</kind>
         <file>rtsv7M4_T_le_v4SPD16_eabi.lib</file>
         <name>ltoa.c.obj</name>
      </input_file>
      <input_file id="fl-db">
         <path>C:\ti\ccs930\ccs\tools\compiler\ti-cgt-arm_18.12.8.LTS\lib\</path>
         <kind>archive</kind>
         <file>rtsv7M4_T_le_v4SPD16_eabi.lib</file>
         <name>memccpy.c.obj</name>
      </input_file>
      <input_file id="fl-dc">
         <path>C:\ti\ccs930\ccs\tools\compiler\ti-cgt-arm_18.12.8.LTS\lib\</path>
         <kind>archive</kind>
         <file>rtsv7M4_T_le_v4SPD16_eabi.lib</file>
         <name>memchr.c.obj</name>
      </input_file>
      <input_file id="fl-dd">
         <path>C:\ti\ccs930\ccs\tools\compiler\ti-cgt-arm_18.12.8.LTS\lib\</path>
         <kind>archive</kind>
         <file>rtsv7M4_T_le_v4SPD16_eabi.lib</file>
         <name>memory.c.obj</name>
      </input_file>
      <input_file id="fl-de">
         <path>C:\ti\ccs930\ccs\tools\compiler\ti-cgt-arm_18.12.8.LTS\lib\</path>
         <kind>archive</kind>
         <file>rtsv7M4_T_le_v4SPD16_eabi.lib</file>
         <name>strchr.c.obj</name>
      </input_file>
      <input_file id="fl-df">
         <path>C:\ti\ccs930\ccs\tools\compiler\ti-cgt-arm_18.12.8.LTS\lib\</path>
         <kind>archive</kind>
         <file>rtsv7M4_T_le_v4SPD16_eabi.lib</file>
         <name>strlen.c.obj</name>
      </input_file>
      <input_file id="fl-e0">
         <path>C:\ti\ccs930\ccs\tools\compiler\ti-cgt-arm_18.12.8.LTS\lib\</path>
         <kind>archive</kind>
         <file>rtsv7M4_T_le_v4SPD16_eabi.lib</file>
         <name>write.c.obj</name>
      </input_file>
      <input_file id="fl-e1">
         <path>C:\ti\ccs930\ccs\tools\compiler\ti-cgt-arm_18.12.8.LTS\lib\</path>
         <kind>archive</kind>
         <file>rtsv7M4_T_le_v4SPD16_eabi.lib</file>
         <name>host_device.c.obj</name>
      </input_file>
      <input_file id="fl-e2">
         <path>C:\ti\ccs930\ccs\tools\compiler\ti-cgt-arm_18.12.8.LTS\lib\</path>
         <kind>archive</kind>
         <file>rtsv7M4_T_le_v4SPD16_eabi.lib</file>
         <name>errno.c.obj</name>
      </input_file>
      <input_file id="fl-e3">
         <path>C:\ti\ccs930\ccs\tools\compiler\ti-cgt-arm_18.12.8.LTS\lib\</path>
         <kind>archive</kind>
         <file>rtsv7M4_T_le_v4SPD16_eabi.lib</file>
         <name>boot_cortex_m.c.obj</name>
      </input_file>
      <input_file id="fl-e4">
         <path>C:\ti\ccs930\ccs\tools\compiler\ti-cgt-arm_18.12.8.LTS\lib\</path>
         <kind>archive</kind>
         <file>rtsv7M4_T_le_v4SPD16_eabi.lib</file>
         <name>fflush.c.obj</name>
      </input_file>
      <input_file id="fl-e5">
         <path>C:\ti\ccs930\ccs\tools\compiler\ti-cgt-arm_18.12.8.LTS\lib\</path>
         <kind>archive</kind>
         <file>rtsv7M4_T_le_v4SPD16_eabi.lib</file>
         <name>fopen.c.obj</name>
      </input_file>
      <input_file id="fl-e6">
         <path>C:\ti\ccs930\ccs\tools\compiler\ti-cgt-arm_18.12.8.LTS\lib\</path>
         <kind>archive</kind>
         <file>rtsv7M4_T_le_v4SPD16_eabi.lib</file>
         <name>fseek.c.obj</name>
      </input_file>
      <input_file id="fl-e7">
         <path>C:\ti\ccs930\ccs\tools\compiler\ti-cgt-arm_18.12.8.LTS\lib\</path>
         <kind>archive</kind>
         <file>rtsv7M4_T_le_v4SPD16_eabi.lib</file>
         <name>div0.asm.obj</name>
      </input_file>
      <input_file id="fl-e8">
         <path>C:\ti\ccs930\ccs\tools\compiler\ti-cgt-arm_18.12.8.LTS\lib\</path>
         <kind>archive</kind>
         <file>rtsv7M4_T_le_v4SPD16_eabi.lib</file>
         <name>autoinit.c.obj</name>
      </input_file>
      <input_file id="fl-e9">
         <path>C:\ti\ccs930\ccs\tools\compiler\ti-cgt-arm_18.12.8.LTS\lib\</path>
         <kind>archive</kind>
         <file>rtsv7M4_T_le_v4SPD16_eabi.lib</file>
         <name>pre_init.c.obj</name>
      </input_file>
      <input_file id="fl-ea">
         <path>C:\ti\ccs930\ccs\tools\compiler\ti-cgt-arm_18.12.8.LTS\lib\</path>
         <kind>archive</kind>
         <file>rtsv7M4_T_le_v4SPD16_eabi.lib</file>
         <name>cpy_tbl.c.obj</name>
      </input_file>
      <input_file id="fl-eb">
         <path>C:\ti\ccs930\ccs\tools\compiler\ti-cgt-arm_18.12.8.LTS\lib\</path>
         <kind>archive</kind>
         <file>rtsv7M4_T_le_v4SPD16_eabi.lib</file>
         <name>args_main.c.obj</name>
      </input_file>
      <input_file id="fl-ec">
         <path>C:\ti\ccs930\ccs\tools\compiler\ti-cgt-arm_18.12.8.LTS\lib\</path>
         <kind>archive</kind>
         <file>rtsv7M4_T_le_v4SPD16_eabi.lib</file>
         <name>hostclose.c.obj</name>
      </input_file>
      <input_file id="fl-ed">
         <path>C:\ti\ccs930\ccs\tools\compiler\ti-cgt-arm_18.12.8.LTS\lib\</path>
         <kind>archive</kind>
         <file>rtsv7M4_T_le_v4SPD16_eabi.lib</file>
         <name>hostlseek.c.obj</name>
      </input_file>
      <input_file id="fl-ee">
         <path>C:\ti\ccs930\ccs\tools\compiler\ti-cgt-arm_18.12.8.LTS\lib\</path>
         <kind>archive</kind>
         <file>rtsv7M4_T_le_v4SPD16_eabi.lib</file>
         <name>hostopen.c.obj</name>
      </input_file>
      <input_file id="fl-ef">
         <path>C:\ti\ccs930\ccs\tools\compiler\ti-cgt-arm_18.12.8.LTS\lib\</path>
         <kind>archive</kind>
         <file>rtsv7M4_T_le_v4SPD16_eabi.lib</file>
         <name>hostread.c.obj</name>
      </input_file>
      <input_file id="fl-f0">
         <path>C:\ti\ccs930\ccs\tools\compiler\ti-cgt-arm_18.12.8.LTS\lib\</path>
         <kind>archive</kind>
         <file>rtsv7M4_T_le_v4SPD16_eabi.lib</file>
         <name>hostrename.c.obj</name>
      </input_file>
      <input_file id="fl-f1">
         <path>C:\ti\ccs930\ccs\tools\compiler\ti-cgt-arm_18.12.8.LTS\lib\</path>
         <kind>archive</kind>
         <file>rtsv7M4_T_le_v4SPD16_eabi.lib</file>
         <name>hostunlink.c.obj</name>
      </input_file>
      <input_file id="fl-f2">
         <path>C:\ti\ccs930\ccs\tools\compiler\ti-cgt-arm_18.12.8.LTS\lib\</path>
         <kind>archive</kind>
         <file>rtsv7M4_T_le_v4SPD16_eabi.lib</file>
         <name>hostwrite.c.obj</name>
      </input_file>
      <input_file id="fl-f3">
         <path>C:\ti\ccs930\ccs\tools\compiler\ti-cgt-arm_18.12.8.LTS\lib\</path>
         <kind>archive</kind>
         <file>rtsv7M4_T_le_v4SPD16_eabi.lib</file>
         <name>trgmsg.c.obj</name>
      </input_file>
      <input_file id="fl-f4">
         <path>C:\ti\ccs930\ccs\tools\compiler\ti-cgt-arm_18.12.8.LTS\lib\</path>
         <kind>archive</kind>
         <file>rtsv7M4_T_le_v4SPD16_eabi.lib</file>
         <name>open.c.obj</name>
      </input_file>
      <input_file id="fl-f5">
         <path>C:\ti\ccs930\ccs\tools\compiler\ti-cgt-arm_18.12.8.LTS\lib\</path>
         <kind>archive</kind>
         <file>rtsv7M4_T_le_v4SPD16_eabi.lib</file>
         <name>lseek.c.obj</name>
      </input_file>
      <input_file id="fl-f6">
         <path>C:\ti\ccs930\ccs\tools\compiler\ti-cgt-arm_18.12.8.LTS\lib\</path>
         <kind>archive</kind>
         <file>rtsv7M4_T_le_v4SPD16_eabi.lib</file>
         <name>fclose.c.obj</name>
      </input_file>
      <input_file id="fl-f7">
         <path>C:\ti\ccs930\ccs\tools\compiler\ti-cgt-arm_18.12.8.LTS\lib\</path>
         <kind>archive</kind>
         <file>rtsv7M4_T_le_v4SPD16_eabi.lib</file>
         <name>getdevice.c.obj</name>
      </input_file>
      <input_file id="fl-f8">
         <path>C:\ti\ccs930\ccs\tools\compiler\ti-cgt-arm_18.12.8.LTS\lib\</path>
         <kind>archive</kind>
         <file>rtsv7M4_T_le_v4SPD16_eabi.lib</file>
         <name>strcmp.c.obj</name>
      </input_file>
      <input_file id="fl-f9">
         <path>C:\ti\ccs930\ccs\tools\compiler\ti-cgt-arm_18.12.8.LTS\lib\</path>
         <kind>archive</kind>
         <file>rtsv7M4_T_le_v4SPD16_eabi.lib</file>
         <name>strcpy.c.obj</name>
      </input_file>
      <input_file id="fl-fa">
         <path>C:\ti\ccs930\ccs\tools\compiler\ti-cgt-arm_18.12.8.LTS\lib\</path>
         <kind>archive</kind>
         <file>rtsv7M4_T_le_v4SPD16_eabi.lib</file>
         <name>strncpy.c.obj</name>
      </input_file>
      <input_file id="fl-fb">
         <path>C:\ti\ccs930\ccs\tools\compiler\ti-cgt-arm_18.12.8.LTS\lib\</path>
         <kind>archive</kind>
         <file>rtsv7M4_T_le_v4SPD16_eabi.lib</file>
         <name>remove.c.obj</name>
      </input_file>
      <input_file id="fl-fc">
         <path>C:\ti\ccs930\ccs\tools\compiler\ti-cgt-arm_18.12.8.LTS\lib\</path>
         <kind>archive</kind>
         <file>rtsv7M4_T_le_v4SPD16_eabi.lib</file>
         <name>close.c.obj</name>
      </input_file>
      <input_file id="fl-fd">
         <path>C:\ti\ccs930\ccs\tools\compiler\ti-cgt-arm_18.12.8.LTS\lib\</path>
         <kind>archive</kind>
         <file>rtsv7M4_T_le_v4SPD16_eabi.lib</file>
         <name>unlink.c.obj</name>
      </input_file>
   </input_file_list>
   <object_component_list>
      <object_component id="oc-1f">
         <name>.intvecs:retain</name>
         <load_address>0x0</load_address>
         <run_address>0x0</run_address>
         <size>0x140</size>
         <input_file_ref idref="fl-3"/>
      </object_component>
      <object_component id="oc-131">
         <name>.text:__TI_printfi</name>
         <load_address>0x140</load_address>
         <run_address>0x140</run_address>
         <size>0xa4e</size>
         <input_file_ref idref="fl-c0"/>
      </object_component>
      <object_component id="oc-1da">
         <name>.text:_nop</name>
         <load_address>0xb8e</load_address>
         <run_address>0xb8e</run_address>
         <size>0x2</size>
         <input_file_ref idref="fl-d6"/>
      </object_component>
      <object_component id="oc-a5">
         <name>.text</name>
         <load_address>0xb90</load_address>
         <run_address>0xb90</run_address>
         <size>0x328</size>
         <input_file_ref idref="fl-4"/>
      </object_component>
      <object_component id="oc-69">
         <name>.text</name>
         <load_address>0xeb8</load_address>
         <run_address>0xeb8</run_address>
         <size>0x290</size>
         <input_file_ref idref="fl-2"/>
      </object_component>
      <object_component id="oc-1b6">
         <name>.text:_pconv_a</name>
         <load_address>0x1148</load_address>
         <run_address>0x1148</run_address>
         <size>0x270</size>
         <input_file_ref idref="fl-c0"/>
      </object_component>
      <object_component id="oc-1a4">
         <name>.text:_pconv_g</name>
         <load_address>0x13b8</load_address>
         <run_address>0x13b8</run_address>
         <size>0x1d0</size>
         <input_file_ref idref="fl-c0"/>
      </object_component>
      <object_component id="oc-24b">
         <name>.text</name>
         <load_address>0x1588</load_address>
         <run_address>0x1588</run_address>
         <size>0x1b6</size>
         <input_file_ref idref="fl-cb"/>
      </object_component>
      <object_component id="oc-2d1">
         <name>.text</name>
         <load_address>0x173e</load_address>
         <run_address>0x173e</run_address>
         <size>0x2</size>
         <input_file_ref idref="fl-e7"/>
      </object_component>
      <object_component id="oc-1b0">
         <name>.text:_pconv_e</name>
         <load_address>0x1740</load_address>
         <run_address>0x1740</run_address>
         <size>0x13c</size>
         <input_file_ref idref="fl-c0"/>
      </object_component>
      <object_component id="oc-231">
         <name>.text</name>
         <load_address>0x187c</load_address>
         <run_address>0x187c</run_address>
         <size>0x136</size>
         <input_file_ref idref="fl-cd"/>
      </object_component>
      <object_component id="oc-25d">
         <name>.text:fcvt</name>
         <load_address>0x19b4</load_address>
         <run_address>0x19b4</run_address>
         <size>0x124</size>
         <input_file_ref idref="fl-c0"/>
      </object_component>
      <object_component id="oc-37c">
         <name>.text:aligned_alloc</name>
         <load_address>0x1ad8</load_address>
         <run_address>0x1ad8</run_address>
         <size>0x118</size>
         <input_file_ref idref="fl-dd"/>
      </object_component>
      <object_component id="oc-1e8">
         <name>.text:fputs</name>
         <load_address>0x1bf0</load_address>
         <run_address>0x1bf0</run_address>
         <size>0x114</size>
         <input_file_ref idref="fl-c2"/>
      </object_component>
      <object_component id="oc-271">
         <name>.text:scalbn</name>
         <load_address>0x1d04</load_address>
         <run_address>0x1d04</run_address>
         <size>0x110</size>
         <input_file_ref idref="fl-c6"/>
      </object_component>
      <object_component id="oc-22c">
         <name>.text</name>
         <load_address>0x1e14</load_address>
         <run_address>0x1e14</run_address>
         <size>0xfc</size>
         <input_file_ref idref="fl-ce"/>
      </object_component>
      <object_component id="oc-33a">
         <name>.text:free</name>
         <load_address>0x1f10</load_address>
         <run_address>0x1f10</run_address>
         <size>0xe4</size>
         <input_file_ref idref="fl-dd"/>
      </object_component>
      <object_component id="oc-30c">
         <name>.text:setvbuf</name>
         <load_address>0x1ff4</load_address>
         <run_address>0x1ff4</run_address>
         <size>0xdc</size>
         <input_file_ref idref="fl-c4"/>
      </object_component>
      <object_component id="oc-199">
         <name>.text:_ltostr</name>
         <load_address>0x20d0</load_address>
         <run_address>0x20d0</run_address>
         <size>0xb1</size>
         <input_file_ref idref="fl-c0"/>
      </object_component>
      <object_component id="oc-33">
         <name>.text</name>
         <load_address>0x2182</load_address>
         <run_address>0x2182</run_address>
         <size>0x9c</size>
         <input_file_ref idref="fl-d1"/>
      </object_component>
      <object_component id="oc-225">
         <name>.text</name>
         <load_address>0x221e</load_address>
         <run_address>0x221e</run_address>
         <size>0x96</size>
         <input_file_ref idref="fl-ca"/>
      </object_component>
      <object_component id="oc-1ef">
         <name>.text:fputc</name>
         <load_address>0x22b4</load_address>
         <run_address>0x22b4</run_address>
         <size>0x8c</size>
         <input_file_ref idref="fl-c1"/>
      </object_component>
      <object_component id="oc-19f">
         <name>.text:__aeabi_cdcmple</name>
         <load_address>0x2340</load_address>
         <run_address>0x2340</run_address>
         <size>0x86</size>
         <input_file_ref idref="fl-cc"/>
      </object_component>
      <object_component id="oc-236">
         <name>.text:__aeabi_cdrcmple</name>
         <load_address>0x23c6</load_address>
         <run_address>0x23c6</run_address>
         <size>0x86</size>
         <input_file_ref idref="fl-cc"/>
      </object_component>
      <object_component id="oc-8d">
         <name>.text</name>
         <load_address>0x244c</load_address>
         <run_address>0x244c</run_address>
         <size>0x7a</size>
         <input_file_ref idref="fl-c9"/>
      </object_component>
      <object_component id="oc-383">
         <name>.text:__TI_closefile</name>
         <load_address>0x24c8</load_address>
         <run_address>0x24c8</run_address>
         <size>0x74</size>
         <input_file_ref idref="fl-f6"/>
      </object_component>
      <object_component id="oc-3c4">
         <name>.text:split</name>
         <load_address>0x253c</load_address>
         <run_address>0x253c</run_address>
         <size>0x70</size>
         <input_file_ref idref="fl-dd"/>
      </object_component>
      <object_component id="oc-256">
         <name>.text:_mcpy</name>
         <load_address>0x25ac</load_address>
         <run_address>0x25ac</run_address>
         <size>0x6e</size>
         <input_file_ref idref="fl-c0"/>
      </object_component>
      <object_component id="oc-3b3">
         <name>.text:HOSTrename</name>
         <load_address>0x261c</load_address>
         <run_address>0x261c</run_address>
         <size>0x6c</size>
         <input_file_ref idref="fl-f0"/>
      </object_component>
      <object_component id="oc-3a7">
         <name>.text:HOSTlseek</name>
         <load_address>0x2688</load_address>
         <run_address>0x2688</run_address>
         <size>0x68</size>
         <input_file_ref idref="fl-ed"/>
      </object_component>
      <object_component id="oc-10">
         <name>.text:decompress:lzss:__TI_decompress_lzss</name>
         <load_address>0x26f0</load_address>
         <run_address>0x26f0</run_address>
         <size>0x68</size>
         <input_file_ref idref="fl-d4"/>
      </object_component>
      <object_component id="oc-ac">
         <name>.text:printf</name>
         <load_address>0x2758</load_address>
         <run_address>0x2758</run_address>
         <size>0x68</size>
         <input_file_ref idref="fl-bf"/>
      </object_component>
      <object_component id="oc-26b">
         <name>.text:frexp</name>
         <load_address>0x27c0</load_address>
         <run_address>0x27c0</run_address>
         <size>0x64</size>
         <input_file_ref idref="fl-c5"/>
      </object_component>
      <object_component id="oc-306">
         <name>.text:fseek</name>
         <load_address>0x2824</load_address>
         <run_address>0x2824</run_address>
         <size>0x64</size>
         <input_file_ref idref="fl-e6"/>
      </object_component>
      <object_component id="oc-2a2">
         <name>.text:__TI_wrt_ok</name>
         <load_address>0x2888</load_address>
         <run_address>0x2888</run_address>
         <size>0x62</size>
         <input_file_ref idref="fl-c3"/>
      </object_component>
      <object_component id="oc-38f">
         <name>.text:HOSTopen</name>
         <load_address>0x28ec</load_address>
         <run_address>0x28ec</run_address>
         <size>0x60</size>
         <input_file_ref idref="fl-ee"/>
      </object_component>
      <object_component id="oc-3cb">
         <name>.text:close</name>
         <load_address>0x294c</load_address>
         <run_address>0x294c</run_address>
         <size>0x5c</size>
         <input_file_ref idref="fl-fc"/>
      </object_component>
      <object_component id="oc-39b">
         <name>.text:HOSTread</name>
         <load_address>0x29a8</load_address>
         <run_address>0x29a8</run_address>
         <size>0x58</size>
         <input_file_ref idref="fl-ef"/>
      </object_component>
      <object_component id="oc-3a1">
         <name>.text:HOSTwrite</name>
         <load_address>0x2a00</load_address>
         <run_address>0x2a00</run_address>
         <size>0x58</size>
         <input_file_ref idref="fl-f2"/>
      </object_component>
      <object_component id="oc-1aa">
         <name>.text:_pconv_f</name>
         <load_address>0x2a58</load_address>
         <run_address>0x2a58</run_address>
         <size>0x56</size>
         <input_file_ref idref="fl-c0"/>
      </object_component>
      <object_component id="oc-240">
         <name>.text:ltoa</name>
         <load_address>0x2aae</load_address>
         <run_address>0x2aae</run_address>
         <size>0x54</size>
         <input_file_ref idref="fl-da"/>
      </object_component>
      <object_component id="oc-250">
         <name>.text:_ecpy</name>
         <load_address>0x2b02</load_address>
         <run_address>0x2b02</run_address>
         <size>0x52</size>
         <input_file_ref idref="fl-c0"/>
      </object_component>
      <object_component id="oc-2ae">
         <name>.text:__TI_doflush</name>
         <load_address>0x2b54</load_address>
         <run_address>0x2b54</run_address>
         <size>0x4c</size>
         <input_file_ref idref="fl-e4"/>
      </object_component>
      <object_component id="oc-193">
         <name>.text:atoi</name>
         <load_address>0x2ba0</load_address>
         <run_address>0x2ba0</run_address>
         <size>0x4c</size>
         <input_file_ref idref="fl-d7"/>
      </object_component>
      <object_component id="oc-f5">
         <name>.text:exit</name>
         <load_address>0x2bec</load_address>
         <run_address>0x2bec</run_address>
         <size>0x48</size>
         <input_file_ref idref="fl-d5"/>
      </object_component>
      <object_component id="oc-23b">
         <name>.text</name>
         <load_address>0x2c34</load_address>
         <run_address>0x2c34</run_address>
         <size>0x48</size>
         <input_file_ref idref="fl-cf"/>
      </object_component>
      <object_component id="oc-395">
         <name>.text:HOSTclose</name>
         <load_address>0x2c7c</load_address>
         <run_address>0x2c7c</run_address>
         <size>0x44</size>
         <input_file_ref idref="fl-ec"/>
      </object_component>
      <object_component id="oc-3ad">
         <name>.text:HOSTunlink</name>
         <load_address>0x2cc0</load_address>
         <run_address>0x2cc0</run_address>
         <size>0x44</size>
         <input_file_ref idref="fl-f1"/>
      </object_component>
      <object_component id="oc-fb">
         <name>.text:__TI_auto_init_nobinit_nopinit:__TI_auto_init_nobinit_nopinit</name>
         <load_address>0x2d04</load_address>
         <run_address>0x2d04</run_address>
         <size>0x44</size>
         <input_file_ref idref="fl-e8"/>
      </object_component>
      <object_component id="oc-403">
         <name>.text:getdevice</name>
         <load_address>0x2d48</load_address>
         <run_address>0x2d48</run_address>
         <size>0x44</size>
         <input_file_ref idref="fl-f7"/>
      </object_component>
      <object_component id="oc-263">
         <name>.text:_fcpy</name>
         <load_address>0x2d8c</load_address>
         <run_address>0x2d8c</run_address>
         <size>0x3e</size>
         <input_file_ref idref="fl-c0"/>
      </object_component>
      <object_component id="oc-3dc">
         <name>.text:__TI_writemsg</name>
         <load_address>0x2dcc</load_address>
         <run_address>0x2dcc</run_address>
         <size>0x38</size>
         <input_file_ref idref="fl-f3"/>
      </object_component>
      <object_component id="oc-425">
         <name>.text:strncpy</name>
         <load_address>0x2e04</load_address>
         <run_address>0x2e04</run_address>
         <size>0x36</size>
         <input_file_ref idref="fl-fa"/>
      </object_component>
      <object_component id="oc-346">
         <name>.text:__TI_cleanup</name>
         <load_address>0x2e3c</load_address>
         <run_address>0x2e3c</run_address>
         <size>0x34</size>
         <input_file_ref idref="fl-e5"/>
      </object_component>
      <object_component id="oc-3e2">
         <name>.text:__TI_readmsg</name>
         <load_address>0x2e70</load_address>
         <run_address>0x2e70</run_address>
         <size>0x34</size>
         <input_file_ref idref="fl-f3"/>
      </object_component>
      <object_component id="oc-51">
         <name>.text:_c_int00_noargs:_c_int00_noargs</name>
         <load_address>0x2ea4</load_address>
         <run_address>0x2ea4</run_address>
         <size>0x34</size>
         <input_file_ref idref="fl-e3"/>
      </object_component>
      <object_component id="oc-42b">
         <name>.text:finddevice</name>
         <load_address>0x2ed8</load_address>
         <run_address>0x2ed8</run_address>
         <size>0x30</size>
         <input_file_ref idref="fl-f7"/>
      </object_component>
      <object_component id="oc-246">
         <name>.text</name>
         <load_address>0x2f08</load_address>
         <run_address>0x2f08</run_address>
         <size>0x2e</size>
         <input_file_ref idref="fl-d0"/>
      </object_component>
      <object_component id="oc-3d1">
         <name>.text:unlink</name>
         <load_address>0x2f38</load_address>
         <run_address>0x2f38</run_address>
         <size>0x2c</size>
         <input_file_ref idref="fl-fd"/>
      </object_component>
      <object_component id="oc-375">
         <name>.text:free_list_insert</name>
         <load_address>0x2f64</load_address>
         <run_address>0x2f64</run_address>
         <size>0x28</size>
         <input_file_ref idref="fl-dd"/>
      </object_component>
      <object_component id="oc-332">
         <name>.text:lseek</name>
         <load_address>0x2f8c</load_address>
         <run_address>0x2f8c</run_address>
         <size>0x28</size>
         <input_file_ref idref="fl-f5"/>
      </object_component>
      <object_component id="oc-2b4">
         <name>.text:write</name>
         <load_address>0x2fb4</load_address>
         <run_address>0x2fb4</run_address>
         <size>0x28</size>
         <input_file_ref idref="fl-e0"/>
      </object_component>
      <object_component id="oc-2a8">
         <name>.text:memchr</name>
         <load_address>0x2fdc</load_address>
         <run_address>0x2fdc</run_address>
         <size>0x20</size>
         <input_file_ref idref="fl-dc"/>
      </object_component>
      <object_component id="oc-3f">
         <name>.text:decompress:ZI:__TI_zero_init_nomemset:__TI_zero_init_nomemset</name>
         <load_address>0x2ffc</load_address>
         <run_address>0x2ffc</run_address>
         <size>0x1c</size>
         <input_file_ref idref="fl-d2"/>
      </object_component>
      <object_component id="oc-36f">
         <name>.text:free_list_remove</name>
         <load_address>0x3018</load_address>
         <run_address>0x3018</run_address>
         <size>0x1c</size>
         <input_file_ref idref="fl-dd"/>
      </object_component>
      <object_component id="oc-1bc">
         <name>.text:memccpy</name>
         <load_address>0x3034</load_address>
         <run_address>0x3034</run_address>
         <size>0x1c</size>
         <input_file_ref idref="fl-db"/>
      </object_component>
      <object_component id="oc-2ea">
         <name>.text:copysign</name>
         <load_address>0x3050</load_address>
         <run_address>0x3050</run_address>
         <size>0x1a</size>
         <input_file_ref idref="fl-c8"/>
      </object_component>
      <object_component id="oc-442">
         <name>.text:strcmp</name>
         <load_address>0x306a</load_address>
         <run_address>0x306a</run_address>
         <size>0x18</size>
         <input_file_ref idref="fl-f8"/>
      </object_component>
      <object_component id="oc-277">
         <name>.text:strchr</name>
         <load_address>0x3082</load_address>
         <run_address>0x3082</run_address>
         <size>0x16</size>
         <input_file_ref idref="fl-de"/>
      </object_component>
      <object_component id="oc-3f6">
         <name>.text:strcpy</name>
         <load_address>0x3098</load_address>
         <run_address>0x3098</run_address>
         <size>0x14</size>
         <input_file_ref idref="fl-f9"/>
      </object_component>
      <object_component id="oc-18d">
         <name>.text:strlen</name>
         <load_address>0x30ac</load_address>
         <run_address>0x30ac</run_address>
         <size>0x14</size>
         <input_file_ref idref="fl-df"/>
      </object_component>
      <object_component id="oc-63">
         <name>.text</name>
         <load_address>0x30c0</load_address>
         <run_address>0x30c0</run_address>
         <size>0x12</size>
         <input_file_ref idref="fl-3"/>
      </object_component>
      <object_component id="oc-1c2">
         <name>.text:wcslen</name>
         <load_address>0x30d2</load_address>
         <run_address>0x30d2</run_address>
         <size>0x12</size>
         <input_file_ref idref="fl-c7"/>
      </object_component>
      <object_component id="oc-16">
         <name>.text:decompress:none:__TI_decompress_none</name>
         <load_address>0x30e4</load_address>
         <run_address>0x30e4</run_address>
         <size>0xe</size>
         <input_file_ref idref="fl-d3"/>
      </object_component>
      <object_component id="oc-1c8">
         <name>.text:__aeabi_errno_addr</name>
         <load_address>0x30f4</load_address>
         <run_address>0x30f4</run_address>
         <size>0x8</size>
         <input_file_ref idref="fl-e2"/>
      </object_component>
      <object_component id="oc-340">
         <name>.text:malloc</name>
         <load_address>0x30fc</load_address>
         <run_address>0x30fc</run_address>
         <size>0x8</size>
         <input_file_ref idref="fl-dd"/>
      </object_component>
      <object_component id="oc-143">
         <name>.text:_outc</name>
         <load_address>0x3104</load_address>
         <run_address>0x3104</run_address>
         <size>0x4</size>
         <input_file_ref idref="fl-bf"/>
      </object_component>
      <object_component id="oc-13d">
         <name>.text:_outs</name>
         <load_address>0x3108</load_address>
         <run_address>0x3108</run_address>
         <size>0x4</size>
         <input_file_ref idref="fl-bf"/>
      </object_component>
      <object_component id="oc-93">
         <name>.text:_system_pre_init</name>
         <load_address>0x310c</load_address>
         <run_address>0x310c</run_address>
         <size>0x4</size>
         <input_file_ref idref="fl-e9"/>
      </object_component>
      <object_component id="oc-ef">
         <name>.text:abort:abort</name>
         <load_address>0x3110</load_address>
         <run_address>0x3110</run_address>
         <size>0x4</size>
         <input_file_ref idref="fl-d5"/>
      </object_component>
      <object_component id="oc-220">
         <name>.const:.string:_ctypes_</name>
         <load_address>0x3114</load_address>
         <run_address>0x3114</run_address>
         <size>0x101</size>
         <input_file_ref idref="fl-d8"/>
      </object_component>
      <object_component id="oc-b2">
         <name>.const:CCR1Config</name>
         <load_address>0x3218</load_address>
         <run_address>0x3218</run_address>
         <size>0x10</size>
         <input_file_ref idref="fl-2"/>
      </object_component>
      <object_component id="oc-b8">
         <name>.const:CCR2Config</name>
         <load_address>0x3228</load_address>
         <run_address>0x3228</run_address>
         <size>0x10</size>
         <input_file_ref idref="fl-2"/>
      </object_component>
      <object_component id="oc-b5">
         <name>.const:continuousModeConfig</name>
         <load_address>0x3238</load_address>
         <run_address>0x3238</run_address>
         <size>0x10</size>
         <input_file_ref idref="fl-2"/>
      </object_component>
      <object_component id="oc-47b">
         <name>.cinit..data.load</name>
         <load_address>0x3248</load_address>
         <run_address>0x3248</run_address>
         <size>0x6e</size>
      </object_component>
      <object_component id="oc-479">
         <name>__TI_handler_table</name>
         <load_address>0x32b8</load_address>
         <run_address>0x32b8</run_address>
         <size>0xc</size>
      </object_component>
      <object_component id="oc-47c">
         <name>.cinit..bss.load</name>
         <load_address>0x32c8</load_address>
         <run_address>0x32c8</run_address>
         <size>0x8</size>
      </object_component>
      <object_component id="oc-47a">
         <name>__TI_cinit_table</name>
         <load_address>0x32d0</load_address>
         <run_address>0x32d0</run_address>
         <size>0x10</size>
      </object_component>
      <object_component id="oc-bb">
         <name>.data</name>
         <load_address>0x200009ec</load_address>
         <run_address>0x200009ec</run_address>
         <size>0x1</size>
         <input_file_ref idref="fl-2"/>
      </object_component>
      <object_component id="oc-12d">
         <name>.data</name>
         <load_address>0x200009e8</load_address>
         <run_address>0x200009e8</run_address>
         <size>0x4</size>
         <input_file_ref idref="fl-4"/>
      </object_component>
      <object_component id="oc-16f">
         <name>.data:$O1$$</name>
         <load_address>0x200009c8</load_address>
         <run_address>0x200009c8</run_address>
         <size>0xc</size>
         <input_file_ref idref="fl-d5"/>
      </object_component>
      <object_component id="oc-137">
         <name>.data:$O1$$</name>
         <load_address>0x200009d4</load_address>
         <run_address>0x200009d4</run_address>
         <size>0x8</size>
         <input_file_ref idref="fl-d6"/>
      </object_component>
      <object_component id="oc-13a">
         <name>.data:_ftable</name>
         <load_address>0x20000800</load_address>
         <run_address>0x20000800</run_address>
         <size>0xf0</size>
         <input_file_ref idref="fl-d9"/>
      </object_component>
      <object_component id="oc-389">
         <name>.data</name>
         <load_address>0x200009b8</load_address>
         <run_address>0x200009b8</run_address>
         <size>0x10</size>
         <input_file_ref idref="fl-d9"/>
      </object_component>
      <object_component id="oc-3bf">
         <name>.data:$O1$$</name>
         <load_address>0x200009dc</load_address>
         <run_address>0x200009dc</run_address>
         <size>0x8</size>
         <input_file_ref idref="fl-dd"/>
      </object_component>
      <object_component id="oc-359">
         <name>.data:_device</name>
         <load_address>0x200008f0</load_address>
         <run_address>0x200008f0</run_address>
         <size>0x78</size>
         <input_file_ref idref="fl-e1"/>
      </object_component>
      <object_component id="oc-318">
         <name>.data:_stream</name>
         <load_address>0x20000968</load_address>
         <run_address>0x20000968</run_address>
         <size>0x50</size>
         <input_file_ref idref="fl-e1"/>
      </object_component>
      <object_component id="oc-287">
         <name>.data</name>
         <load_address>0x200009e4</load_address>
         <run_address>0x200009e4</run_address>
         <size>0x4</size>
         <input_file_ref idref="fl-e2"/>
      </object_component>
      <object_component id="oc-40d">
         <name>.bss:_CIOBUF_</name>
         <uninitialized>true</uninitialized>
         <run_address>0x200009f0</run_address>
         <size>0x120</size>
         <input_file_ref idref="fl-f3"/>
      </object_component>
      <object_component id="oc-be">
         <name>.common:dist</name>
         <uninitialized>true</uninitialized>
         <run_address>0x20000bb8</run_address>
         <size>0x4</size>
      </object_component>
      <object_component id="oc-3d7">
         <name>.common:__TI_tmpnams</name>
         <uninitialized>true</uninitialized>
         <run_address>0x20000b10</run_address>
         <size>0xa0</size>
      </object_component>
      <object_component id="oc-3e8">
         <name>.common:parmbuf</name>
         <uninitialized>true</uninitialized>
         <run_address>0x20000bb0</run_address>
         <size>0x8</size>
      </object_component>
      <object_component id="oc-22">
         <name>.sysmem</name>
         <uninitialized>true</uninitialized>
         <run_address>0x20000000</run_address>
         <size>0x10</size>
         <input_file_ref idref="fl-dd"/>
      </object_component>
      <object_component id="oc-47e">
         <name>.sysmem</name>
         <uninitialized>true</uninitialized>
         <run_address>0x20000000</run_address>
         <size>0x0</size>
      </object_component>
      <object_component id="oc-25">
         <name>.stack</name>
         <uninitialized>true</uninitialized>
         <run_address>0x2000fe00</run_address>
         <size>0x4</size>
         <input_file_ref idref="fl-e3"/>
      </object_component>
      <object_component id="oc-47d">
         <name>.stack</name>
         <uninitialized>true</uninitialized>
         <run_address>0x2000fe00</run_address>
         <size>0x0</size>
      </object_component>
      <object_component id="oc-bf">
         <name>.debug_info</name>
         <load_address>0x0</load_address>
         <run_address>0x0</run_address>
         <size>0x5a4</size>
         <input_file_ref idref="fl-2"/>
      </object_component>
      <object_component id="oc-bc">
         <name>.debug_info</name>
         <load_address>0x5a4</load_address>
         <run_address>0x5a4</run_address>
         <size>0xe9</size>
         <input_file_ref idref="fl-2"/>
      </object_component>
      <object_component id="oc-b6">
         <name>.debug_info</name>
         <load_address>0x68d</load_address>
         <run_address>0x68d</run_address>
         <size>0xfb</size>
         <input_file_ref idref="fl-2"/>
      </object_component>
      <object_component id="oc-b3">
         <name>.debug_info</name>
         <load_address>0x788</load_address>
         <run_address>0x788</run_address>
         <size>0xe7</size>
         <input_file_ref idref="fl-2"/>
      </object_component>
      <object_component id="oc-b9">
         <name>.debug_info</name>
         <load_address>0x86f</load_address>
         <run_address>0x86f</run_address>
         <size>0xe7</size>
         <input_file_ref idref="fl-2"/>
      </object_component>
      <object_component id="oc-6a">
         <name>.debug_info</name>
         <load_address>0x956</load_address>
         <run_address>0x956</run_address>
         <size>0x49f</size>
         <input_file_ref idref="fl-2"/>
      </object_component>
      <object_component id="oc-ce">
         <name>.debug_info</name>
         <load_address>0xdf5</load_address>
         <run_address>0xdf5</run_address>
         <size>0x26b</size>
         <input_file_ref idref="fl-2"/>
      </object_component>
      <object_component id="oc-15f">
         <name>.debug_info</name>
         <load_address>0x1060</load_address>
         <run_address>0x1060</run_address>
         <size>0x1055</size>
         <input_file_ref idref="fl-2"/>
      </object_component>
      <object_component id="oc-15a">
         <name>.debug_info</name>
         <load_address>0x20b5</load_address>
         <run_address>0x20b5</run_address>
         <size>0x37e2</size>
         <input_file_ref idref="fl-2"/>
      </object_component>
      <object_component id="oc-164">
         <name>.debug_info</name>
         <load_address>0x5897</load_address>
         <run_address>0x5897</run_address>
         <size>0x341</size>
         <input_file_ref idref="fl-2"/>
      </object_component>
      <object_component id="oc-c2">
         <name>.debug_info</name>
         <load_address>0x5bd8</load_address>
         <run_address>0x5bd8</run_address>
         <size>0x8b</size>
         <input_file_ref idref="fl-2"/>
      </object_component>
      <object_component id="oc-169">
         <name>.debug_info</name>
         <load_address>0x5c63</load_address>
         <run_address>0x5c63</run_address>
         <size>0x2a4</size>
         <input_file_ref idref="fl-2"/>
      </object_component>
      <object_component id="oc-202">
         <name>.debug_info</name>
         <load_address>0x5f07</load_address>
         <run_address>0x5f07</run_address>
         <size>0xef</size>
         <input_file_ref idref="fl-2"/>
      </object_component>
      <object_component id="oc-c7">
         <name>.debug_info</name>
         <load_address>0x5ff6</load_address>
         <run_address>0x5ff6</run_address>
         <size>0xbb</size>
         <input_file_ref idref="fl-2"/>
      </object_component>
      <object_component id="oc-71">
         <name>.debug_info</name>
         <load_address>0x60b1</load_address>
         <run_address>0x60b1</run_address>
         <size>0x2f5</size>
         <input_file_ref idref="fl-3"/>
      </object_component>
      <object_component id="oc-20">
         <name>.debug_info</name>
         <load_address>0x63a6</load_address>
         <run_address>0x63a6</run_address>
         <size>0xf8</size>
         <input_file_ref idref="fl-3"/>
      </object_component>
      <object_component id="oc-65">
         <name>.debug_info</name>
         <load_address>0x649e</load_address>
         <run_address>0x649e</run_address>
         <size>0x25f</size>
         <input_file_ref idref="fl-3"/>
      </object_component>
      <object_component id="oc-2e">
         <name>.debug_info</name>
         <load_address>0x66fd</load_address>
         <run_address>0x66fd</run_address>
         <size>0x84</size>
         <input_file_ref idref="fl-3"/>
      </object_component>
      <object_component id="oc-12e">
         <name>.debug_info</name>
         <load_address>0x6781</load_address>
         <run_address>0x6781</run_address>
         <size>0xf1</size>
         <input_file_ref idref="fl-4"/>
      </object_component>
      <object_component id="oc-a6">
         <name>.debug_info</name>
         <load_address>0x6872</load_address>
         <run_address>0x6872</run_address>
         <size>0x263</size>
         <input_file_ref idref="fl-4"/>
      </object_component>
      <object_component id="oc-14a">
         <name>.debug_info</name>
         <load_address>0x6ad5</load_address>
         <run_address>0x6ad5</run_address>
         <size>0x3e6</size>
         <input_file_ref idref="fl-bf"/>
      </object_component>
      <object_component id="oc-146">
         <name>.debug_info</name>
         <load_address>0x6ebb</load_address>
         <run_address>0x6ebb</run_address>
         <size>0x158</size>
         <input_file_ref idref="fl-bf"/>
      </object_component>
      <object_component id="oc-140">
         <name>.debug_info</name>
         <load_address>0x7013</load_address>
         <run_address>0x7013</run_address>
         <size>0x167</size>
         <input_file_ref idref="fl-bf"/>
      </object_component>
      <object_component id="oc-ad">
         <name>.debug_info</name>
         <load_address>0x717a</load_address>
         <run_address>0x717a</run_address>
         <size>0x1ad</size>
         <input_file_ref idref="fl-bf"/>
      </object_component>
      <object_component id="oc-1f8">
         <name>.debug_info</name>
         <load_address>0x7327</load_address>
         <run_address>0x7327</run_address>
         <size>0xb2</size>
         <input_file_ref idref="fl-bf"/>
      </object_component>
      <object_component id="oc-1fd">
         <name>.debug_info</name>
         <load_address>0x73d9</load_address>
         <run_address>0x73d9</run_address>
         <size>0x4e</size>
         <input_file_ref idref="fl-bf"/>
      </object_component>
      <object_component id="oc-14b">
         <name>.debug_info</name>
         <load_address>0x7427</load_address>
         <run_address>0x7427</run_address>
         <size>0x2c</size>
         <input_file_ref idref="fl-bf"/>
      </object_component>
      <object_component id="oc-1cf">
         <name>.debug_info</name>
         <load_address>0x7453</load_address>
         <run_address>0x7453</run_address>
         <size>0x57c</size>
         <input_file_ref idref="fl-c0"/>
      </object_component>
      <object_component id="oc-19a">
         <name>.debug_info</name>
         <load_address>0x79cf</load_address>
         <run_address>0x79cf</run_address>
         <size>0x21f</size>
         <input_file_ref idref="fl-c0"/>
      </object_component>
      <object_component id="oc-251">
         <name>.debug_info</name>
         <load_address>0x7bee</load_address>
         <run_address>0x7bee</run_address>
         <size>0x1b4</size>
         <input_file_ref idref="fl-c0"/>
      </object_component>
      <object_component id="oc-257">
         <name>.debug_info</name>
         <load_address>0x7da2</load_address>
         <run_address>0x7da2</run_address>
         <size>0x21c</size>
         <input_file_ref idref="fl-c0"/>
      </object_component>
      <object_component id="oc-1a5">
         <name>.debug_info</name>
         <load_address>0x7fbe</load_address>
         <run_address>0x7fbe</run_address>
         <size>0x3bc</size>
         <input_file_ref idref="fl-c0"/>
      </object_component>
      <object_component id="oc-25e">
         <name>.debug_info</name>
         <load_address>0x837a</load_address>
         <run_address>0x837a</run_address>
         <size>0x306</size>
         <input_file_ref idref="fl-c0"/>
      </object_component>
      <object_component id="oc-264">
         <name>.debug_info</name>
         <load_address>0x8680</load_address>
         <run_address>0x8680</run_address>
         <size>0x216</size>
         <input_file_ref idref="fl-c0"/>
      </object_component>
      <object_component id="oc-1ab">
         <name>.debug_info</name>
         <load_address>0x8896</load_address>
         <run_address>0x8896</run_address>
         <size>0x216</size>
         <input_file_ref idref="fl-c0"/>
      </object_component>
      <object_component id="oc-1b1">
         <name>.debug_info</name>
         <load_address>0x8aac</load_address>
         <run_address>0x8aac</run_address>
         <size>0x305</size>
         <input_file_ref idref="fl-c0"/>
      </object_component>
      <object_component id="oc-1b7">
         <name>.debug_info</name>
         <load_address>0x8db1</load_address>
         <run_address>0x8db1</run_address>
         <size>0x4b1</size>
         <input_file_ref idref="fl-c0"/>
      </object_component>
      <object_component id="oc-132">
         <name>.debug_info</name>
         <load_address>0x9262</load_address>
         <run_address>0x9262</run_address>
         <size>0x5f5</size>
         <input_file_ref idref="fl-c0"/>
      </object_component>
      <object_component id="oc-1d0">
         <name>.debug_info</name>
         <load_address>0x9857</load_address>
         <run_address>0x9857</run_address>
         <size>0x86</size>
         <input_file_ref idref="fl-c0"/>
      </object_component>
      <object_component id="oc-293">
         <name>.debug_info</name>
         <load_address>0x98dd</load_address>
         <run_address>0x98dd</run_address>
         <size>0x39</size>
         <input_file_ref idref="fl-c0"/>
      </object_component>
      <object_component id="oc-301">
         <name>.debug_info</name>
         <load_address>0x9916</load_address>
         <run_address>0x9916</run_address>
         <size>0xb6</size>
         <input_file_ref idref="fl-c0"/>
      </object_component>
      <object_component id="oc-298">
         <name>.debug_info</name>
         <load_address>0x99cc</load_address>
         <run_address>0x99cc</run_address>
         <size>0x46</size>
         <input_file_ref idref="fl-c0"/>
      </object_component>
      <object_component id="oc-1d5">
         <name>.debug_info</name>
         <load_address>0x9a12</load_address>
         <run_address>0x9a12</run_address>
         <size>0x46</size>
         <input_file_ref idref="fl-c0"/>
      </object_component>
      <object_component id="oc-28e">
         <name>.debug_info</name>
         <load_address>0x9a58</load_address>
         <run_address>0x9a58</run_address>
         <size>0x2c</size>
         <input_file_ref idref="fl-c0"/>
      </object_component>
      <object_component id="oc-2bd">
         <name>.debug_info</name>
         <load_address>0x9a84</load_address>
         <run_address>0x9a84</run_address>
         <size>0x384</size>
         <input_file_ref idref="fl-c1"/>
      </object_component>
      <object_component id="oc-1f1">
         <name>.debug_info</name>
         <load_address>0x9e08</load_address>
         <run_address>0x9e08</run_address>
         <size>0x1eb</size>
         <input_file_ref idref="fl-c1"/>
      </object_component>
      <object_component id="oc-2bb">
         <name>.debug_info</name>
         <load_address>0x9ff3</load_address>
         <run_address>0x9ff3</run_address>
         <size>0x3fd</size>
         <input_file_ref idref="fl-c2"/>
      </object_component>
      <object_component id="oc-1eb">
         <name>.debug_info</name>
         <load_address>0xa3f0</load_address>
         <run_address>0xa3f0</run_address>
         <size>0x2e3</size>
         <input_file_ref idref="fl-c2"/>
      </object_component>
      <object_component id="oc-e6">
         <name>.debug_info</name>
         <load_address>0xa6d3</load_address>
         <run_address>0xa6d3</run_address>
         <size>0x2c</size>
         <input_file_ref idref="fl-c2"/>
      </object_component>
      <object_component id="oc-313">
         <name>.debug_info</name>
         <load_address>0xa6ff</load_address>
         <run_address>0xa6ff</run_address>
         <size>0x301</size>
         <input_file_ref idref="fl-c3"/>
      </object_component>
      <object_component id="oc-2a5">
         <name>.debug_info</name>
         <load_address>0xaa00</load_address>
         <run_address>0xaa00</run_address>
         <size>0x19d</size>
         <input_file_ref idref="fl-c3"/>
      </object_component>
      <object_component id="oc-34e">
         <name>.debug_info</name>
         <load_address>0xab9d</load_address>
         <run_address>0xab9d</run_address>
         <size>0xbf</size>
         <input_file_ref idref="fl-c3"/>
      </object_component>
      <object_component id="oc-34d">
         <name>.debug_info</name>
         <load_address>0xac5c</load_address>
         <run_address>0xac5c</run_address>
         <size>0x375</size>
         <input_file_ref idref="fl-c4"/>
      </object_component>
      <object_component id="oc-30e">
         <name>.debug_info</name>
         <load_address>0xafd1</load_address>
         <run_address>0xafd1</run_address>
         <size>0x20c</size>
         <input_file_ref idref="fl-c4"/>
      </object_component>
      <object_component id="oc-2e4">
         <name>.debug_info</name>
         <load_address>0xb1dd</load_address>
         <run_address>0xb1dd</run_address>
         <size>0x296</size>
         <input_file_ref idref="fl-c5"/>
      </object_component>
      <object_component id="oc-26e">
         <name>.debug_info</name>
         <load_address>0xb473</load_address>
         <run_address>0xb473</run_address>
         <size>0x196</size>
         <input_file_ref idref="fl-c5"/>
      </object_component>
      <object_component id="oc-328">
         <name>.debug_info</name>
         <load_address>0xb609</load_address>
         <run_address>0xb609</run_address>
         <size>0x39</size>
         <input_file_ref idref="fl-c5"/>
      </object_component>
      <object_component id="oc-2e5">
         <name>.debug_info</name>
         <load_address>0xb642</load_address>
         <run_address>0xb642</run_address>
         <size>0x2c</size>
         <input_file_ref idref="fl-c5"/>
      </object_component>
      <object_component id="oc-2f1">
         <name>.debug_info</name>
         <load_address>0xb66e</load_address>
         <run_address>0xb66e</run_address>
         <size>0x2f9</size>
         <input_file_ref idref="fl-c6"/>
      </object_component>
      <object_component id="oc-272">
         <name>.debug_info</name>
         <load_address>0xb967</load_address>
         <run_address>0xb967</run_address>
         <size>0x226</size>
         <input_file_ref idref="fl-c6"/>
      </object_component>
      <object_component id="oc-286">
         <name>.debug_info</name>
         <load_address>0xbb8d</load_address>
         <run_address>0xbb8d</run_address>
         <size>0x290</size>
         <input_file_ref idref="fl-c7"/>
      </object_component>
      <object_component id="oc-1c4">
         <name>.debug_info</name>
         <load_address>0xbe1d</load_address>
         <run_address>0xbe1d</run_address>
         <size>0x15b</size>
         <input_file_ref idref="fl-c7"/>
      </object_component>
      <object_component id="oc-2f6">
         <name>.debug_info</name>
         <load_address>0xbf78</load_address>
         <run_address>0xbf78</run_address>
         <size>0x46</size>
         <input_file_ref idref="fl-c7"/>
      </object_component>
      <object_component id="oc-281">
         <name>.debug_info</name>
         <load_address>0xbfbe</load_address>
         <run_address>0xbfbe</run_address>
         <size>0x39</size>
         <input_file_ref idref="fl-c7"/>
      </object_component>
      <object_component id="oc-2ec">
         <name>.debug_info</name>
         <load_address>0xbff7</load_address>
         <run_address>0xbff7</run_address>
         <size>0x162</size>
         <input_file_ref idref="fl-c8"/>
      </object_component>
      <object_component id="oc-8f">
         <name>.debug_info</name>
         <load_address>0xc159</load_address>
         <run_address>0xc159</run_address>
         <size>0x148</size>
         <input_file_ref idref="fl-c9"/>
      </object_component>
      <object_component id="oc-227">
         <name>.debug_info</name>
         <load_address>0xc2a1</load_address>
         <run_address>0xc2a1</run_address>
         <size>0x135</size>
         <input_file_ref idref="fl-ca"/>
      </object_component>
      <object_component id="oc-24c">
         <name>.debug_info</name>
         <load_address>0xc3d6</load_address>
         <run_address>0xc3d6</run_address>
         <size>0x14d</size>
         <input_file_ref idref="fl-cb"/>
      </object_component>
      <object_component id="oc-1a1">
         <name>.debug_info</name>
         <load_address>0xc523</load_address>
         <run_address>0xc523</run_address>
         <size>0x129</size>
         <input_file_ref idref="fl-cc"/>
      </object_component>
      <object_component id="oc-237">
         <name>.debug_info</name>
         <load_address>0xc64c</load_address>
         <run_address>0xc64c</run_address>
         <size>0x12b</size>
         <input_file_ref idref="fl-cc"/>
      </object_component>
      <object_component id="oc-232">
         <name>.debug_info</name>
         <load_address>0xc777</load_address>
         <run_address>0xc777</run_address>
         <size>0x13b</size>
         <input_file_ref idref="fl-cd"/>
      </object_component>
      <object_component id="oc-22d">
         <name>.debug_info</name>
         <load_address>0xc8b2</load_address>
         <run_address>0xc8b2</run_address>
         <size>0x13b</size>
         <input_file_ref idref="fl-ce"/>
      </object_component>
      <object_component id="oc-23e">
         <name>.debug_info</name>
         <load_address>0xc9ed</load_address>
         <run_address>0xc9ed</run_address>
         <size>0x12f</size>
         <input_file_ref idref="fl-cf"/>
      </object_component>
      <object_component id="oc-249">
         <name>.debug_info</name>
         <load_address>0xcb1c</load_address>
         <run_address>0xcb1c</run_address>
         <size>0x12d</size>
         <input_file_ref idref="fl-d0"/>
      </object_component>
      <object_component id="oc-34">
         <name>.debug_info</name>
         <load_address>0xcc49</load_address>
         <run_address>0xcc49</run_address>
         <size>0x11a</size>
         <input_file_ref idref="fl-d1"/>
      </object_component>
      <object_component id="oc-8c">
         <name>.debug_info</name>
         <load_address>0xcd63</load_address>
         <run_address>0xcd63</run_address>
         <size>0x2d5</size>
         <input_file_ref idref="fl-d2"/>
      </object_component>
      <object_component id="oc-40">
         <name>.debug_info</name>
         <load_address>0xd038</load_address>
         <run_address>0xd038</run_address>
         <size>0x1d3</size>
         <input_file_ref idref="fl-d2"/>
      </object_component>
      <object_component id="oc-87">
         <name>.debug_info</name>
         <load_address>0xd20b</load_address>
         <run_address>0xd20b</run_address>
         <size>0x46</size>
         <input_file_ref idref="fl-d2"/>
      </object_component>
      <object_component id="oc-3e">
         <name>.debug_info</name>
         <load_address>0xd251</load_address>
         <run_address>0xd251</run_address>
         <size>0x2a9</size>
         <input_file_ref idref="fl-d3"/>
      </object_component>
      <object_component id="oc-1a">
         <name>.debug_info</name>
         <load_address>0xd4fa</load_address>
         <run_address>0xd4fa</run_address>
         <size>0x1eb</size>
         <input_file_ref idref="fl-d3"/>
      </object_component>
      <object_component id="oc-39">
         <name>.debug_info</name>
         <load_address>0xd6e5</load_address>
         <run_address>0xd6e5</run_address>
         <size>0x46</size>
         <input_file_ref idref="fl-d3"/>
      </object_component>
      <object_component id="oc-7f">
         <name>.debug_info</name>
         <load_address>0xd72b</load_address>
         <run_address>0xd72b</run_address>
         <size>0x2c</size>
         <input_file_ref idref="fl-d3"/>
      </object_component>
      <object_component id="oc-7d">
         <name>.debug_info</name>
         <load_address>0xd757</load_address>
         <run_address>0xd757</run_address>
         <size>0x29f</size>
         <input_file_ref idref="fl-d4"/>
      </object_component>
      <object_component id="oc-13">
         <name>.debug_info</name>
         <load_address>0xd9f6</load_address>
         <run_address>0xd9f6</run_address>
         <size>0x251</size>
         <input_file_ref idref="fl-d4"/>
      </object_component>
      <object_component id="oc-29">
         <name>.debug_info</name>
         <load_address>0xdc47</load_address>
         <run_address>0xdc47</run_address>
         <size>0x60</size>
         <input_file_ref idref="fl-d4"/>
      </object_component>
      <object_component id="oc-df">
         <name>.debug_info</name>
         <load_address>0xdca7</load_address>
         <run_address>0xdca7</run_address>
         <size>0x46</size>
         <input_file_ref idref="fl-d4"/>
      </object_component>
      <object_component id="oc-78">
         <name>.debug_info</name>
         <load_address>0xdced</load_address>
         <run_address>0xdced</run_address>
         <size>0x39</size>
         <input_file_ref idref="fl-d4"/>
      </object_component>
      <object_component id="oc-173">
         <name>.debug_info</name>
         <load_address>0xdd26</load_address>
         <run_address>0xdd26</run_address>
         <size>0x3ae</size>
         <input_file_ref idref="fl-d5"/>
      </object_component>
      <object_component id="oc-170">
         <name>.debug_info</name>
         <load_address>0xe0d4</load_address>
         <run_address>0xe0d4</run_address>
         <size>0x191</size>
         <input_file_ref idref="fl-d5"/>
      </object_component>
      <object_component id="oc-f1">
         <name>.debug_info</name>
         <load_address>0xe265</load_address>
         <run_address>0xe265</run_address>
         <size>0x123</size>
         <input_file_ref idref="fl-d5"/>
      </object_component>
      <object_component id="oc-f9">
         <name>.debug_info</name>
         <load_address>0xe388</load_address>
         <run_address>0xe388</run_address>
         <size>0x185</size>
         <input_file_ref idref="fl-d5"/>
      </object_component>
      <object_component id="oc-1e2">
         <name>.debug_info</name>
         <load_address>0xe50d</load_address>
         <run_address>0xe50d</run_address>
         <size>0x2ca</size>
         <input_file_ref idref="fl-d6"/>
      </object_component>
      <object_component id="oc-138">
         <name>.debug_info</name>
         <load_address>0xe7d7</load_address>
         <run_address>0xe7d7</run_address>
         <size>0x11f</size>
         <input_file_ref idref="fl-d6"/>
      </object_component>
      <object_component id="oc-1dd">
         <name>.debug_info</name>
         <load_address>0xe8f6</load_address>
         <run_address>0xe8f6</run_address>
         <size>0x12f</size>
         <input_file_ref idref="fl-d6"/>
      </object_component>
      <object_component id="oc-224">
         <name>.debug_info</name>
         <load_address>0xea25</load_address>
         <run_address>0xea25</run_address>
         <size>0x2ba</size>
         <input_file_ref idref="fl-d7"/>
      </object_component>
      <object_component id="oc-196">
         <name>.debug_info</name>
         <load_address>0xecdf</load_address>
         <run_address>0xecdf</run_address>
         <size>0x17d</size>
         <input_file_ref idref="fl-d7"/>
      </object_component>
      <object_component id="oc-2ce">
         <name>.debug_info</name>
         <load_address>0xee5c</load_address>
         <run_address>0xee5c</run_address>
         <size>0xfa</size>
         <input_file_ref idref="fl-d8"/>
      </object_component>
      <object_component id="oc-221">
         <name>.debug_info</name>
         <load_address>0xef56</load_address>
         <run_address>0xef56</run_address>
         <size>0x106</size>
         <input_file_ref idref="fl-d8"/>
      </object_component>
      <object_component id="oc-1e6">
         <name>.debug_info</name>
         <load_address>0xf05c</load_address>
         <run_address>0xf05c</run_address>
         <size>0x145</size>
         <input_file_ref idref="fl-d9"/>
      </object_component>
      <object_component id="oc-13b">
         <name>.debug_info</name>
         <load_address>0xf1a1</load_address>
         <run_address>0xf1a1</run_address>
         <size>0x103</size>
         <input_file_ref idref="fl-d9"/>
      </object_component>
      <object_component id="oc-38a">
         <name>.debug_info</name>
         <load_address>0xf2a4</load_address>
         <run_address>0xf2a4</run_address>
         <size>0x190</size>
         <input_file_ref idref="fl-d9"/>
      </object_component>
      <object_component id="oc-2dc">
         <name>.debug_info</name>
         <load_address>0xf434</load_address>
         <run_address>0xf434</run_address>
         <size>0x29c</size>
         <input_file_ref idref="fl-da"/>
      </object_component>
      <object_component id="oc-244">
         <name>.debug_info</name>
         <load_address>0xf6d0</load_address>
         <run_address>0xf6d0</run_address>
         <size>0x1ce</size>
         <input_file_ref idref="fl-da"/>
      </object_component>
      <object_component id="oc-27f">
         <name>.debug_info</name>
         <load_address>0xf89e</load_address>
         <run_address>0xf89e</run_address>
         <size>0x297</size>
         <input_file_ref idref="fl-db"/>
      </object_component>
      <object_component id="oc-1bd">
         <name>.debug_info</name>
         <load_address>0xfb35</load_address>
         <run_address>0xfb35</run_address>
         <size>0x1b7</size>
         <input_file_ref idref="fl-db"/>
      </object_component>
      <object_component id="oc-315">
         <name>.debug_info</name>
         <load_address>0xfcec</load_address>
         <run_address>0xfcec</run_address>
         <size>0x2a6</size>
         <input_file_ref idref="fl-dc"/>
      </object_component>
      <object_component id="oc-2ac">
         <name>.debug_info</name>
         <load_address>0xff92</load_address>
         <run_address>0xff92</run_address>
         <size>0x25e</size>
         <input_file_ref idref="fl-dc"/>
      </object_component>
      <object_component id="oc-74">
         <name>.debug_info</name>
         <load_address>0x101f0</load_address>
         <run_address>0x101f0</run_address>
         <size>0x3b3</size>
         <input_file_ref idref="fl-dd"/>
      </object_component>
      <object_component id="oc-23">
         <name>.debug_info</name>
         <load_address>0x105a3</load_address>
         <run_address>0x105a3</run_address>
         <size>0x10d</size>
         <input_file_ref idref="fl-dd"/>
      </object_component>
      <object_component id="oc-3c0">
         <name>.debug_info</name>
         <load_address>0x106b0</load_address>
         <run_address>0x106b0</run_address>
         <size>0x140</size>
         <input_file_ref idref="fl-dd"/>
      </object_component>
      <object_component id="oc-341">
         <name>.debug_info</name>
         <load_address>0x107f0</load_address>
         <run_address>0x107f0</run_address>
         <size>0x169</size>
         <input_file_ref idref="fl-dd"/>
      </object_component>
      <object_component id="oc-370">
         <name>.debug_info</name>
         <load_address>0x10959</load_address>
         <run_address>0x10959</run_address>
         <size>0x18f</size>
         <input_file_ref idref="fl-dd"/>
      </object_component>
      <object_component id="oc-376">
         <name>.debug_info</name>
         <load_address>0x10ae8</load_address>
         <run_address>0x10ae8</run_address>
         <size>0x1a0</size>
         <input_file_ref idref="fl-dd"/>
      </object_component>
      <object_component id="oc-33c">
         <name>.debug_info</name>
         <load_address>0x10c88</load_address>
         <run_address>0x10c88</run_address>
         <size>0x204</size>
         <input_file_ref idref="fl-dd"/>
      </object_component>
      <object_component id="oc-3c5">
         <name>.debug_info</name>
         <load_address>0x10e8c</load_address>
         <run_address>0x10e8c</run_address>
         <size>0x1dc</size>
         <input_file_ref idref="fl-dd"/>
      </object_component>
      <object_component id="oc-37e">
         <name>.debug_info</name>
         <load_address>0x11068</load_address>
         <run_address>0x11068</run_address>
         <size>0x29a</size>
         <input_file_ref idref="fl-dd"/>
      </object_component>
      <object_component id="oc-da">
         <name>.debug_info</name>
         <load_address>0x11302</load_address>
         <run_address>0x11302</run_address>
         <size>0xb2</size>
         <input_file_ref idref="fl-dd"/>
      </object_component>
      <object_component id="oc-d5">
         <name>.debug_info</name>
         <load_address>0x113b4</load_address>
         <run_address>0x113b4</run_address>
         <size>0x2c</size>
         <input_file_ref idref="fl-dd"/>
      </object_component>
      <object_component id="oc-2f3">
         <name>.debug_info</name>
         <load_address>0x113e0</load_address>
         <run_address>0x113e0</run_address>
         <size>0x29b</size>
         <input_file_ref idref="fl-de"/>
      </object_component>
      <object_component id="oc-279">
         <name>.debug_info</name>
         <load_address>0x1167b</load_address>
         <run_address>0x1167b</run_address>
         <size>0x263</size>
         <input_file_ref idref="fl-de"/>
      </object_component>
      <object_component id="oc-21f">
         <name>.debug_info</name>
         <load_address>0x118de</load_address>
         <run_address>0x118de</run_address>
         <size>0x290</size>
         <input_file_ref idref="fl-df"/>
      </object_component>
      <object_component id="oc-18e">
         <name>.debug_info</name>
         <load_address>0x11b6e</load_address>
         <run_address>0x11b6e</run_address>
         <size>0x246</size>
         <input_file_ref idref="fl-df"/>
      </object_component>
      <object_component id="oc-31c">
         <name>.debug_info</name>
         <load_address>0x11db4</load_address>
         <run_address>0x11db4</run_address>
         <size>0x398</size>
         <input_file_ref idref="fl-e0"/>
      </object_component>
      <object_component id="oc-2b6">
         <name>.debug_info</name>
         <load_address>0x1214c</load_address>
         <run_address>0x1214c</run_address>
         <size>0x190</size>
         <input_file_ref idref="fl-e0"/>
      </object_component>
      <object_component id="oc-361">
         <name>.debug_info</name>
         <load_address>0x122dc</load_address>
         <run_address>0x122dc</run_address>
         <size>0x120</size>
         <input_file_ref idref="fl-e0"/>
      </object_component>
      <object_component id="oc-366">
         <name>.debug_info</name>
         <load_address>0x123fc</load_address>
         <run_address>0x123fc</run_address>
         <size>0x2c</size>
         <input_file_ref idref="fl-e0"/>
      </object_component>
      <object_component id="oc-35e">
         <name>.debug_info</name>
         <load_address>0x12428</load_address>
         <run_address>0x12428</run_address>
         <size>0x338</size>
         <input_file_ref idref="fl-e1"/>
      </object_component>
      <object_component id="oc-35a">
         <name>.debug_info</name>
         <load_address>0x12760</load_address>
         <run_address>0x12760</run_address>
         <size>0x10a</size>
         <input_file_ref idref="fl-e1"/>
      </object_component>
      <object_component id="oc-319">
         <name>.debug_info</name>
         <load_address>0x1286a</load_address>
         <run_address>0x1286a</run_address>
         <size>0x10a</size>
         <input_file_ref idref="fl-e1"/>
      </object_component>
      <object_component id="oc-28b">
         <name>.debug_info</name>
         <load_address>0x12974</load_address>
         <run_address>0x12974</run_address>
         <size>0x28a</size>
         <input_file_ref idref="fl-e2"/>
      </object_component>
      <object_component id="oc-288">
         <name>.debug_info</name>
         <load_address>0x12bfe</load_address>
         <run_address>0x12bfe</run_address>
         <size>0x10f</size>
         <input_file_ref idref="fl-e2"/>
      </object_component>
      <object_component id="oc-1c9">
         <name>.debug_info</name>
         <load_address>0x12d0d</load_address>
         <run_address>0x12d0d</run_address>
         <size>0x14f</size>
         <input_file_ref idref="fl-e2"/>
      </object_component>
      <object_component id="oc-26">
         <name>.debug_info</name>
         <load_address>0x12e5c</load_address>
         <run_address>0x12e5c</run_address>
         <size>0x10c</size>
         <input_file_ref idref="fl-e3"/>
      </object_component>
      <object_component id="oc-52">
         <name>.debug_info</name>
         <load_address>0x12f68</load_address>
         <run_address>0x12f68</run_address>
         <size>0x1aa</size>
         <input_file_ref idref="fl-e3"/>
      </object_component>
      <object_component id="oc-317">
         <name>.debug_info</name>
         <load_address>0x13112</load_address>
         <run_address>0x13112</run_address>
         <size>0x348</size>
         <input_file_ref idref="fl-e4"/>
      </object_component>
      <object_component id="oc-2af">
         <name>.debug_info</name>
         <load_address>0x1345a</load_address>
         <run_address>0x1345a</run_address>
         <size>0x18b</size>
         <input_file_ref idref="fl-e4"/>
      </object_component>
      <object_component id="oc-348">
         <name>.debug_info</name>
         <load_address>0x135e5</load_address>
         <run_address>0x135e5</run_address>
         <size>0x177</size>
         <input_file_ref idref="fl-e5"/>
      </object_component>
      <object_component id="oc-339">
         <name>.debug_info</name>
         <load_address>0x1375c</load_address>
         <run_address>0x1375c</run_address>
         <size>0x325</size>
         <input_file_ref idref="fl-e6"/>
      </object_component>
      <object_component id="oc-308">
         <name>.debug_info</name>
         <load_address>0x13a81</load_address>
         <run_address>0x13a81</run_address>
         <size>0x1ed</size>
         <input_file_ref idref="fl-e6"/>
      </object_component>
      <object_component id="oc-2d2">
         <name>.debug_info</name>
         <load_address>0x13c6e</load_address>
         <run_address>0x13c6e</run_address>
         <size>0x116</size>
         <input_file_ref idref="fl-e7"/>
      </object_component>
      <object_component id="oc-176">
         <name>.debug_info</name>
         <load_address>0x13d84</load_address>
         <run_address>0x13d84</run_address>
         <size>0x4b4</size>
         <input_file_ref idref="fl-e8"/>
      </object_component>
      <object_component id="oc-fd">
         <name>.debug_info</name>
         <load_address>0x14238</load_address>
         <run_address>0x14238</run_address>
         <size>0x1a7</size>
         <input_file_ref idref="fl-e8"/>
      </object_component>
      <object_component id="oc-20d">
[...]
      </handler>
      <handler>
         <index>0x2</index>
         <name>__TI_zero_init</name>
      </handler>
   </handler_table>
   <symbol_table>
      <symbol id="sm-1">
         <name>WDTCTL_SYM</name>
         <value>0x4000480c</value>
      </symbol>
      <symbol id="sm-2">
         <name>__TI_CINIT_Base</name>
         <value>0x32d0</value>
      </symbol>
      <symbol id="sm-3">
         <name>__TI_CINIT_Limit</name>
         <value>0x32e0</value>
      </symbol>
      <symbol id="sm-4">
         <name>__TI_Handler_Table_Base</name>
         <value>0x32b8</value>
      </symbol>
      <symbol id="sm-5">
         <name>__TI_Handler_Table_Limit</name>
         <value>0x32c4</value>
      </symbol>
      <symbol id="sm-6">
         <name>binit</name>
         <value>0xffffffff</value>
      </symbol>
      <symbol id="sm-7">
         <name>__binit__</name>
         <value>0xffffffff</value>
      </symbol>
      <symbol id="sm-8">
         <name>__STACK_SIZE</name>
         <value>0x200</value>
      </symbol>
      <symbol id="sm-9">
         <name>__STACK_END</name>
         <value>0x20010000</value>
      </symbol>
      <symbol id="sm-a">
         <name>__SYSMEM_SIZE</name>
         <value>0x800</value>
      </symbol>
      <symbol id="sm-b">
         <name>__c_args__</name>
         <value>0xffffffff</value>
      </symbol>
      <symbol id="sm-c">
         <name>__TI_pprof_out_hndl</name>
         <value>0xffffffff</value>
      </symbol>
      <symbol id="sm-d">
         <name>__TI_prof_data_start</name>
         <value>0xffffffff</value>
      </symbol>
      <symbol id="sm-e">
         <name>__TI_prof_data_size</name>
         <value>0xffffffff</value>
      </symbol>
      <symbol id="sm-8a">
         <name>dist</name>
         <value>0x20000bb8</value>
      </symbol>
      <symbol id="sm-8b">
         <name>CCR1Config</name>
         <value>0x3218</value>
         <object_component_ref idref="oc-b2"/>
      </symbol>
      <symbol id="sm-8c">
         <name>continuousModeConfig</name>
         <value>0x3238</value>
         <object_component_ref idref="oc-b5"/>
      </symbol>
      <symbol id="sm-8d">
         <name>Initalise_HCSR04</name>
         <value>0xeb9</value>
         <object_component_ref idref="oc-69"/>
      </symbol>
      <symbol id="sm-8e">
         <name>selectSensor</name>
         <value>0x1025</value>
         <object_component_ref idref="oc-69"/>
      </symbol>
      <symbol id="sm-8f">
         <name>start_pulse</name>
         <value>0x200009ec</value>
         <object_component_ref idref="oc-bb"/>
      </symbol>
      <symbol id="sm-90">
         <name>main</name>
         <value>0xfe7</value>
         <object_component_ref idref="oc-69"/>
      </symbol>
      <symbol id="sm-91">
         <name>CCR2Config</name>
         <value>0x3228</value>
         <object_component_ref idref="oc-b8"/>
      </symbol>
      <symbol id="sm-92">
         <name>PORT3_IRQHandler</name>
         <value>0x10df</value>
         <object_component_ref idref="oc-69"/>
      </symbol>
      <symbol id="sm-b4">
         <name>interruptVectors</name>
         <value>0x0</value>
         <object_component_ref idref="oc-1f"/>
      </symbol>
      <symbol id="sm-fb">
         <name>SystemInit</name>
         <value>0xe05</value>
         <object_component_ref idref="oc-a5"/>
      </symbol>
      <symbol id="sm-fc">
         <name>SystemCoreClockUpdate</name>
         <value>0xb91</value>
         <object_component_ref idref="oc-a5"/>
      </symbol>
      <symbol id="sm-fd">
         <name>SystemCoreClock</name>
         <value>0x200009e8</value>
         <object_component_ref idref="oc-12d"/>
      </symbol>
      <symbol id="sm-133">
         <name>printf</name>
         <value>0x2759</value>
         <object_component_ref idref="oc-ac"/>
      </symbol>
      <symbol id="sm-29d">
         <name>__TI_printfi</name>
         <value>0x141</value>
         <object_component_ref idref="oc-131"/>
      </symbol>
      <symbol id="sm-2b2">
         <name>putc</name>
         <value>0x22b5</value>
         <object_component_ref idref="oc-1ef"/>
      </symbol>
      <symbol id="sm-2b3">
         <name>fputc</name>
         <value>0x22b5</value>
         <object_component_ref idref="oc-1ef"/>
      </symbol>
      <symbol id="sm-2d6">
         <name>fputs</name>
         <value>0x1bf1</value>
         <object_component_ref idref="oc-1e8"/>
      </symbol>
      <symbol id="sm-2ee">
         <name>__TI_wrt_ok</name>
         <value>0x2889</value>
         <object_component_ref idref="oc-2a2"/>
      </symbol>
      <symbol id="sm-30a">
         <name>setvbuf</name>
         <value>0x1ff5</value>
         <object_component_ref idref="oc-30c"/>
      </symbol>
      <symbol id="sm-32a">
         <name>frexpl</name>
         <value>0x27c1</value>
         <object_component_ref idref="oc-26b"/>
      </symbol>
      <symbol id="sm-32b">
         <name>frexp</name>
         <value>0x27c1</value>
         <object_component_ref idref="oc-26b"/>
      </symbol>
      <symbol id="sm-348">
         <name>scalbn</name>
         <value>0x1d05</value>
         <object_component_ref idref="oc-271"/>
      </symbol>
      <symbol id="sm-349">
         <name>scalbnl</name>
         <value>0x1d05</value>
         <object_component_ref idref="oc-271"/>
      </symbol>
      <symbol id="sm-34a">
         <name>ldexpl</name>
         <value>0x1d05</value>
         <object_component_ref idref="oc-271"/>
      </symbol>
      <symbol id="sm-34b">
         <name>ldexp</name>
         <value>0x1d05</value>
         <object_component_ref idref="oc-271"/>
      </symbol>
      <symbol id="sm-364">
         <name>wcslen</name>
         <value>0x30d3</value>
         <object_component_ref idref="oc-1c2"/>
      </symbol>
      <symbol id="sm-36e">
         <name>copysign</name>
         <value>0x3051</value>
         <object_component_ref idref="oc-2ea"/>
      </symbol>
      <symbol id="sm-36f">
         <name>copysignl</name>
         <value>0x3051</value>
         <object_component_ref idref="oc-2ea"/>
      </symbol>
      <symbol id="sm-37e">
         <name>__aeabi_memset</name>
         <value>0x244f</value>
         <object_component_ref idref="oc-8d"/>
      </symbol>
      <symbol id="sm-37f">
         <name>memset</name>
         <value>0x2455</value>
         <object_component_ref idref="oc-8d"/>
      </symbol>
      <symbol id="sm-380">
         <name>__aeabi_memset8</name>
         <value>0x244f</value>
         <object_component_ref idref="oc-8d"/>
      </symbol>
      <symbol id="sm-381">
         <name>__aeabi_memset4</name>
         <value>0x244f</value>
         <object_component_ref idref="oc-8d"/>
      </symbol>
      <symbol id="sm-382">
         <name>__aeabi_memclr8</name>
         <value>0x244d</value>
         <object_component_ref idref="oc-8d"/>
      </symbol>
      <symbol id="sm-383">
         <name>__aeabi_memclr4</name>
         <value>0x244d</value>
         <object_component_ref idref="oc-8d"/>
      </symbol>
      <symbol id="sm-384">
         <name>__aeabi_memclr</name>
         <value>0x244d</value>
         <object_component_ref idref="oc-8d"/>
      </symbol>
      <symbol id="sm-391">
         <name>__aeabi_uldivmod</name>
         <value>0x221f</value>
         <object_component_ref idref="oc-225"/>
      </symbol>
      <symbol id="sm-3a8">
         <name>__aeabi_dsub</name>
         <value>0x1589</value>
         <object_component_ref idref="oc-24b"/>
      </symbol>
      <symbol id="sm-3a9">
         <name>__aeabi_dadd</name>
         <value>0x1593</value>
         <object_component_ref idref="oc-24b"/>
      </symbol>
      <symbol id="sm-3cb">
         <name>__aeabi_cdcmpeq</name>
         <value>0x2341</value>
         <object_component_ref idref="oc-19f"/>
      </symbol>
      <symbol id="sm-3cc">
         <name>__aeabi_cdcmple</name>
         <value>0x2341</value>
         <object_component_ref idref="oc-19f"/>
      </symbol>
      <symbol id="sm-3cd">
         <name>__aeabi_cdrcmple</name>
         <value>0x23c7</value>
         <object_component_ref idref="oc-236"/>
      </symbol>
      <symbol id="sm-3e1">
         <name>__aeabi_ddiv</name>
         <value>0x187d</value>
         <object_component_ref idref="oc-231"/>
      </symbol>
      <symbol id="sm-3ec">
         <name>__aeabi_dmul</name>
         <value>0x1e15</value>
         <object_component_ref idref="oc-22c"/>
      </symbol>
      <symbol id="sm-3f6">
         <name>__aeabi_d2iz</name>
         <value>0x2c35</value>
         <object_component_ref idref="oc-23b"/>
      </symbol>
      <symbol id="sm-400">
         <name>__aeabi_i2d</name>
         <value>0x2f09</value>
         <object_component_ref idref="oc-246"/>
      </symbol>
      <symbol id="sm-41b">
         <name>memcpy</name>
         <value>0x2183</value>
         <object_component_ref idref="oc-33"/>
      </symbol>
      <symbol id="sm-41c">
         <name>__aeabi_memcpy</name>
         <value>0x2183</value>
         <object_component_ref idref="oc-33"/>
      </symbol>
      <symbol id="sm-41d">
         <name>__aeabi_memcpy8</name>
         <value>0x2183</value>
         <object_component_ref idref="oc-33"/>
      </symbol>
      <symbol id="sm-41e">
         <name>__aeabi_memcpy4</name>
         <value>0x2183</value>
         <object_component_ref idref="oc-33"/>
      </symbol>
      <symbol id="sm-432">
         <name>__TI_zero_init_nomemset</name>
         <value>0x2ffd</value>
         <object_component_ref idref="oc-3f"/>
      </symbol>
      <symbol id="sm-449">
         <name>__TI_decompress_none</name>
         <value>0x30e5</value>
         <object_component_ref idref="oc-16"/>
      </symbol>
      <symbol id="sm-46c">
         <name>__TI_decompress_lzss</name>
         <value>0x26f1</value>
         <object_component_ref idref="oc-10"/>
      </symbol>
      <symbol id="sm-492">
         <name>C$$EXIT</name>
         <value>0x3111</value>
         <object_component_ref idref="oc-ef"/>
      </symbol>
      <symbol id="sm-493">
         <name>abort</name>
         <value>0x3111</value>
         <object_component_ref idref="oc-ef"/>
      </symbol>
      <symbol id="sm-494">
         <name>__TI_dtors_ptr</name>
         <value>0x200009cc</value>
         <object_component_ref idref="oc-16f"/>
      </symbol>
      <symbol id="sm-495">
         <name>__TI_cleanup_ptr</name>
         <value>0x200009c8</value>
         <object_component_ref idref="oc-16f"/>
      </symbol>
      <symbol id="sm-496">
         <name>__TI_enable_exit_profile_output</name>
         <value>0x200009d0</value>
         <object_component_ref idref="oc-16f"/>
      </symbol>
      <symbol id="sm-497">
         <name>exit</name>
         <value>0x2bed</value>
         <object_component_ref idref="oc-f5"/>
      </symbol>
      <symbol id="sm-4ac">
         <name>_nop</name>
         <value>0xb8f</value>
         <object_component_ref idref="oc-1da"/>
      </symbol>
      <symbol id="sm-4ad">
         <name>_lock</name>
         <value>0x200009d4</value>
         <object_component_ref idref="oc-137"/>
      </symbol>
      <symbol id="sm-4ae">
         <name>_unlock</name>
         <value>0x200009d8</value>
         <object_component_ref idref="oc-137"/>
      </symbol>
      <symbol id="sm-4c4">
         <name>atoi</name>
         <value>0x2ba1</value>
         <object_component_ref idref="oc-193"/>
      </symbol>
      <symbol id="sm-4cf">
         <name>_ctypes_</name>
         <value>0x3114</value>
         <object_component_ref idref="oc-220"/>
      </symbol>
      <symbol id="sm-4e4">
         <name>__TI_tmpnams</name>
         <value>0x20000b10</value>
      </symbol>
      <symbol id="sm-4e5">
         <name>__aeabi_stdout</name>
         <value>0x200009c0</value>
         <object_component_ref idref="oc-389"/>
      </symbol>
      <symbol id="sm-4e6">
         <name>__aeabi_stderr</name>
         <value>0x200009c4</value>
         <object_component_ref idref="oc-389"/>
      </symbol>
      <symbol id="sm-4e7">
         <name>__aeabi_stdin</name>
         <value>0x200009bc</value>
         <object_component_ref idref="oc-389"/>
      </symbol>
      <symbol id="sm-4e8">
         <name>_ftable</name>
         <value>0x20000800</value>
         <object_component_ref idref="oc-13a"/>
      </symbol>
      <symbol id="sm-4e9">
         <name>__TI_ft_end</name>
         <value>0x200009b8</value>
         <object_component_ref idref="oc-389"/>
      </symbol>
      <symbol id="sm-4f8">
         <name>ltoa</name>
         <value>0x2aaf</value>
         <object_component_ref idref="oc-240"/>
      </symbol>
      <symbol id="sm-508">
         <name>memccpy</name>
         <value>0x3035</value>
         <object_component_ref idref="oc-1bc"/>
      </symbol>
      <symbol id="sm-518">
         <name>memchr</name>
         <value>0x2fdd</value>
         <object_component_ref idref="oc-2a8"/>
      </symbol>
      <symbol id="sm-5a1">
         <name>_sys_memory</name>
         <value>0x20000000</value>
         <object_component_ref idref="oc-22"/>
      </symbol>
      <symbol id="sm-5a2">
         <name>free</name>
         <value>0x1f11</value>
         <object_component_ref idref="oc-33a"/>
      </symbol>
      <symbol id="sm-5a3">
         <name>memalign</name>
         <value>0x1ad9</value>
         <object_component_ref idref="oc-37c"/>
      </symbol>
      <symbol id="sm-5a4">
         <name>malloc</name>
         <value>0x30fd</value>
         <object_component_ref idref="oc-340"/>
      </symbol>
      <symbol id="sm-5a5">
         <name>aligned_alloc</name>
         <value>0x1ad9</value>
         <object_component_ref idref="oc-37c"/>
      </symbol>
      <symbol id="sm-5b5">
         <name>strchr</name>
         <value>0x3083</value>
         <object_component_ref idref="oc-277"/>
      </symbol>
      <symbol id="sm-5c3">
         <name>strlen</name>
         <value>0x30ad</value>
         <object_component_ref idref="oc-18d"/>
      </symbol>
      <symbol id="sm-5dd">
         <name>write</name>
         <value>0x2fb5</value>
         <object_component_ref idref="oc-2b4"/>
      </symbol>
      <symbol id="sm-5ee">
         <name>_stream</name>
         <value>0x20000968</value>
         <object_component_ref idref="oc-318"/>
      </symbol>
      <symbol id="sm-5ef">
         <name>_device</name>
         <value>0x200008f0</value>
         <object_component_ref idref="oc-359"/>
      </symbol>
      <symbol id="sm-605">
         <name>__aeabi_errno_addr</name>
         <value>0x30f5</value>
         <object_component_ref idref="oc-1c8"/>
      </symbol>
      <symbol id="sm-606">
         <name>errno</name>
         <value>0x200009e4</value>
         <object_component_ref idref="oc-287"/>
      </symbol>
      <symbol id="sm-619">
         <name>__stack</name>
         <value>0x2000fe00</value>
         <object_component_ref idref="oc-25"/>
      </symbol>
      <symbol id="sm-61a">
         <name>_c_int00_noargs</name>
         <value>0x2ea5</value>
         <object_component_ref idref="oc-51"/>
      </symbol>
      <symbol id="sm-62a">
         <name>__TI_doflush</name>
         <value>0x2b55</value>
         <object_component_ref idref="oc-2ae"/>
      </symbol>
      <symbol id="sm-63a">
         <name>__TI_cleanup</name>
         <value>0x2e3d</value>
         <object_component_ref idref="oc-346"/>
      </symbol>
      <symbol id="sm-64c">
         <name>fseek</name>
         <value>0x2825</value>
         <object_component_ref idref="oc-306"/>
      </symbol>
      <symbol id="sm-656">
         <name>__aeabi_idiv0</name>
         <value>0x173f</value>
         <object_component_ref idref="oc-2d1"/>
      </symbol>
      <symbol id="sm-657">
         <name>__aeabi_ldiv0</name>
         <value>0x173f</value>
         <object_component_ref idref="oc-2d1"/>
      </symbol>
      <symbol id="sm-67f">
         <name>__TI_auto_init_nobinit_nopinit</name>
         <value>0x2d05</value>
         <object_component_ref idref="oc-fb"/>
      </symbol>
      <symbol id="sm-689">
         <name>_system_pre_init</name>
         <value>0x310d</value>
         <object_component_ref idref="oc-93"/>
      </symbol>
      <symbol id="sm-69c">
         <name>HOSTclose</name>
         <value>0x2c7d</value>
         <object_component_ref idref="oc-395"/>
      </symbol>
      <symbol id="sm-6ad">
         <name>HOSTlseek</name>
         <value>0x2689</value>
         <object_component_ref idref="oc-3a7"/>
      </symbol>
      <symbol id="sm-6bf">
         <name>parmbuf</name>
         <value>0x20000bb0</value>
      </symbol>
      <symbol id="sm-6c0">
         <name>HOSTopen</name>
         <value>0x28ed</value>
         <object_component_ref idref="oc-38f"/>
      </symbol>
      <symbol id="sm-6d1">
         <name>HOSTread</name>
         <value>0x29a9</value>
         <object_component_ref idref="oc-39b"/>
      </symbol>
      <symbol id="sm-6e2">
         <name>HOSTrename</name>
         <value>0x261d</value>
         <object_component_ref idref="oc-3b3"/>
      </symbol>
      <symbol id="sm-6f3">
         <name>HOSTunlink</name>
         <value>0x2cc1</value>
         <object_component_ref idref="oc-3ad"/>
      </symbol>
      <symbol id="sm-704">
         <name>HOSTwrite</name>
         <value>0x2a01</value>
         <object_component_ref idref="oc-3a1"/>
      </symbol>
      <symbol id="sm-728">
         <name>__TI_readmsg</name>
         <value>0x2e71</value>
         <object_component_ref idref="oc-3e2"/>
      </symbol>
      <symbol id="sm-729">
         <name>C$$IO$$</name>
         <value>0x2dfb</value>
         <object_component_ref idref="oc-3dc"/>
      </symbol>
      <symbol id="sm-72a">
         <name>__CIOBUF_</name>
         <value>0x200009f0</value>
         <object_component_ref idref="oc-40d"/>
      </symbol>
      <symbol id="sm-72b">
         <name>__TI_writemsg</name>
         <value>0x2dcd</value>
         <object_component_ref idref="oc-3dc"/>
      </symbol>
      <symbol id="sm-73c">
         <name>lseek</name>
         <value>0x2f8d</value>
         <object_component_ref idref="oc-332"/>
      </symbol>
      <symbol id="sm-751">
         <name>__TI_closefile</name>
         <value>0x24c9</value>
         <object_component_ref idref="oc-383"/>
      </symbol>
      <symbol id="sm-774">
         <name>finddevice</name>
         <value>0x2ed9</value>
         <object_component_ref idref="oc-42b"/>
      </symbol>
      <symbol id="sm-775">
         <name>getdevice</name>
         <value>0x2d49</value>
         <object_component_ref idref="oc-403"/>
      </symbol>
      <symbol id="sm-784">
         <name>strcmp</name>
         <value>0x306b</value>
         <object_component_ref idref="oc-442"/>
      </symbol>
      <symbol id="sm-792">
         <name>strcpy</name>
         <value>0x3099</value>
         <object_component_ref idref="oc-3f6"/>
      </symbol>
      <symbol id="sm-7a2">
         <name>strncpy</name>
         <value>0x2e05</value>
         <object_component_ref idref="oc-425"/>
      </symbol>
      <symbol id="sm-7b7">
         <name>close</name>
         <value>0x294d</value>
         <object_component_ref idref="oc-3cb"/>
      </symbol>
      <symbol id="sm-7c7">
         <name>unlink</name>
         <value>0x2f39</value>
         <object_component_ref idref="oc-3d1"/>
      </symbol>
      <symbol id="sm-7c8">
         <name>__TI_static_base__</name>
         <value>0x0</value>
      </symbol>
      <symbol id="sm-7cb">
         <name>__mpu_init</name>
         <value>0x0</value>
      </symbol>
      <symbol id="sm-7cc">
         <name>_system_post_cinit</name>
         <value>0x0</value>
      </symbol>
      <symbol id="sm-7cd">
         <name>remove</name>
         <value>0x2f39</value>
      </symbol>
   </symbol_table>
   <title>Link successful</title>
</link_info>
