******************************************************************************
                  TI ARM Linker PC v18.12.4                    
******************************************************************************
>> Linked Wed Nov  9 17:05:36 2022

OUTPUT FILE NAME:   <Assignment_UART_Latency.out>
ENTRY POINT SYMBOL: "_c_int00_noargs"  address: 00002a85


MEMORY CONFIGURATION

         name            origin    length      used     unused   attr    fill
----------------------  --------  ---------  --------  --------  ----  --------
  MAIN                  00000000   00040000  00002fb4  0003d04c  R  X
  INFO                  00200000   00004000  00000000  00004000  R  X
  SRAM_CODE             01000000   00010000  00000000  00010000  RW X
  SRAM_DATA             20000000   00010000  00000274  0000fd8c  RW  


SEGMENT ALLOCATION MAP

run origin  load origin   length   init length attrs members
----------  ----------- ---------- ----------- ----- -------
00000000    00000000    00002fb8   00002fb8    r-x
  00000000    00000000    00000140   00000140    r-- .intvecs
  00000140    00000140    00002c78   00002c78    r-x .text
  00002db8    00002db8    000001a4   000001a4    r-- .const
  00002f60    00002f60    00000058   00000058    r-- .cinit
20000000    20000000    00000074   00000000    rw-
  20000000    20000000    00000040   00000000    rw- .data
  20000040    20000040    00000034   00000000    rw- .bss
2000fe00    2000fe00    00000200   00000000    rw-
  2000fe00    2000fe00    00000200   00000000    rw- .stack


SECTION ALLOCATION MAP

 output                                  attributes/
section   page    origin      length       input sections
--------  ----  ----------  ----------   ----------------
.intvecs   0    00000000    00000140     
                  00000000    00000140     startup_msp432p401r_ccs.obj (.intvecs:retain)

.text      0    00000140    00002c78     
                  00000140    00000a4e     rtsv7M4_T_le_v4SPD16_eabi.lib : _printfi.c.obj (.text:__TI_printfi)
                  00000b8e    00000002                                   : div0.asm.obj (.text)
                  00000b90    00000328     system_msp432p401r.obj (.text)
                  00000eb8    000002cc     LatencyTest.obj (.text)
                  00001184    00000270     rtsv7M4_T_le_v4SPD16_eabi.lib : _printfi.c.obj (.text:_pconv_a)
                  000013f4    000001d0                                   : _printfi.c.obj (.text:_pconv_g)
                  000015c4    000001b6                                   : fd_add_t2.asm.obj (.text)
                  0000177a    000001a0     msp432p4xx_driverlib.lib : pcm.o (.text:__PCM_setPowerStateAdvanced)
                  0000191a    00000002     --HOLE-- [fill = 0]
                  0000191c    0000013c     rtsv7M4_T_le_v4SPD16_eabi.lib : _printfi.c.obj (.text:_pconv_e)
                  00001a58    00000136                                   : fd_div_t2.asm.obj (.text)
                  00001b8e    00000002     --HOLE-- [fill = 0]
                  00001b90    00000124                                   : _printfi.c.obj (.text:fcvt)
                  00001cb4    00000110                                   : s_scalbn.c.obj (.text:scalbn)
                  00001dc4    000000fc                                   : fd_mul_t2.asm.obj (.text)
                  00001ec0    000000dc     msp432p4xx_driverlib.lib : pcm.o (.text:__PCM_setPowerModeAdvanced)
                  00001f9c    000000b2                              : timer_a.o (.text:privateTimer_AProcessClockSourceDivider)
                  0000204e    00000002     --HOLE-- [fill = 0]
                  00002050    000000b1     rtsv7M4_T_le_v4SPD16_eabi.lib : _printfi.c.obj (.text:_ltostr)
                  00002101    00000003     --HOLE-- [fill = 0]
                  00002104    000000b0     msp432p4xx_driverlib.lib : pcm.o (.text:__PCM_setCoreVoltageLevelAdvanced)
                  000021b4    0000009c     rtsv7M4_T_le_v4SPD16_eabi.lib : memcpy_t2.asm.obj (.text)
                  00002250    00000096                                   : ull_div_t2.asm.obj (.text)
                  000022e6    00000002     --HOLE-- [fill = 0]
                  000022e8    00000094     msp432p4xx_driverlib.lib : uart.o (.text:UART_initModule)
                  0000237c    00000086     rtsv7M4_T_le_v4SPD16_eabi.lib : fd_cmp_t2.asm.obj (.text:__aeabi_cdcmple)
                  00002402    00000086                                   : fd_cmp_t2.asm.obj (.text:__aeabi_cdrcmple)
                  00002488    0000007c     msp432p4xx_driverlib.lib : pcm.o (.text:PCM_gotoLPM3)
                  00002504    0000007a     rtsv7M4_T_le_v4SPD16_eabi.lib : memset_t2.asm.obj (.text)
                  0000257e    0000006e                                   : _printfi.c.obj (.text:_mcpy)
                  000025ec    00000068                                   : copy_decompress_lzss.c.obj (.text:decompress:lzss:__TI_decompress_lzss)
                  00002654    00000064     msp432p4xx_driverlib.lib : interrupt.o (.text:Interrupt_enableInterrupt)
                  000026b8    00000064     rtsv7M4_T_le_v4SPD16_eabi.lib : s_frexp.c.obj (.text:frexp)
                  0000271c    00000056                                   : _printfi.c.obj (.text:_pconv_f)
                  00002772    00000054                                   : ltoa.c.obj (.text:ltoa)
                  000027c6    00000052                                   : _printfi.c.obj (.text:_ecpy)
                  00002818    00000050     msp432p4xx_driverlib.lib : pcm.o (.text:PCM_shutdownDevice)
                  00002868    0000004c     rtsv7M4_T_le_v4SPD16_eabi.lib : atoi.c.obj (.text:atoi)
                  000028b4    00000048     msp432p4xx_driverlib.lib : gpio.o (.text:GPIO_setAsPeripheralModuleFunctionInputPin)
                  000028fc    00000048     rtsv7M4_T_le_v4SPD16_eabi.lib : fd_toi_t2.asm.obj (.text)
                  00002944    00000044     msp432p4xx_driverlib.lib : timer_a.o (.text:Timer_A_configureUpMode)
                  00002988    00000044     rtsv7M4_T_le_v4SPD16_eabi.lib : autoinit.c.obj (.text:__TI_auto_init_nobinit_nopinit:__TI_auto_init_nobinit_nopinit)
                  000029cc    00000040                                   : sprintf.c.obj (.text:sprintf)
                  00002a0c    0000003e                                   : _printfi.c.obj (.text:_fcpy)
                  00002a4a    00000038                                   : fs_tod_t2.asm.obj (.text)
                  00002a82    00000002     --HOLE-- [fill = 0]
                  00002a84    00000034                                   : boot_cortex_m.c.obj (.text:_c_int00_noargs:_c_int00_noargs)
                  00002ab8    0000002e                                   : i_tofd_t2.asm.obj (.text)
                  00002ae6    0000002c     msp432p4xx_driverlib.lib : pcm.o (.text:PCM_getCoreVoltageLevel)
                  00002b12    0000002a                              : pcm.o (.text:PCM_getPowerMode)
                  00002b3c    00000028                              : pcm.o (.text:PCM_gotoLPM0)
                  00002b64    00000024                              : rtc_c.o (.text:RTC_C_holdClock)
                  00002b88    00000024                              : uart.o (.text:UART_receiveData)
                  00002bac    00000024                              : uart.o (.text:UART_transmitData)
                  00002bd0    0000001c                              : timer_a.o (.text:Timer_A_getCounterValue)
                  00002bec    0000001c     rtsv7M4_T_le_v4SPD16_eabi.lib : copy_zero_init.c.obj (.text:decompress:ZI:__TI_zero_init_nomemset:__TI_zero_init_nomemset)
                  00002c08    0000001c                                   : memccpy.c.obj (.text:memccpy)
                  00002c24    0000001a     msp432p4xx_driverlib.lib : timer_a.o (.text:Timer_A_clearCaptureCompareInterrupt)
                  00002c3e    0000001a     rtsv7M4_T_le_v4SPD16_eabi.lib : s_copysign.c.obj (.text:copysign)
                  00002c58    00000018     msp432p4xx_driverlib.lib : pcm.o (.text:PCM_gotoLPM3InterruptSafe)
                  00002c70    00000018                              : wdt_a.o (.text:WDT_A_holdTimer)
                  00002c88    00000018     rtsv7M4_T_le_v4SPD16_eabi.lib : sprintf.c.obj (.text:_outs)
                  00002ca0    00000016     msp432p4xx_driverlib.lib : uart.o (.text:UART_enableInterrupt)
                  00002cb6    00000016     rtsv7M4_T_le_v4SPD16_eabi.lib : strchr.c.obj (.text:strchr)
                  00002ccc    00000014                                   : strlen.c.obj (.text:strlen)
                  00002ce0    00000012     startup_msp432p401r_ccs.obj (.text)
                  00002cf2    00000012     rtsv7M4_T_le_v4SPD16_eabi.lib : wcslen.c.obj (.text:wcslen)
                  00002d04    00000010     msp432p4xx_driverlib.lib : interrupt.o (.text:Interrupt_disableMaster)
                  00002d14    00000010                              : interrupt.o (.text:Interrupt_enableMaster)
                  00002d24    00000010                              : pcm.o (.text:PCM_gotoLPM4)
                  00002d34    0000000e     rtsv7M4_T_le_v4SPD16_eabi.lib : copy_decompress_none.c.obj (.text:decompress:none:__TI_decompress_none)
                  00002d42    0000000c     msp432p4xx_driverlib.lib : cpu.o (.text:CPU_cpsid)
                  00002d4e    0000000c                              : cpu.o (.text:CPU_cpsie)
                  00002d5a    00000002     --HOLE-- [fill = 0]
                  00002d5c    0000000c                              : pcm.o (.text:PCM_getPowerState)
                  00002d68    0000000c                              : timer_a.o (.text:Timer_A_stopTimer)
                  00002d74    0000000c                              : uart.o (.text:UART_enableModule)
                  00002d80    0000000a     rtsv7M4_T_le_v4SPD16_eabi.lib : sprintf.c.obj (.text:_outc)
                  00002d8a    00000008     msp432p4xx_driverlib.lib : pcm.o (.text:PCM_setPowerMode)
                  00002d92    00000008                              : pcm.o (.text:PCM_setPowerState)
                  00002d9a    00000008                              : timer_a.o (.text:Timer_A_startCounter)
                  00002da2    00000002     --HOLE-- [fill = 0]
                  00002da4    00000008     rtsv7M4_T_le_v4SPD16_eabi.lib : errno.c.obj (.text:__aeabi_errno_addr)
                  00002dac    00000004     msp432p4xx_driverlib.lib : cpu.o (.text:CPU_wfi)
                  00002db0    00000004     rtsv7M4_T_le_v4SPD16_eabi.lib : pre_init.c.obj (.text:_system_pre_init)
                  00002db4    00000004                                   : exit.c.obj (.text:abort:abort)

.const     0    00002db8    000001a4     
                  00002db8    00000101     rtsv7M4_T_le_v4SPD16_eabi.lib : ctype.c.obj (.const:.string:_ctypes_)
                  00002eb9    00000003     --HOLE-- [fill = 0]
                  00002ebc    00000040     msp432p4xx_driverlib.lib : interrupt.o (.const)
                  00002efc    00000024     LatencyTest.obj (.const:uartConsoleConfig)
                  00002f20    00000024     LatencyTest.obj (.const:uartM5Config)
                  00002f44    00000018     LatencyTest.obj (.const:upTimer)

.cinit     0    00002f60    00000058     
                  00002f60    00000034     (.cinit..data.load) [load image, compression = lzss]
                  00002f94    0000000c     (__TI_handler_table)
                  00002fa0    00000008     (.cinit..bss.load) [load image, compression = zero_init]
                  00002fa8    00000010     (__TI_cinit_table)

.init_array 
*          0    00000000    00000000     UNINITIALIZED

.data      0    20000000    00000040     UNINITIALIZED
                  20000000    00000030     msp432p4xx_driverlib.lib : gpio.o (.data:GPIO_PORT_TO_BASE)
                  20000030    00000008     LatencyTest.obj (.data)
                  20000038    00000004     rtsv7M4_T_le_v4SPD16_eabi.lib : errno.c.obj (.data)
                  2000003c    00000004     system_msp432p401r.obj (.data)

.bss       0    20000040    00000034     UNINITIALIZED
                  20000040    00000034     (.common:buffer)

.stack     0    2000fe00    00000200     UNINITIALIZED
                  2000fe00    00000004     rtsv7M4_T_le_v4SPD16_eabi.lib : boot_cortex_m.c.obj (.stack)
                  2000fe04    000001fc     --HOLE--

MODULE SUMMARY

       Module                        code    ro data   rw data
       ------                        ----    -------   -------
    .\
       LatencyTest.obj               716     96        60     
       system_msp432p401r.obj        808     0         4      
       startup_msp432p401r_ccs.obj   18      320       0      
    +--+-----------------------------+-------+---------+---------+
       Total:                        1542    416       64     
                                                              
    C:\ti\ccs930\ccs\tools\compiler\ti-cgt-arm_18.12.4.LTS\lib\rtsv7M4_T_le_v4SPD16_eabi.lib
       _printfi.c.obj                4851    0         0      
       fd_add_t2.asm.obj             438     0         0      
       fd_div_t2.asm.obj             310     0         0      
       s_scalbn.c.obj                272     0         0      
       fd_cmp_t2.asm.obj             268     0         0      
       ctype.c.obj                   0       257       0      
       fd_mul_t2.asm.obj             252     0         0      
       memcpy_t2.asm.obj             156     0         0      
       ull_div_t2.asm.obj            150     0         0      
       memset_t2.asm.obj             122     0         0      
       copy_decompress_lzss.c.obj    104     0         0      
       s_frexp.c.obj                 100     0         0      
       sprintf.c.obj                 98      0         0      
       ltoa.c.obj                    84      0         0      
       atoi.c.obj                    76      0         0      
       fd_toi_t2.asm.obj             72      0         0      
       autoinit.c.obj                68      0         0      
       fs_tod_t2.asm.obj             56      0         0      
       boot_cortex_m.c.obj           52      0         0      
       i_tofd_t2.asm.obj             46      0         0      
       copy_zero_init.c.obj          28      0         0      
       memccpy.c.obj                 28      0         0      
       s_copysign.c.obj              26      0         0      
       strchr.c.obj                  22      0         0      
       strlen.c.obj                  20      0         0      
       wcslen.c.obj                  18      0         0      
       copy_decompress_none.c.obj    14      0         0      
       errno.c.obj                   8       0         4      
       exit.c.obj                    4       0         0      
       pre_init.c.obj                4       0         0      
       div0.asm.obj                  2       0         0      
    +--+-----------------------------+-------+---------+---------+
       Total:                        7749    257       4      
                                                              
    D:/School/CSC2003 Embedded Systems/msp432_driverlib_3_21_00_05/driverlib/MSP432P4xx/ccs/msp432p4xx_driverlib.lib
       pcm.o                         1210    0         0      
       timer_a.o                     320     0         0      
       uart.o                        254     0         0      
       interrupt.o                   132     64        0      
       gpio.o                        72      0         48     
       rtc_c.o                       36      0         0      
       cpu.o                         28      0         0      
       wdt_a.o                       24      0         0      
    +--+-----------------------------+-------+---------+---------+
       Total:                        2076    64        48     
                                                              
       Stack:                        0       0         512    
       Linker Generated:             0       88        0      
    +--+-----------------------------+-------+---------+---------+
       Grand Total:                  11367   825       628    


LINKER GENERATED COPY TABLES

__TI_cinit_table @ 00002fa8 records: 2, size/record: 8, table size: 16
	.data: load addr=00002f60, load size=00000034 bytes, run addr=20000000, run size=00000040 bytes, compression=lzss
	.bss: load addr=00002fa0, load size=00000008 bytes, run addr=20000040, run size=00000034 bytes, compression=zero_init


LINKER GENERATED HANDLER TABLE

__TI_handler_table @ 00002f94 records: 3, size/record: 4, table size: 12
	index: 0, handler: __TI_decompress_lzss
	index: 1, handler: __TI_decompress_none
	index: 2, handler: __TI_zero_init


GLOBAL SYMBOLS: SORTED ALPHABETICALLY BY Name 

address   name                                      
-------   ----                                      
00002db5  C$$EXIT                                   
00002d43  CPU_cpsid                                 
00002d4f  CPU_cpsie                                 
00002dad  CPU_wfi                                   
00000fd7  EUSCIA2_IRQHandler                        
000028b5  GPIO_setAsPeripheralModuleFunctionInputPin
00002d05  Interrupt_disableMaster                   
00002655  Interrupt_enableInterrupt                 
00002d15  Interrupt_enableMaster                    
00002ae7  PCM_getCoreVoltageLevel                   
00002b13  PCM_getPowerMode                          
00002d5d  PCM_getPowerState                         
00002b3d  PCM_gotoLPM0                              
00002489  PCM_gotoLPM3                              
00002c59  PCM_gotoLPM3InterruptSafe                 
00002d25  PCM_gotoLPM4                              
00002d8b  PCM_setPowerMode                          
00002d93  PCM_setPowerState                         
00002819  PCM_shutdownDevice                        
00002b65  RTC_C_holdClock                           
2000003c  SystemCoreClock                           
00000b91  SystemCoreClockUpdate                     
00000e05  SystemInit                                
0000109f  TA1_0_IRQHandler                          
00002c25  Timer_A_clearCaptureCompareInterrupt      
00002945  Timer_A_configureUpMode                   
00002bd1  Timer_A_getCounterValue                   
00002d9b  Timer_A_startCounter                      
00002d69  Timer_A_stopTimer                         
00002ca1  UART_enableInterrupt                      
00002d75  UART_enableModule                         
000022e9  UART_initModule                           
00002b89  UART_receiveData                          
00002bad  UART_transmitData                         
4000480c  WDTCTL_SYM                                
00002c71  WDT_A_holdTimer                           
20010000  __STACK_END                               
00000200  __STACK_SIZE                              
00002fa8  __TI_CINIT_Base                           
00002fb8  __TI_CINIT_Limit                          
00002f94  __TI_Handler_Table_Base                   
00002fa0  __TI_Handler_Table_Limit                  
00002989  __TI_auto_init_nobinit_nopinit            
000025ed  __TI_decompress_lzss                      
00002d35  __TI_decompress_none                      
ffffffff  __TI_pprof_out_hndl                       
00000141  __TI_printfi                              
ffffffff  __TI_prof_data_size                       
ffffffff  __TI_prof_data_start                      
00000000  __TI_static_base__                        
00002bed  __TI_zero_init_nomemset                   
0000237d  __aeabi_cdcmpeq                           
0000237d  __aeabi_cdcmple                           
00002403  __aeabi_cdrcmple                          
000028fd  __aeabi_d2iz                              
000015cf  __aeabi_dadd                              
00001a59  __aeabi_ddiv                              
00001dc5  __aeabi_dmul                              
000015c5  __aeabi_dsub                              
00002da5  __aeabi_errno_addr                        
00002a4b  __aeabi_f2d                               
00002ab9  __aeabi_i2d                               
00000b8f  __aeabi_idiv0                             
00000b8f  __aeabi_ldiv0                             
00002505  __aeabi_memclr                            
00002505  __aeabi_memclr4                           
00002505  __aeabi_memclr8                           
000021b5  __aeabi_memcpy                            
000021b5  __aeabi_memcpy4                           
000021b5  __aeabi_memcpy8                           
00002507  __aeabi_memset                            
00002507  __aeabi_memset4                           
00002507  __aeabi_memset8                           
00002251  __aeabi_uldivmod                          
ffffffff  __binit__                                 
ffffffff  __c_args__                                
UNDEFED   __mpu_init                                
2000fe00  __stack                                   
00002a85  _c_int00_noargs                           
00002db8  _ctypes_                                  
UNDEFED   _system_post_cinit                        
00002db1  _system_pre_init                          
00002db5  abort                                     
00002869  atoi                                      
ffffffff  binit                                     
20000040  buffer                                    
00002c3f  copysign                                  
00002c3f  copysignl                                 
20000034  currentTime                               
00000f4b  delay                                     
20000038  errno                                     
000026b9  frexp                                     
000026b9  frexpl                                    
00000000  interruptVectors                          
20000030  j                                         
00001cb5  ldexp                                     
00001cb5  ldexpl                                    
00002773  ltoa                                      
00000eb9  main                                      
00002c09  memccpy                                   
000021b5  memcpy                                    
0000250d  memset                                    
00001cb5  scalbn                                    
00001cb5  scalbnl                                   
000029cd  sprintf                                   
00002cb7  strchr                                    
00002ccd  strlen                                    
00000fa5  uPrintfConsole                            
00000f73  uPrintfM5                                 
00002efc  uartConsoleConfig                         
00002f20  uartM5Config                              
00002f44  upTimer                                   
00002cf3  wcslen                                    


GLOBAL SYMBOLS: SORTED BY Symbol Address 

address   name                                      
-------   ----                                      
00000000  __TI_static_base__                        
00000000  interruptVectors                          
00000141  __TI_printfi                              
00000200  __STACK_SIZE                              
00000b8f  __aeabi_idiv0                             
00000b8f  __aeabi_ldiv0                             
00000b91  SystemCoreClockUpdate                     
00000e05  SystemInit                                
00000eb9  main                                      
00000f4b  delay                                     
00000f73  uPrintfM5                                 
00000fa5  uPrintfConsole                            
00000fd7  EUSCIA2_IRQHandler                        
0000109f  TA1_0_IRQHandler                          
000015c5  __aeabi_dsub                              
000015cf  __aeabi_dadd                              
00001a59  __aeabi_ddiv                              
00001cb5  ldexp                                     
00001cb5  ldexpl                                    
00001cb5  scalbn                                    
00001cb5  scalbnl                                   
00001dc5  __aeabi_dmul                              
000021b5  __aeabi_memcpy                            
000021b5  __aeabi_memcpy4                           
000021b5  __aeabi_memcpy8                           
000021b5  memcpy                                    
00002251  __aeabi_uldivmod                          
000022e9  UART_initModule                           
0000237d  __aeabi_cdcmpeq                           
0000237d  __aeabi_cdcmple                           
00002403  __aeabi_cdrcmple                          
00002489  PCM_gotoLPM3                              
00002505  __aeabi_memclr                            
00002505  __aeabi_memclr4                           
00002505  __aeabi_memclr8                           
00002507  __aeabi_memset                            
00002507  __aeabi_memset4                           
00002507  __aeabi_memset8                           
0000250d  memset                                    
000025ed  __TI_decompress_lzss                      
00002655  Interrupt_enableInterrupt                 
000026b9  frexp                                     
000026b9  frexpl                                    
00002773  ltoa                                      
00002819  PCM_shutdownDevice                        
00002869  atoi                                      
000028b5  GPIO_setAsPeripheralModuleFunctionInputPin
000028fd  __aeabi_d2iz                              
00002945  Timer_A_configureUpMode                   
00002989  __TI_auto_init_nobinit_nopinit            
000029cd  sprintf                                   
00002a4b  __aeabi_f2d                               
00002a85  _c_int00_noargs                           
00002ab9  __aeabi_i2d                               
00002ae7  PCM_getCoreVoltageLevel                   
00002b13  PCM_getPowerMode                          
00002b3d  PCM_gotoLPM0                              
00002b65  RTC_C_holdClock                           
00002b89  UART_receiveData                          
00002bad  UART_transmitData                         
00002bd1  Timer_A_getCounterValue                   
00002bed  __TI_zero_init_nomemset                   
00002c09  memccpy                                   
00002c25  Timer_A_clearCaptureCompareInterrupt      
00002c3f  copysign                                  
00002c3f  copysignl                                 
00002c59  PCM_gotoLPM3InterruptSafe                 
00002c71  WDT_A_holdTimer                           
00002ca1  UART_enableInterrupt                      
00002cb7  strchr                                    
00002ccd  strlen                                    
00002cf3  wcslen                                    
00002d05  Interrupt_disableMaster                   
00002d15  Interrupt_enableMaster                    
00002d25  PCM_gotoLPM4                              
00002d35  __TI_decompress_none                      
00002d43  CPU_cpsid                                 
00002d4f  CPU_cpsie                                 
00002d5d  PCM_getPowerState                         
00002d69  Timer_A_stopTimer                         
00002d75  UART_enableModule                         
00002d8b  PCM_setPowerMode                          
00002d93  PCM_setPowerState                         
00002d9b  Timer_A_startCounter                      
00002da5  __aeabi_errno_addr                        
00002dad  CPU_wfi                                   
00002db1  _system_pre_init                          
00002db5  C$$EXIT                                   
00002db5  abort                                     
00002db8  _ctypes_                                  
00002efc  uartConsoleConfig                         
00002f20  uartM5Config                              
00002f44  upTimer                                   
00002f94  __TI_Handler_Table_Base                   
00002fa0  __TI_Handler_Table_Limit                  
00002fa8  __TI_CINIT_Base                           
00002fb8  __TI_CINIT_Limit                          
20000030  j                                         
20000034  currentTime                               
20000038  errno                                     
2000003c  SystemCoreClock                           
20000040  buffer                                    
2000fe00  __stack                                   
20010000  __STACK_END                               
4000480c  WDTCTL_SYM                                
ffffffff  __TI_pprof_out_hndl                       
ffffffff  __TI_prof_data_size                       
ffffffff  __TI_prof_data_start                      
ffffffff  __binit__                                 
ffffffff  __c_args__                                
ffffffff  binit                                     
UNDEFED   __mpu_init                                
UNDEFED   _system_post_cinit                        

[113 symbols]
