******************************************************************************
                  TI ARM Linker PC v18.12.4                    
******************************************************************************
>> Linked Thu Nov 17 17:03:53 2022

OUTPUT FILE NAME:   <i2c_master_rw_repeated_start-master_code.out>
ENTRY POINT SYMBOL: "_c_int00_noargs"  address: 00000855


MEMORY CONFIGURATION

         name            origin    length      used     unused   attr    fill
----------------------  --------  ---------  --------  --------  ----  --------
  MAIN                  00000000   00040000  00000912  0003f6ee  R  X
  INFO                  00200000   00004000  00000000  00004000  R  X
  SRAM_CODE             01000000   00010000  00000000  00010000  RW X
  SRAM_DATA             20000000   00010000  00000215  0000fdeb  RW  


SEGMENT ALLOCATION MAP

run origin  load origin   length   init length attrs members
----------  ----------- ---------- ----------- ----- -------
00000000    00000000    00000918   00000918    r-x
  00000000    00000000    00000140   00000140    r-- .intvecs
  00000140    00000140    0000078c   0000078c    r-x .text
  000008cc    000008cc    00000016   00000016    r-- .const
  000008e8    000008e8    00000030   00000030    r-- .cinit
20000000    20000000    00000018   00000000    rw-
  20000000    20000000    00000011   00000000    rw- .bss
  20000014    20000014    00000004   00000000    rw- .data
2000fe00    2000fe00    00000200   00000000    rw-
  2000fe00    2000fe00    00000200   00000000    rw- .stack


SECTION ALLOCATION MAP

 output                                  attributes/
section   page    origin      length       input sections
--------  ----  ----------  ----------   ----------------
.intvecs   0    00000000    00000140     
                  00000000    00000140     startup_msp432p401r_ccs.obj (.intvecs:retain)

.text      0    00000140    0000078c     
                  00000140    00000328     system_msp432p401r.obj (.text)
                  00000468    00000228     i2c_master_rw_repeated_start-master_code.obj (.text)
                  00000690    0000009c     rtsv7M4_T_le_v4SPD16_eabi.lib : memcpy_t2.asm.obj (.text)
                  0000072c    0000007a                                   : memset_t2.asm.obj (.text)
                  000007a6    00000068                                   : copy_decompress_lzss.c.obj (.text:decompress:lzss:__TI_decompress_lzss)
                  0000080e    00000002     --HOLE-- [fill = 0]
                  00000810    00000044                                   : autoinit.c.obj (.text:__TI_auto_init_nobinit_nopinit:__TI_auto_init_nobinit_nopinit)
                  00000854    00000034                                   : boot_cortex_m.c.obj (.text:_c_int00_noargs:_c_int00_noargs)
                  00000888    0000001c                                   : copy_zero_init.c.obj (.text:decompress:ZI:__TI_zero_init_nomemset:__TI_zero_init_nomemset)
                  000008a4    00000012     startup_msp432p401r_ccs.obj (.text)
                  000008b6    0000000e     rtsv7M4_T_le_v4SPD16_eabi.lib : copy_decompress_none.c.obj (.text:decompress:none:__TI_decompress_none)
                  000008c4    00000004                                   : pre_init.c.obj (.text:_system_pre_init)
                  000008c8    00000004                                   : exit.c.obj (.text:abort:abort)

.const     0    000008cc    00000016     
                  000008cc    00000014     i2c_master_rw_repeated_start-master_code.obj (.const:i2cConfig)
                  000008e0    00000002     i2c_master_rw_repeated_start-master_code.obj (.const:.string:TXData)

.cinit     0    000008e8    00000030     
                  000008e8    0000000c     (__TI_handler_table)
                  000008f4    00000004     --HOLE-- [fill = 0]
                  000008f8    00000008     (.cinit..bss.load) [load image, compression = zero_init]
                  00000900    00000008     (.cinit..data.load) [load image, compression = lzss]
                  00000908    00000010     (__TI_cinit_table)

.init_array 
*          0    00000000    00000000     UNINITIALIZED

.bss       0    20000000    00000011     UNINITIALIZED
                  20000000    0000000c     i2c_master_rw_repeated_start-master_code.obj (.bss:RXData)
                  2000000c    00000005     i2c_master_rw_repeated_start-master_code.obj (.bss)

.data      0    20000014    00000004     UNINITIALIZED
                  20000014    00000004     system_msp432p401r.obj (.data)

.stack     0    2000fe00    00000200     UNINITIALIZED
                  2000fe00    00000004     rtsv7M4_T_le_v4SPD16_eabi.lib : boot_cortex_m.c.obj (.stack)
                  2000fe04    000001fc     --HOLE--

MODULE SUMMARY

       Module                                         code   ro data   rw data
       ------                                         ----   -------   -------
    .\
       system_msp432p401r.obj                         808    0         4      
       i2c_master_rw_repeated_start-master_code.obj   552    22        17     
       startup_msp432p401r_ccs.obj                    18     320       0      
    +--+----------------------------------------------+------+---------+---------+
       Total:                                         1378   342       21     
                                                                              
    C:\ti\ccs930\ccs\tools\compiler\ti-cgt-arm_18.12.4.LTS\lib\rtsv7M4_T_le_v4SPD16_eabi.lib
       memcpy_t2.asm.obj                              156    0         0      
       memset_t2.asm.obj                              122    0         0      
       copy_decompress_lzss.c.obj                     104    0         0      
       autoinit.c.obj                                 68     0         0      
       boot_cortex_m.c.obj                            52     0         0      
       copy_zero_init.c.obj                           28     0         0      
       copy_decompress_none.c.obj                     14     0         0      
       exit.c.obj                                     4      0         0      
       pre_init.c.obj                                 4      0         0      
    +--+----------------------------------------------+------+---------+---------+
       Total:                                         552    0         0      
                                                                              
       Stack:                                         0      0         512    
       Linker Generated:                              0      44        0      
    +--+----------------------------------------------+------+---------+---------+
       Grand Total:                                   1930   386       533    


LINKER GENERATED COPY TABLES

__TI_cinit_table @ 00000908 records: 2, size/record: 8, table size: 16
	.bss: load addr=000008f8, load size=00000008 bytes, run addr=20000000, run size=00000011 bytes, compression=zero_init
	.data: load addr=00000900, load size=00000008 bytes, run addr=20000014, run size=00000004 bytes, compression=lzss


LINKER GENERATED HANDLER TABLE

__TI_handler_table @ 000008e8 records: 3, size/record: 4, table size: 12
	index: 0, handler: __TI_decompress_lzss
	index: 1, handler: __TI_decompress_none
	index: 2, handler: __TI_zero_init


GLOBAL SYMBOLS: SORTED ALPHABETICALLY BY Name 

address   name                          
-------   ----                          
000008c9  C$$EXIT                       
00000551  EUSCIB0_IRQHandler            
20000014  SystemCoreClock               
00000141  SystemCoreClockUpdate         
000003b5  SystemInit                    
000008e0  TXData                        
4000480c  WDTCTL_SYM                    
20010000  __STACK_END                   
00000200  __STACK_SIZE                  
00000908  __TI_CINIT_Base               
00000918  __TI_CINIT_Limit              
000008e8  __TI_Handler_Table_Base       
000008f4  __TI_Handler_Table_Limit      
00000811  __TI_auto_init_nobinit_nopinit
000007a7  __TI_decompress_lzss          
000008b7  __TI_decompress_none          
ffffffff  __TI_pprof_out_hndl           
ffffffff  __TI_prof_data_size           
ffffffff  __TI_prof_data_start          
00000000  __TI_static_base__            
00000889  __TI_zero_init_nomemset       
0000072d  __aeabi_memclr                
0000072d  __aeabi_memclr4               
0000072d  __aeabi_memclr8               
00000691  __aeabi_memcpy                
00000691  __aeabi_memcpy4               
00000691  __aeabi_memcpy8               
0000072f  __aeabi_memset                
0000072f  __aeabi_memset4               
0000072f  __aeabi_memset8               
ffffffff  __binit__                     
ffffffff  __c_args__                    
UNDEFED   __mpu_init                    
2000fe00  __stack                       
00000855  _c_int00_noargs               
UNDEFED   _system_post_cinit            
000008c5  _system_pre_init              
000008c9  abort                         
ffffffff  binit                         
000008cc  i2cConfig                     
00000000  interruptVectors              
00000469  main                          
00000691  memcpy                        
00000735  memset                        


GLOBAL SYMBOLS: SORTED BY Symbol Address 

address   name                          
-------   ----                          
00000000  __TI_static_base__            
00000000  interruptVectors              
00000141  SystemCoreClockUpdate         
00000200  __STACK_SIZE                  
000003b5  SystemInit                    
00000469  main                          
00000551  EUSCIB0_IRQHandler            
00000691  __aeabi_memcpy                
00000691  __aeabi_memcpy4               
00000691  __aeabi_memcpy8               
00000691  memcpy                        
0000072d  __aeabi_memclr                
0000072d  __aeabi_memclr4               
0000072d  __aeabi_memclr8               
0000072f  __aeabi_memset                
0000072f  __aeabi_memset4               
0000072f  __aeabi_memset8               
00000735  memset                        
000007a7  __TI_decompress_lzss          
00000811  __TI_auto_init_nobinit_nopinit
00000855  _c_int00_noargs               
00000889  __TI_zero_init_nomemset       
000008b7  __TI_decompress_none          
000008c5  _system_pre_init              
000008c9  C$$EXIT                       
000008c9  abort                         
000008cc  i2cConfig                     
000008e0  TXData                        
000008e8  __TI_Handler_Table_Base       
000008f4  __TI_Handler_Table_Limit      
00000908  __TI_CINIT_Base               
00000918  __TI_CINIT_Limit              
20000014  SystemCoreClock               
2000fe00  __stack                       
20010000  __STACK_END                   
4000480c  WDTCTL_SYM                    
ffffffff  __TI_pprof_out_hndl           
ffffffff  __TI_prof_data_size           
ffffffff  __TI_prof_data_start          
ffffffff  __binit__                     
ffffffff  __c_args__                    
ffffffff  binit                         
UNDEFED   __mpu_init                    
UNDEFED   _system_post_cinit            

[44 symbols]
