******************************************************************************
                  TI ARM Linker Unix v20.2.7                   
******************************************************************************
>> Linked Fri Nov 18 18:00:19 2022

OUTPUT FILE NAME:   <driverlib_empty_project.out>
ENTRY POINT SYMBOL: "_c_int00_noargs"  address: 00001729


MEMORY CONFIGURATION

         name            origin    length      used     unused   attr    fill
----------------------  --------  ---------  --------  --------  ----  --------
  MAIN                  00000000   00040000  00001a58  0003e5a8  R  X
  INFO                  00200000   00004000  00000000  00004000  R  X
  SRAM_CODE             01000000   00010000  00000000  00010000  RW X
  SRAM_DATA             20000000   00010000  00001a8c  0000e574  RW  


SEGMENT ALLOCATION MAP

run origin  load origin   length   init length attrs members
----------  ----------- ---------- ----------- ----- -------
00000000    00000000    00001a58   00001a58    r-x
  00000000    00000000    00000140   00000140    r-- .intvecs
  00000140    00000140    00001870   00001870    r-x .text
  000019b0    000019b0    00000040   00000040    r-- .const
  000019f0    000019f0    00000068   00000068    r-- .cinit
20000000    20000000    0000188c   00000000    rw-
  20000000    20000000    00001810   00000000    rw- .bss
  20001810    20001810    0000007c   00000000    rw- .data
2000fe00    2000fe00    00000200   00000000    rw-
  2000fe00    2000fe00    00000200   00000000    rw- .stack


SECTION ALLOCATION MAP

 output                                  attributes/
section   page    origin      length       input sections
--------  ----  ----------  ----------   ----------------
.intvecs   0    00000000    00000140     
                  00000000    00000140     startup_msp432p401r_ccs.obj (.intvecs:retain)

.text      0    00000140    00001870     
                  00000140    000004ac     UART_Driver.obj (.text)
                  000005ec    00000458     ESP8266.obj (.text)
                  00000a44    0000033c     system_msp432p401r.obj (.text)
                  00000d80    0000023c     main.obj (.text)
                  00000fbc    000001a0     msp432p4xx_driverlib.lib : pcm.o (.text:__PCM_setPowerStateAdvanced)
                  0000115c    000000dc                              : pcm.o (.text:__PCM_setPowerModeAdvanced)
                  00001238    000000b0                              : pcm.o (.text:__PCM_setCoreVoltageLevelAdvanced)
                  000012e8    0000009c     rtsv7M4_T_le_v4SPD16_eabi.lib : memcpy_t2.asm.obj (.text)
                  00001384    00000094     msp432p4xx_driverlib.lib : uart.o (.text:UART_initModule)
                  00001418    0000007c                              : pcm.o (.text:PCM_gotoLPM3)
                  00001494    0000007a     rtsv7M4_T_le_v4SPD16_eabi.lib : memset_t2.asm.obj (.text)
                  0000150e    00000002     --HOLE-- [fill = 0]
                  00001510    0000006e                                   : ltoa.c.obj (.text:ltoa)
                  0000157e    00000068                                   : copy_decompress_lzss.c.obj (.text:decompress:lzss:__TI_decompress_lzss)
                  000015e6    00000002     --HOLE-- [fill = 0]
                  000015e8    00000064     msp432p4xx_driverlib.lib : interrupt.o (.text:Interrupt_enableInterrupt)
                  0000164c    00000050                              : pcm.o (.text:PCM_shutdownDevice)
                  0000169c    00000048                              : gpio.o (.text:GPIO_setAsPeripheralModuleFunctionInputPin)
                  000016e4    00000044     rtsv7M4_T_le_v4SPD16_eabi.lib : autoinit.c.obj (.text:__TI_auto_init_nobinit_nopinit:__TI_auto_init_nobinit_nopinit)
                  00001728    00000034                                   : boot_cortex_m.c.obj (.text:_c_int00_noargs:_c_int00_noargs)
                  0000175c    00000034                                   : strstr.c.obj (.text:strstr)
                  00001790    0000002c     msp432p4xx_driverlib.lib : pcm.o (.text:PCM_getCoreVoltageLevel)
                  000017bc    0000002a                              : pcm.o (.text:PCM_getPowerMode)
                  000017e6    00000002     --HOLE-- [fill = 0]
                  000017e8    00000028                              : flash.o (.text:FlashCtl_setWaitState)
                  00001810    00000028                              : pcm.o (.text:PCM_gotoLPM0)
                  00001838    00000024                              : cs.o (.text:CS_setDCOCenteredFrequency)
                  0000185c    00000024                              : gpio.o (.text:GPIO_setAsOutputPin)
                  00001880    00000024                              : rtc_c.o (.text:RTC_C_holdClock)
                  000018a4    00000018                              : pcm.o (.text:PCM_gotoLPM3InterruptSafe)
                  000018bc    00000018                              : wdt_a.o (.text:WDT_A_holdTimer)
                  000018d4    00000016                              : uart.o (.text:UART_enableInterrupt)
                  000018ea    00000014     rtsv7M4_T_le_v4SPD16_eabi.lib : strcpy.c.obj (.text:strcpy)
                  000018fe    00000012     startup_msp432p401r_ccs.obj (.text)
                  00001910    00000010     msp432p4xx_driverlib.lib : interrupt.o (.text:Interrupt_disableMaster)
                  00001920    00000010                              : interrupt.o (.text:Interrupt_enableMaster)
                  00001930    00000010                              : pcm.o (.text:PCM_gotoLPM4)
                  00001940    0000000e     rtsv7M4_T_le_v4SPD16_eabi.lib : copy_decompress_none.c.obj (.text:decompress:none:__TI_decompress_none)
                  0000194e    0000000c     msp432p4xx_driverlib.lib : cpu.o (.text:CPU_cpsid)
                  0000195a    0000000c                              : cpu.o (.text:CPU_cpsie)
                  00001966    00000002     --HOLE-- [fill = 0]
                  00001968    0000000c                              : pcm.o (.text:PCM_getPowerState)
                  00001974    0000000c                              : uart.o (.text:UART_enableModule)
                  00001980    0000000c     rtsv7M4_T_le_v4SPD16_eabi.lib : copy_zero_init.c.obj (.text:decompress:ZI:__TI_zero_init)
                  0000198c    00000008     msp432p4xx_driverlib.lib : pcm.o (.text:PCM_setCoreVoltageLevel)
                  00001994    00000008                              : pcm.o (.text:PCM_setPowerMode)
                  0000199c    00000008                              : pcm.o (.text:PCM_setPowerState)
                  000019a4    00000004                              : cpu.o (.text:CPU_wfi)
                  000019a8    00000004     rtsv7M4_T_le_v4SPD16_eabi.lib : pre_init.c.obj (.text:_system_pre_init)
                  000019ac    00000004                                   : exit.c.obj (.text:abort:abort)

.const     0    000019b0    00000040     
                  000019b0    00000040     msp432p4xx_driverlib.lib : interrupt.o (.const)

.cinit     0    000019f0    00000068     
                  000019f0    00000043     (.cinit..data.load) [load image, compression = lzss]
                  00001a33    00000001     --HOLE-- [fill = 0]
                  00001a34    0000000c     (__TI_handler_table)
                  00001a40    00000008     (.cinit..bss.load) [load image, compression = zero_init]
                  00001a48    00000010     (__TI_cinit_table)

.init_array 
*          0    00000000    00000000     UNINITIALIZED

.bss       0    20000000    00001810     UNINITIALIZED
                  20000000    00000800     (.common:ESP8266_Buffer)
                  20000800    00000800     (.common:UARTA0Data)
                  20001000    00000800     (.common:UARTA2Data)
                  20001800    00000004     (.common:UARTA0ReadIndex)
                  20001804    00000004     (.common:UARTA0WriteIndex)
                  20001808    00000004     (.common:UARTA2ReadIndex)
                  2000180c    00000004     (.common:UARTA2WriteIndex)

.data      0    20001810    0000007c     UNINITIALIZED
                  20001810    00000030     msp432p4xx_driverlib.lib : gpio.o (.data:GPIO_PORT_TO_BASE)
                  20001840    00000024     main.obj (.data:UART0Config)
                  20001864    00000024     main.obj (.data:UART2Config)
                  20001888    00000004     system_msp432p401r.obj (.data)

.stack     0    2000fe00    00000200     UNINITIALIZED
                  2000fe00    00000004     rtsv7M4_T_le_v4SPD16_eabi.lib : boot_cortex_m.c.obj (.stack)
                  2000fe04    000001fc     --HOLE--

__llvm_prf_cnts 
*          0    20000000    00000000     UNINITIALIZED

MODULE SUMMARY

       Module                        code   ro data   rw data
       ------                        ----   -------   -------
    ./
       main.obj                      572    0         4184   
       system_msp432p401r.obj        828    0         4      
       startup_msp432p401r_ccs.obj   18     320       0      
    +--+-----------------------------+------+---------+---------+
       Total:                        1418   320       4188   
                                                             
    ./comms/
       ESP8266.obj                   1112   0         2048   
       UART_Driver.obj               1196   0         0      
    +--+-----------------------------+------+---------+---------+
       Total:                        2308   0         2048   
                                                             
    /Applications/ti/ccs1200/ccs/tools/compiler/ti-cgt-arm_20.2.7.LTS/lib/rtsv7M4_T_le_v4SPD16_eabi.lib
       memcpy_t2.asm.obj             156    0         0      
       memset_t2.asm.obj             122    0         0      
       ltoa.c.obj                    110    0         0      
       copy_decompress_lzss.c.obj    104    0         0      
       autoinit.c.obj                68     0         0      
       boot_cortex_m.c.obj           52     0         0      
       strstr.c.obj                  52     0         0      
       strcpy.c.obj                  20     0         0      
       copy_decompress_none.c.obj    14     0         0      
       copy_zero_init.c.obj          12     0         0      
       exit.c.obj                    4      0         0      
       pre_init.c.obj                4      0         0      
    +--+-----------------------------+------+---------+---------+
       Total:                        718    0         0      
                                                             
    /Users/aviendre/Downloads/msp432_driverlib_3_21_00_05/driverlib/MSP432P4xx/ccs/msp432p4xx_driverlib.lib
       pcm.o                         1218   0         0      
       interrupt.o                   132    64        0      
       uart.o                        182    0         0      
       gpio.o                        108    0         48     
       flash.o                       40     0         0      
       cs.o                          36     0         0      
       rtc_c.o                       36     0         0      
       cpu.o                         28     0         0      
       wdt_a.o                       24     0         0      
    +--+-----------------------------+------+---------+---------+
       Total:                        1804   64        48     
                                                             
       Stack:                        0      0         512    
       Linker Generated:             0      103       0      
    +--+-----------------------------+------+---------+---------+
       Grand Total:                  6248   487       6796   


LINKER GENERATED COPY TABLES

__TI_cinit_table @ 00001a48 records: 2, size/record: 8, table size: 16
	.data: load addr=000019f0, load size=00000043 bytes, run addr=20001810, run size=0000007c bytes, compression=lzss
	.bss: load addr=00001a40, load size=00000008 bytes, run addr=20000000, run size=00001810 bytes, compression=zero_init


LINKER GENERATED HANDLER TABLE

__TI_handler_table @ 00001a34 records: 3, size/record: 4, table size: 12
	index: 0, handler: __TI_decompress_lzss
	index: 1, handler: __TI_decompress_none
	index: 2, handler: __TI_zero_init


GLOBAL SYMBOLS: SORTED ALPHABETICALLY BY Name 

address   name                                      
-------   ----                                      
000019ad  C$$EXIT                                   
0000194f  CPU_cpsid                                 
0000195b  CPU_cpsie                                 
000019a5  CPU_wfi                                   
00001839  CS_setDCOCenteredFrequency                
0000069d  ESP8266_AvailableAPs                      
20000000  ESP8266_Buffer                            
000006d3  ESP8266_ChangeMode1                       
00000667  ESP8266_CheckConnection                   
00000709  ESP8266_ConnectToAP                       
00000781  ESP8266_EnableMultipleConnections         
000007e9  ESP8266_EstablishConnection               
0000094d  ESP8266_GetBuffer                         
0000095d  ESP8266_HardReset                         
0000074b  ESP8266_QueryIP                           
00000891  ESP8266_SendData                          
0000090b  ESP8266_Terminal                          
000005ed  ESP8266_WaitForAnswer                     
000004bd  EUSCIA0_IRQHandler                        
0000054d  EUSCIA2_IRQHandler                        
000017e9  FlashCtl_setWaitState                     
0000185d  GPIO_setAsOutputPin                       
0000169d  GPIO_setAsPeripheralModuleFunctionInputPin
00001911  Interrupt_disableMaster                   
000015e9  Interrupt_enableInterrupt                 
00001921  Interrupt_enableMaster                    
00001791  PCM_getCoreVoltageLevel                   
000017bd  PCM_getPowerMode                          
00001969  PCM_getPowerState                         
00001811  PCM_gotoLPM0                              
00001419  PCM_gotoLPM3                              
000018a5  PCM_gotoLPM3InterruptSafe                 
00001931  PCM_gotoLPM4                              
0000198d  PCM_setCoreVoltageLevel                   
00001995  PCM_setPowerMode                          
0000199d  PCM_setPowerState                         
0000164d  PCM_shutdownDevice                        
00001881  RTC_C_holdClock                           
20001888  SystemCoreClock                           
00000a45  SystemCoreClockUpdate                     
00000cb9  SystemInit                                
20001840  UART0Config                               
20001864  UART2Config                               
20000800  UARTA0Data                                
20001800  UARTA0ReadIndex                           
20001804  UARTA0WriteIndex                          
20001000  UARTA2Data                                
20001808  UARTA2ReadIndex                           
2000180c  UARTA2WriteIndex                          
0000029b  UART_Gets                                 
00000359  UART_Printf                               
0000017d  UART_Read                                 
00000141  UART_Write                                
000018d5  UART_enableInterrupt                      
00001975  UART_enableModule                         
00001385  UART_initModule                           
4000480c  WDTCTL_SYM                                
000018bd  WDT_A_holdTimer                           
20010000  __STACK_END                               
00000200  __STACK_SIZE                              
00001a48  __TI_CINIT_Base                           
00001a58  __TI_CINIT_Limit                          
00001a34  __TI_Handler_Table_Base                   
00001a40  __TI_Handler_Table_Limit                  
000016e5  __TI_auto_init_nobinit_nopinit            
0000157f  __TI_decompress_lzss                      
00001941  __TI_decompress_none                      
ffffffff  __TI_pprof_out_hndl                       
ffffffff  __TI_prof_data_size                       
ffffffff  __TI_prof_data_start                      
00000000  __TI_static_base__                        
00001981  __TI_zero_init                            
00001495  __aeabi_memclr                            
00001495  __aeabi_memclr4                           
00001495  __aeabi_memclr8                           
000012e9  __aeabi_memcpy                            
000012e9  __aeabi_memcpy4                           
000012e9  __aeabi_memcpy8                           
00001497  __aeabi_memset                            
00001497  __aeabi_memset4                           
00001497  __aeabi_memset8                           
ffffffff  __binit__                                 
ffffffff  __c_args__                                
UNDEFED   __mpu_init                                
2000fe00  __stack                                   
20000000  __start___llvm_prf_cnts                   
20000000  __stop___llvm_prf_cnts                    
00001729  _c_int00_noargs                           
UNDEFED   _system_post_cinit                        
000019a9  _system_pre_init                          
000019ad  abort                                     
ffffffff  binit                                     
00000d95  changeState                               
00000ded  connectToWifi                             
00000e49  initWifi                                  
00000000  interruptVectors                          
00000dbb  listAP                                    
00000e17  listIP                                    
00001511  ltoa                                      
00000d81  main                                      
000012e9  memcpy                                    
0000149d  memset                                    
000018eb  strcpy                                    
0000175d  strstr                                    


GLOBAL SYMBOLS: SORTED BY Symbol Address 

address   name                                      
-------   ----                                      
00000000  __TI_static_base__                        
00000000  interruptVectors                          
00000141  UART_Write                                
0000017d  UART_Read                                 
00000200  __STACK_SIZE                              
0000029b  UART_Gets                                 
00000359  UART_Printf                               
000004bd  EUSCIA0_IRQHandler                        
0000054d  EUSCIA2_IRQHandler                        
000005ed  ESP8266_WaitForAnswer                     
00000667  ESP8266_CheckConnection                   
0000069d  ESP8266_AvailableAPs                      
000006d3  ESP8266_ChangeMode1                       
00000709  ESP8266_ConnectToAP                       
0000074b  ESP8266_QueryIP                           
00000781  ESP8266_EnableMultipleConnections         
000007e9  ESP8266_EstablishConnection               
00000891  ESP8266_SendData                          
0000090b  ESP8266_Terminal                          
0000094d  ESP8266_GetBuffer                         
0000095d  ESP8266_HardReset                         
00000a45  SystemCoreClockUpdate                     
00000cb9  SystemInit                                
00000d81  main                                      
00000d95  changeState                               
00000dbb  listAP                                    
00000ded  connectToWifi                             
00000e17  listIP                                    
00000e49  initWifi                                  
000012e9  __aeabi_memcpy                            
000012e9  __aeabi_memcpy4                           
000012e9  __aeabi_memcpy8                           
000012e9  memcpy                                    
00001385  UART_initModule                           
00001419  PCM_gotoLPM3                              
00001495  __aeabi_memclr                            
00001495  __aeabi_memclr4                           
00001495  __aeabi_memclr8                           
00001497  __aeabi_memset                            
00001497  __aeabi_memset4                           
00001497  __aeabi_memset8                           
0000149d  memset                                    
00001511  ltoa                                      
0000157f  __TI_decompress_lzss                      
000015e9  Interrupt_enableInterrupt                 
0000164d  PCM_shutdownDevice                        
0000169d  GPIO_setAsPeripheralModuleFunctionInputPin
000016e5  __TI_auto_init_nobinit_nopinit            
00001729  _c_int00_noargs                           
0000175d  strstr                                    
00001791  PCM_getCoreVoltageLevel                   
000017bd  PCM_getPowerMode                          
000017e9  FlashCtl_setWaitState                     
00001811  PCM_gotoLPM0                              
00001839  CS_setDCOCenteredFrequency                
0000185d  GPIO_setAsOutputPin                       
00001881  RTC_C_holdClock                           
000018a5  PCM_gotoLPM3InterruptSafe                 
000018bd  WDT_A_holdTimer                           
000018d5  UART_enableInterrupt                      
000018eb  strcpy                                    
00001911  Interrupt_disableMaster                   
00001921  Interrupt_enableMaster                    
00001931  PCM_gotoLPM4                              
00001941  __TI_decompress_none                      
0000194f  CPU_cpsid                                 
0000195b  CPU_cpsie                                 
00001969  PCM_getPowerState                         
00001975  UART_enableModule                         
00001981  __TI_zero_init                            
0000198d  PCM_setCoreVoltageLevel                   
00001995  PCM_setPowerMode                          
0000199d  PCM_setPowerState                         
000019a5  CPU_wfi                                   
000019a9  _system_pre_init                          
000019ad  C$$EXIT                                   
000019ad  abort                                     
00001a34  __TI_Handler_Table_Base                   
00001a40  __TI_Handler_Table_Limit                  
00001a48  __TI_CINIT_Base                           
00001a58  __TI_CINIT_Limit                          
20000000  ESP8266_Buffer                            
20000000  __start___llvm_prf_cnts                   
20000000  __stop___llvm_prf_cnts                    
20000800  UARTA0Data                                
20001000  UARTA2Data                                
20001800  UARTA0ReadIndex                           
20001804  UARTA0WriteIndex                          
20001808  UARTA2ReadIndex                           
2000180c  UARTA2WriteIndex                          
20001840  UART0Config                               
20001864  UART2Config                               
20001888  SystemCoreClock                           
2000fe00  __stack                                   
20010000  __STACK_END                               
4000480c  WDTCTL_SYM                                
ffffffff  __TI_pprof_out_hndl                       
ffffffff  __TI_prof_data_size                       
ffffffff  __TI_prof_data_start                      
ffffffff  __binit__                                 
ffffffff  __c_args__                                
ffffffff  binit                                     
UNDEFED   __mpu_init                                
UNDEFED   _system_post_cinit                        

[104 symbols]
