******************************************************************************
                  TI ARM Linker Unix v20.2.7                   
******************************************************************************
>> Linked Fri Nov 25 15:21:07 2022

OUTPUT FILE NAME:   <ESP8266_Wifi.out>
ENTRY POINT SYMBOL: "_c_int00_noargs"  address: 000015dd


MEMORY CONFIGURATION

         name            origin    length      used     unused   attr    fill
----------------------  --------  ---------  --------  --------  ----  --------
  MAIN                  00000000   00040000  000018a0  0003e760  R  X
  INFO                  00200000   00004000  00000000  00004000  R  X
  SRAM_CODE             01000000   00010000  00000000  00010000  RW X
  SRAM_DATA             20000000   00010000  00001ab4  0000e54c  RW  


SEGMENT ALLOCATION MAP

run origin  load origin   length   init length attrs members
----------  ----------- ---------- ----------- ----- -------
00000000    00000000    000018a0   000018a0    r-x
  00000000    00000000    00000140   00000140    r-- .intvecs
  00000140    00000140    00001688   00001688    r-x .text
  000017c8    000017c8    00000040   00000040    r-- .const
  00001808    00001808    00000098   00000098    r-- .cinit
20000000    20000000    000018b4   00000000    rw-
  20000000    20000000    00001810   00000000    rw- .bss
  20001810    20001810    000000a4   00000000    rw- .data
2000fe00    2000fe00    00000200   00000000    rw-
  2000fe00    2000fe00    00000200   00000000    rw- .stack


SECTION ALLOCATION MAP

 output                                  attributes/
section   page    origin      length       input sections
--------  ----  ----------  ----------   ----------------
.intvecs   0    00000000    00000140     
                  00000000    00000140     startup_msp432p401r_ccs.obj (.intvecs:retain)

.text      0    00000140    00001688     
                  00000140    000004ac     UART_Driver.obj (.text)
                  000005ec    00000458     ESP8266.obj (.text)
                  00000a44    0000035c     main.obj (.text)
                  00000da0    0000033c     system_msp432p401r.obj (.text)
                  000010dc    000000dc     msp432p4xx_driverlib.lib : pcm.o (.text:__PCM_setPowerModeAdvanced)
                  000011b8    000000b0                              : pcm.o (.text:__PCM_setCoreVoltageLevelAdvanced)
                  00001268    0000009c     rtsv7M4_T_le_v4SPD16_eabi.lib : memcpy_t2.asm.obj (.text)
                  00001304    00000094     msp432p4xx_driverlib.lib : uart.o (.text:UART_initModule)
                  00001398    0000007a     rtsv7M4_T_le_v4SPD16_eabi.lib : memset_t2.asm.obj (.text)
                  00001412    00000002     --HOLE-- [fill = 0]
                  00001414    0000006e                                   : ltoa.c.obj (.text:ltoa)
                  00001482    00000068                                   : copy_decompress_lzss.c.obj (.text:decompress:lzss:__TI_decompress_lzss)
                  000014ea    00000002     --HOLE-- [fill = 0]
                  000014ec    00000064     msp432p4xx_driverlib.lib : interrupt.o (.text:Interrupt_enableInterrupt)
                  00001550    00000048                              : gpio.o (.text:GPIO_setAsPeripheralModuleFunctionInputPin)
                  00001598    00000044     rtsv7M4_T_le_v4SPD16_eabi.lib : autoinit.c.obj (.text:__TI_auto_init_nobinit_nopinit:__TI_auto_init_nobinit_nopinit)
                  000015dc    00000034                                   : boot_cortex_m.c.obj (.text:_c_int00_noargs:_c_int00_noargs)
                  00001610    00000034                                   : strstr.c.obj (.text:strstr)
                  00001644    0000002c     msp432p4xx_driverlib.lib : pcm.o (.text:PCM_getCoreVoltageLevel)
                  00001670    0000002a                              : pcm.o (.text:PCM_getPowerMode)
                  0000169a    00000002     --HOLE-- [fill = 0]
                  0000169c    00000028                              : flash.o (.text:FlashCtl_setWaitState)
                  000016c4    00000024                              : cs.o (.text:CS_setDCOCenteredFrequency)
                  000016e8    00000024                              : gpio.o (.text:GPIO_setAsOutputPin)
                  0000170c    00000018                              : wdt_a.o (.text:WDT_A_holdTimer)
                  00001724    00000016                              : uart.o (.text:UART_enableInterrupt)
                  0000173a    00000014     rtsv7M4_T_le_v4SPD16_eabi.lib : strcpy.c.obj (.text:strcpy)
                  0000174e    00000012     startup_msp432p401r_ccs.obj (.text)
                  00001760    00000010     msp432p4xx_driverlib.lib : interrupt.o (.text:Interrupt_enableMaster)
                  00001770    0000000e     rtsv7M4_T_le_v4SPD16_eabi.lib : copy_decompress_none.c.obj (.text:decompress:none:__TI_decompress_none)
                  0000177e    0000000c     msp432p4xx_driverlib.lib : cpu.o (.text:CPU_cpsie)
                  0000178a    00000002     --HOLE-- [fill = 0]
                  0000178c    0000000c                              : pcm.o (.text:PCM_getPowerState)
                  00001798    0000000c                              : uart.o (.text:UART_enableModule)
                  000017a4    0000000c     rtsv7M4_T_le_v4SPD16_eabi.lib : copy_zero_init.c.obj (.text:decompress:ZI:__TI_zero_init)
                  000017b0    00000008     msp432p4xx_driverlib.lib : pcm.o (.text:PCM_setCoreVoltageLevel)
                  000017b8    00000008                              : pcm.o (.text:PCM_setPowerMode)
                  000017c0    00000004     rtsv7M4_T_le_v4SPD16_eabi.lib : pre_init.c.obj (.text:_system_pre_init)
                  000017c4    00000004                                   : exit.c.obj (.text:abort:abort)

.const     0    000017c8    00000040     
                  000017c8    00000040     msp432p4xx_driverlib.lib : interrupt.o (.const)

.cinit     0    00001808    00000098     
                  00001808    0000006d     (.cinit..data.load) [load image, compression = lzss]
                  00001875    00000003     --HOLE-- [fill = 0]
                  00001878    0000000c     (__TI_handler_table)
                  00001884    00000004     --HOLE-- [fill = 0]
                  00001888    00000008     (.cinit..bss.load) [load image, compression = zero_init]
                  00001890    00000010     (__TI_cinit_table)

.init_array 
*          0    00000000    00000000     UNINITIALIZED

.bss       0    20000000    00001810     UNINITIALIZED
                  20000000    00000800     (.common:ESP8266_Buffer)
                  20000800    00000800     (.common:UARTA0Data)
                  20001000    00000800     (.common:UARTA2Data)
                  20001800    00000004     (.common:UARTA0ReadIndex)
                  20001804    00000004     (.common:UARTA0WriteIndex)
                  20001808    00000004     (.common:UARTA2ReadIndex)
                  2000180c    00000004     (.common:UARTA2WriteIndex)

.data      0    20001810    000000a4     UNINITIALIZED
                  20001810    00000030     msp432p4xx_driverlib.lib : gpio.o (.data:GPIO_PORT_TO_BASE)
                  20001840    00000024     main.obj (.data:UART0Config)
                  20001864    00000024     main.obj (.data:UART2Config)
                  20001888    00000015     main.obj (.data:http_Request)
                  2000189d    0000000c     main.obj (.data:http_Webpage)
                  200018a9    00000003     main.obj (.data:port)
                  200018ac    00000004     main.obj (.data)
                  200018b0    00000004     system_msp432p401r.obj (.data)

.stack     0    2000fe00    00000200     UNINITIALIZED
                  2000fe00    00000004     rtsv7M4_T_le_v4SPD16_eabi.lib : boot_cortex_m.c.obj (.stack)
                  2000fe04    000001fc     --HOLE--

__llvm_prf_cnts 
*          0    20000000    00000000     UNINITIALIZED

MODULE SUMMARY

       Module                        code   ro data   rw data
       ------                        ----   -------   -------
    ./
       main.obj                      860    0         4224   
       system_msp432p401r.obj        828    0         4      
       startup_msp432p401r_ccs.obj   18     320       0      
    +--+-----------------------------+------+---------+---------+
       Total:                        1706   320       4228   
                                                             
    ./comms/
       ESP8266.obj                   1112   0         2048   
       UART_Driver.obj               1196   0         0      
    +--+-----------------------------+------+---------+---------+
       Total:                        2308   0         2048   
                                                             
    /Applications/ti/ccs1200/ccs/tools/compiler/ti-cgt-arm_20.2.7.LTS/lib/rtsv7M4_T_le_v4SPD16_eabi.lib
       memcpy_t2.asm.obj             156    0         0      
       memset_t2.asm.obj             122    0         0      
       ltoa.c.obj                    110    0         0      
       copy_decompress_lzss.c.obj    104    0         0      
       autoinit.c.obj                68     0         0      
       boot_cortex_m.c.obj           52     0         0      
       strstr.c.obj                  52     0         0      
       strcpy.c.obj                  20     0         0      
       copy_decompress_none.c.obj    14     0         0      
       copy_zero_init.c.obj          12     0         0      
       exit.c.obj                    4      0         0      
       pre_init.c.obj                4      0         0      
    +--+-----------------------------+------+---------+---------+
       Total:                        718    0         0      
                                                             
    /Users/aviendre/Downloads/msp432_driverlib_3_21_00_05/driverlib/MSP432P4xx/ccs/msp432p4xx_driverlib.lib
       pcm.o                         510    0         0      
       uart.o                        182    0         0      
       interrupt.o                   116    64        0      
       gpio.o                        108    0         48     
       flash.o                       40     0         0      
       cs.o                          36     0         0      
       wdt_a.o                       24     0         0      
       cpu.o                         12     0         0      
    +--+-----------------------------+------+---------+---------+
       Total:                        1028   64        48     
                                                             
       Stack:                        0      0         512    
       Linker Generated:             0      145       0      
    +--+-----------------------------+------+---------+---------+
       Grand Total:                  5760   529       6836   


LINKER GENERATED COPY TABLES

__TI_cinit_table @ 00001890 records: 2, size/record: 8, table size: 16
	.data: load addr=00001808, load size=0000006d bytes, run addr=20001810, run size=000000a4 bytes, compression=lzss
	.bss: load addr=00001888, load size=00000008 bytes, run addr=20000000, run size=00001810 bytes, compression=zero_init


LINKER GENERATED HANDLER TABLE

__TI_handler_table @ 00001878 records: 3, size/record: 4, table size: 12
	index: 0, handler: __TI_decompress_lzss
	index: 1, handler: __TI_decompress_none
	index: 2, handler: __TI_zero_init


GLOBAL SYMBOLS: SORTED ALPHABETICALLY BY Name 

address   name                                      
-------   ----                                      
000017c5  C$$EXIT                                   
0000177f  CPU_cpsie                                 
000016c5  CS_setDCOCenteredFrequency                
0000069d  ESP8266_AvailableAPs                      
20000000  ESP8266_Buffer                            
000006d3  ESP8266_ChangeMode1                       
00000667  ESP8266_CheckConnection                   
00000709  ESP8266_ConnectToAP                       
00000781  ESP8266_EnableMultipleConnections         
000007e9  ESP8266_EstablishConnection               
0000094d  ESP8266_GetBuffer                         
0000095d  ESP8266_HardReset                         
0000074b  ESP8266_QueryIP                           
00000891  ESP8266_SendData                          
0000090b  ESP8266_Terminal                          
000005ed  ESP8266_WaitForAnswer                     
000004bd  EUSCIA0_IRQHandler                        
0000054d  EUSCIA2_IRQHandler                        
0000169d  FlashCtl_setWaitState                     
000016e9  GPIO_setAsOutputPin                       
00001551  GPIO_setAsPeripheralModuleFunctionInputPin
000014ed  Interrupt_enableInterrupt                 
00001761  Interrupt_enableMaster                    
00001645  PCM_getCoreVoltageLevel                   
00001671  PCM_getPowerMode                          
0000178d  PCM_getPowerState                         
000017b1  PCM_setCoreVoltageLevel                   
000017b9  PCM_setPowerMode                          
200018b0  SystemCoreClock                           
00000da1  SystemCoreClockUpdate                     
00001015  SystemInit                                
20001840  UART0Config                               
20001864  UART2Config                               
20000800  UARTA0Data                                
20001800  UARTA0ReadIndex                           
20001804  UARTA0WriteIndex                          
20001000  UARTA2Data                                
20001808  UARTA2ReadIndex                           
2000180c  UARTA2WriteIndex                          
0000029b  UART_Gets                                 
00000359  UART_Printf                               
0000017d  UART_Read                                 
00000141  UART_Write                                
00001725  UART_enableInterrupt                      
00001799  UART_enableModule                         
00001305  UART_initModule                           
4000480c  WDTCTL_SYM                                
0000170d  WDT_A_holdTimer                           
20010000  __STACK_END                               
00000200  __STACK_SIZE                              
00001890  __TI_CINIT_Base                           
000018a0  __TI_CINIT_Limit                          
00001878  __TI_Handler_Table_Base                   
00001884  __TI_Handler_Table_Limit                  
00001599  __TI_auto_init_nobinit_nopinit            
00001483  __TI_decompress_lzss                      
00001771  __TI_decompress_none                      
ffffffff  __TI_pprof_out_hndl                       
ffffffff  __TI_prof_data_size                       
ffffffff  __TI_prof_data_start                      
00000000  __TI_static_base__                        
000017a5  __TI_zero_init                            
00001399  __aeabi_memclr                            
00001399  __aeabi_memclr4                           
00001399  __aeabi_memclr8                           
00001269  __aeabi_memcpy                            
00001269  __aeabi_memcpy4                           
00001269  __aeabi_memcpy8                           
0000139b  __aeabi_memset                            
0000139b  __aeabi_memset4                           
0000139b  __aeabi_memset8                           
ffffffff  __binit__                                 
ffffffff  __c_args__                                
UNDEFED   __mpu_init                                
2000fe00  __stack                                   
20000000  __start___llvm_prf_cnts                   
20000000  __stop___llvm_prf_cnts                    
000015dd  _c_int00_noargs                           
UNDEFED   _system_post_cinit                        
000017c1  _system_pre_init                          
000017c5  abort                                     
ffffffff  binit                                     
00000ae7  changeState                               
00000a5d  connectHTTP                               
00000b3f  connectToWifi                             
20001888  http_Request                              
200018ac  http_Request_Size                         
2000189d  http_Webpage                              
00000b9b  initWifi                                  
00000000  interruptVectors                          
00000b0d  listAP                                    
00000b69  listIP                                    
00001415  ltoa                                      
00000a45  main                                      
00001269  memcpy                                    
000013a1  memset                                    
00000ac7  multipleConnections                       
200018a9  port                                      
00000a8f  sendRequest                               
0000173b  strcpy                                    
00001611  strstr                                    


GLOBAL SYMBOLS: SORTED BY Symbol Address 

address   name                                      
-------   ----                                      
00000000  __TI_static_base__                        
00000000  interruptVectors                          
00000141  UART_Write                                
0000017d  UART_Read                                 
00000200  __STACK_SIZE                              
0000029b  UART_Gets                                 
00000359  UART_Printf                               
000004bd  EUSCIA0_IRQHandler                        
0000054d  EUSCIA2_IRQHandler                        
000005ed  ESP8266_WaitForAnswer                     
00000667  ESP8266_CheckConnection                   
0000069d  ESP8266_AvailableAPs                      
000006d3  ESP8266_ChangeMode1                       
00000709  ESP8266_ConnectToAP                       
0000074b  ESP8266_QueryIP                           
00000781  ESP8266_EnableMultipleConnections         
000007e9  ESP8266_EstablishConnection               
00000891  ESP8266_SendData                          
0000090b  ESP8266_Terminal                          
0000094d  ESP8266_GetBuffer                         
0000095d  ESP8266_HardReset                         
00000a45  main                                      
00000a5d  connectHTTP                               
00000a8f  sendRequest                               
00000ac7  multipleConnections                       
00000ae7  changeState                               
00000b0d  listAP                                    
00000b3f  connectToWifi                             
00000b69  listIP                                    
00000b9b  initWifi                                  
00000da1  SystemCoreClockUpdate                     
00001015  SystemInit                                
00001269  __aeabi_memcpy                            
00001269  __aeabi_memcpy4                           
00001269  __aeabi_memcpy8                           
00001269  memcpy                                    
00001305  UART_initModule                           
00001399  __aeabi_memclr                            
00001399  __aeabi_memclr4                           
00001399  __aeabi_memclr8                           
0000139b  __aeabi_memset                            
0000139b  __aeabi_memset4                           
0000139b  __aeabi_memset8                           
000013a1  memset                                    
00001415  ltoa                                      
00001483  __TI_decompress_lzss                      
000014ed  Interrupt_enableInterrupt                 
00001551  GPIO_setAsPeripheralModuleFunctionInputPin
00001599  __TI_auto_init_nobinit_nopinit            
000015dd  _c_int00_noargs                           
00001611  strstr                                    
00001645  PCM_getCoreVoltageLevel                   
00001671  PCM_getPowerMode                          
0000169d  FlashCtl_setWaitState                     
000016c5  CS_setDCOCenteredFrequency                
000016e9  GPIO_setAsOutputPin                       
0000170d  WDT_A_holdTimer                           
00001725  UART_enableInterrupt                      
0000173b  strcpy                                    
00001761  Interrupt_enableMaster                    
00001771  __TI_decompress_none                      
0000177f  CPU_cpsie                                 
0000178d  PCM_getPowerState                         
00001799  UART_enableModule                         
000017a5  __TI_zero_init                            
000017b1  PCM_setCoreVoltageLevel                   
000017b9  PCM_setPowerMode                          
000017c1  _system_pre_init                          
000017c5  C$$EXIT                                   
000017c5  abort                                     
00001878  __TI_Handler_Table_Base                   
00001884  __TI_Handler_Table_Limit                  
00001890  __TI_CINIT_Base                           
000018a0  __TI_CINIT_Limit                          
20000000  ESP8266_Buffer                            
20000000  __start___llvm_prf_cnts                   
20000000  __stop___llvm_prf_cnts                    
20000800  UARTA0Data                                
20001000  UARTA2Data                                
20001800  UARTA0ReadIndex                           
20001804  UARTA0WriteIndex                          
20001808  UARTA2ReadIndex                           
2000180c  UARTA2WriteIndex                          
20001840  UART0Config                               
20001864  UART2Config                               
20001888  http_Request                              
2000189d  http_Webpage                              
200018a9  port                                      
200018ac  http_Request_Size                         
200018b0  SystemCoreClock                           
2000fe00  __stack                                   
20010000  __STACK_END                               
4000480c  WDTCTL_SYM                                
ffffffff  __TI_pprof_out_hndl                       
ffffffff  __TI_prof_data_size                       
ffffffff  __TI_prof_data_start                      
ffffffff  __binit__                                 
ffffffff  __c_args__                                
ffffffff  binit                                     
UNDEFED   __mpu_init                                
UNDEFED   _system_post_cinit                        

[101 symbols]
