******************************************************************************
                  TI ARM Linker PC v18.12.4                    
******************************************************************************
>> Linked Wed Nov  9 17:05:01 2022

OUTPUT FILE NAME:   <Assignment_UART_Throughput.out>
ENTRY POINT SYMBOL: "_c_int00_noargs"  address: 00002c31


MEMORY CONFIGURATION

         name            origin    length      used     unused   attr    fill
----------------------  --------  ---------  --------  --------  ----  --------
  MAIN                  00000000   00040000  000031b4  0003ce4c  R  X
  INFO                  00200000   00004000  00000000  00004000  R  X
  SRAM_CODE             01000000   00010000  00000000  00010000  RW X
  SRAM_DATA             20000000   00010000  00000a84  0000f57c  RW  


SEGMENT ALLOCATION MAP

run origin  load origin   length   init length attrs members
----------  ----------- ---------- ----------- ----- -------
00000000    00000000    000031b8   000031b8    r-x
  00000000    00000000    00000140   00000140    r-- .intvecs
  00000140    00000140    00002e70   00002e70    r-x .text
  00002fb0    00002fb0    000001a4   000001a4    r-- .const
  00003158    00003158    00000060   00000060    r-- .cinit
20000000    20000000    00000884   00000000    rw-
  20000000    20000000    00000800   00000000    rw- .sysmem
  20000800    20000800    00000050   00000000    rw- .data
  20000850    20000850    00000034   00000000    rw- .bss
2000fe00    2000fe00    00000200   00000000    rw-
  2000fe00    2000fe00    00000200   00000000    rw- .stack


SECTION ALLOCATION MAP

 output                                  attributes/
section   page    origin      length       input sections
--------  ----  ----------  ----------   ----------------
.intvecs   0    00000000    00000140     
                  00000000    00000140     startup_msp432p401r_ccs.obj (.intvecs:retain)

.text      0    00000140    00002e70     
                  00000140    00000a4e     rtsv7M4_T_le_v4SPD16_eabi.lib : _printfi.c.obj (.text:__TI_printfi)
                  00000b8e    00000002                                   : _lock.c.obj (.text:_nop)
                  00000b90    00000328     system_msp432p401r.obj (.text)
                  00000eb8    000002ec     ThroughputTest.obj (.text)
                  000011a4    00000270     rtsv7M4_T_le_v4SPD16_eabi.lib : _printfi.c.obj (.text:_pconv_a)
                  00001414    000001d0                                   : _printfi.c.obj (.text:_pconv_g)
                  000015e4    000001b6                                   : fd_add_t2.asm.obj (.text)
                  0000179a    000001a0     msp432p4xx_driverlib.lib : pcm.o (.text:__PCM_setPowerStateAdvanced)
                  0000193a    00000002     rtsv7M4_T_le_v4SPD16_eabi.lib : div0.asm.obj (.text)
                  0000193c    0000013c                                   : _printfi.c.obj (.text:_pconv_e)
                  00001a78    00000136                                   : fd_div_t2.asm.obj (.text)
                  00001bae    00000002     --HOLE-- [fill = 0]
                  00001bb0    00000124                                   : _printfi.c.obj (.text:fcvt)
                  00001cd4    00000118                                   : memory.c.obj (.text:aligned_alloc)
                  00001dec    00000110                                   : s_scalbn.c.obj (.text:scalbn)
                  00001efc    000000fc                                   : fd_mul_t2.asm.obj (.text)
                  00001ff8    000000dc     msp432p4xx_driverlib.lib : pcm.o (.text:__PCM_setPowerModeAdvanced)
                  000020d4    000000b2                              : timer_a.o (.text:privateTimer_AProcessClockSourceDivider)
                  00002186    00000002     --HOLE-- [fill = 0]
                  00002188    000000b1     rtsv7M4_T_le_v4SPD16_eabi.lib : _printfi.c.obj (.text:_ltostr)
                  00002239    00000003     --HOLE-- [fill = 0]
                  0000223c    000000b0     msp432p4xx_driverlib.lib : pcm.o (.text:__PCM_setCoreVoltageLevelAdvanced)
                  000022ec    0000009c     rtsv7M4_T_le_v4SPD16_eabi.lib : memcpy_t2.asm.obj (.text)
                  00002388    00000096                                   : ull_div_t2.asm.obj (.text)
                  0000241e    00000002     --HOLE-- [fill = 0]
                  00002420    00000094     msp432p4xx_driverlib.lib : uart.o (.text:UART_initModule)
                  000024b4    00000086     rtsv7M4_T_le_v4SPD16_eabi.lib : fd_cmp_t2.asm.obj (.text:__aeabi_cdcmple)
                  0000253a    00000086                                   : fd_cmp_t2.asm.obj (.text:__aeabi_cdrcmple)
                  000025c0    0000007c     msp432p4xx_driverlib.lib : pcm.o (.text:PCM_gotoLPM3)
                  0000263c    0000007a     rtsv7M4_T_le_v4SPD16_eabi.lib : memset_t2.asm.obj (.text)
                  000026b6    00000002     --HOLE-- [fill = 0]
                  000026b8    00000070                                   : memory.c.obj (.text:split)
                  00002728    0000006e                                   : _printfi.c.obj (.text:_mcpy)
                  00002796    00000068                                   : copy_decompress_lzss.c.obj (.text:decompress:lzss:__TI_decompress_lzss)
                  000027fe    00000002     --HOLE-- [fill = 0]
                  00002800    00000064     msp432p4xx_driverlib.lib : interrupt.o (.text:Interrupt_enableInterrupt)
                  00002864    00000064     rtsv7M4_T_le_v4SPD16_eabi.lib : s_frexp.c.obj (.text:frexp)
                  000028c8    00000056                                   : _printfi.c.obj (.text:_pconv_f)
                  0000291e    00000054                                   : ltoa.c.obj (.text:ltoa)
                  00002972    00000052                                   : _printfi.c.obj (.text:_ecpy)
                  000029c4    00000050     msp432p4xx_driverlib.lib : pcm.o (.text:PCM_shutdownDevice)
                  00002a14    0000004c     rtsv7M4_T_le_v4SPD16_eabi.lib : atoi.c.obj (.text:atoi)
                  00002a60    00000048     msp432p4xx_driverlib.lib : gpio.o (.text:GPIO_setAsPeripheralModuleFunctionInputPin)
                  00002aa8    00000048     rtsv7M4_T_le_v4SPD16_eabi.lib : fd_toi_t2.asm.obj (.text)
                  00002af0    00000044     msp432p4xx_driverlib.lib : timer_a.o (.text:Timer_A_configureUpMode)
                  00002b34    00000044     rtsv7M4_T_le_v4SPD16_eabi.lib : autoinit.c.obj (.text:__TI_auto_init_nobinit_nopinit:__TI_auto_init_nobinit_nopinit)
                  00002b78    00000040                                   : sprintf.c.obj (.text:sprintf)
                  00002bb8    0000003e                                   : _printfi.c.obj (.text:_fcpy)
                  00002bf6    00000038                                   : fs_tod_t2.asm.obj (.text)
                  00002c2e    00000002     --HOLE-- [fill = 0]
                  00002c30    00000034                                   : boot_cortex_m.c.obj (.text:_c_int00_noargs:_c_int00_noargs)
                  00002c64    0000002e                                   : i_tofd_t2.asm.obj (.text)
                  00002c92    0000002c     msp432p4xx_driverlib.lib : pcm.o (.text:PCM_getCoreVoltageLevel)
                  00002cbe    0000002a                              : pcm.o (.text:PCM_getPowerMode)
                  00002ce8    00000028                              : pcm.o (.text:PCM_gotoLPM0)
                  00002d10    00000028     rtsv7M4_T_le_v4SPD16_eabi.lib : memory.c.obj (.text:free_list_insert)
                  00002d38    00000024     msp432p4xx_driverlib.lib : rtc_c.o (.text:RTC_C_holdClock)
                  00002d5c    00000024                              : uart.o (.text:UART_receiveData)
                  00002d80    00000024                              : uart.o (.text:UART_transmitData)
                  00002da4    0000001c                              : timer_a.o (.text:Timer_A_getCounterValue)
                  00002dc0    0000001c     rtsv7M4_T_le_v4SPD16_eabi.lib : copy_zero_init.c.obj (.text:decompress:ZI:__TI_zero_init_nomemset:__TI_zero_init_nomemset)
                  00002ddc    0000001c                                   : memory.c.obj (.text:free_list_remove)
                  00002df8    0000001c                                   : memccpy.c.obj (.text:memccpy)
                  00002e14    0000001a     msp432p4xx_driverlib.lib : timer_a.o (.text:Timer_A_clearCaptureCompareInterrupt)
                  00002e2e    0000001a     rtsv7M4_T_le_v4SPD16_eabi.lib : s_copysign.c.obj (.text:copysign)
                  00002e48    00000018     msp432p4xx_driverlib.lib : pcm.o (.text:PCM_gotoLPM3InterruptSafe)
                  00002e60    00000018                              : wdt_a.o (.text:WDT_A_holdTimer)
                  00002e78    00000018     rtsv7M4_T_le_v4SPD16_eabi.lib : sprintf.c.obj (.text:_outs)
                  00002e90    00000016     msp432p4xx_driverlib.lib : uart.o (.text:UART_enableInterrupt)
                  00002ea6    00000016     rtsv7M4_T_le_v4SPD16_eabi.lib : strchr.c.obj (.text:strchr)
                  00002ebc    00000014                                   : strlen.c.obj (.text:strlen)
                  00002ed0    00000012     startup_msp432p401r_ccs.obj (.text)
                  00002ee2    00000012     rtsv7M4_T_le_v4SPD16_eabi.lib : wcslen.c.obj (.text:wcslen)
                  00002ef4    00000010     msp432p4xx_driverlib.lib : interrupt.o (.text:Interrupt_disableMaster)
                  00002f04    00000010                              : interrupt.o (.text:Interrupt_enableMaster)
                  00002f14    00000010                              : pcm.o (.text:PCM_gotoLPM4)
                  00002f24    0000000e     rtsv7M4_T_le_v4SPD16_eabi.lib : copy_decompress_none.c.obj (.text:decompress:none:__TI_decompress_none)
                  00002f32    0000000c     msp432p4xx_driverlib.lib : cpu.o (.text:CPU_cpsid)
                  00002f3e    0000000c                              : cpu.o (.text:CPU_cpsie)
                  00002f4a    00000002     --HOLE-- [fill = 0]
                  00002f4c    0000000c                              : pcm.o (.text:PCM_getPowerState)
                  00002f58    0000000c                              : timer_a.o (.text:Timer_A_stopTimer)
                  00002f64    0000000c                              : uart.o (.text:UART_enableModule)
                  00002f70    0000000a     rtsv7M4_T_le_v4SPD16_eabi.lib : sprintf.c.obj (.text:_outc)
                  00002f7a    00000008     msp432p4xx_driverlib.lib : pcm.o (.text:PCM_setPowerMode)
                  00002f82    00000008                              : pcm.o (.text:PCM_setPowerState)
                  00002f8a    00000008                              : timer_a.o (.text:Timer_A_startCounter)
                  00002f92    00000002     --HOLE-- [fill = 0]
                  00002f94    00000008     rtsv7M4_T_le_v4SPD16_eabi.lib : errno.c.obj (.text:__aeabi_errno_addr)
                  00002f9c    00000008                                   : memory.c.obj (.text:malloc)
                  00002fa4    00000004     msp432p4xx_driverlib.lib : cpu.o (.text:CPU_wfi)
                  00002fa8    00000004     rtsv7M4_T_le_v4SPD16_eabi.lib : pre_init.c.obj (.text:_system_pre_init)
                  00002fac    00000004                                   : exit.c.obj (.text:abort:abort)

.const     0    00002fb0    000001a4     
                  00002fb0    00000101     rtsv7M4_T_le_v4SPD16_eabi.lib : ctype.c.obj (.const:.string:_ctypes_)
                  000030b1    00000003     --HOLE-- [fill = 0]
                  000030b4    00000040     msp432p4xx_driverlib.lib : interrupt.o (.const)
                  000030f4    00000024     ThroughputTest.obj (.const:uartConsoleConfig)
                  00003118    00000024     ThroughputTest.obj (.const:uartM5Config)
                  0000313c    00000018     ThroughputTest.obj (.const:upTimer)

.cinit     0    00003158    00000060     
                  00003158    00000039     (.cinit..data.load) [load image, compression = lzss]
                  00003191    00000003     --HOLE-- [fill = 0]
                  00003194    0000000c     (__TI_handler_table)
                  000031a0    00000008     (.cinit..bss.load) [load image, compression = zero_init]
                  000031a8    00000010     (__TI_cinit_table)

.init_array 
*          0    00000000    00000000     UNINITIALIZED

.sysmem    0    20000000    00000800     UNINITIALIZED
                  20000000    00000010     rtsv7M4_T_le_v4SPD16_eabi.lib : memory.c.obj (.sysmem)
                  20000010    000007f0     --HOLE--

.data      0    20000800    00000050     UNINITIALIZED
                  20000800    00000030     msp432p4xx_driverlib.lib : gpio.o (.data:GPIO_PORT_TO_BASE)
                  20000830    00000008     rtsv7M4_T_le_v4SPD16_eabi.lib : _lock.c.obj (.data:$O1$$)
                  20000838    00000008                                   : memory.c.obj (.data:$O1$$)
                  20000840    00000008     ThroughputTest.obj (.data)
                  20000848    00000004     rtsv7M4_T_le_v4SPD16_eabi.lib : errno.c.obj (.data)
                  2000084c    00000004     system_msp432p401r.obj (.data)

.bss       0    20000850    00000034     UNINITIALIZED
                  20000850    00000034     (.common:buffer)

.stack     0    2000fe00    00000200     UNINITIALIZED
                  2000fe00    00000004     rtsv7M4_T_le_v4SPD16_eabi.lib : boot_cortex_m.c.obj (.stack)
                  2000fe04    000001fc     --HOLE--

MODULE SUMMARY

       Module                        code    ro data   rw data
       ------                        ----    -------   -------
    .\
       ThroughputTest.obj            748     96        60     
       system_msp432p401r.obj        808     0         4      
       startup_msp432p401r_ccs.obj   18      320       0      
    +--+-----------------------------+-------+---------+---------+
       Total:                        1574    416       64     
                                                              
    C:\ti\ccs930\ccs\tools\compiler\ti-cgt-arm_18.12.4.LTS\lib\rtsv7M4_T_le_v4SPD16_eabi.lib
       _printfi.c.obj                4851    0         0      
       memory.c.obj                  468     0         8      
       fd_add_t2.asm.obj             438     0         0      
       fd_div_t2.asm.obj             310     0         0      
       s_scalbn.c.obj                272     0         0      
       fd_cmp_t2.asm.obj             268     0         0      
       ctype.c.obj                   0       257       0      
       fd_mul_t2.asm.obj             252     0         0      
       memcpy_t2.asm.obj             156     0         0      
       ull_div_t2.asm.obj            150     0         0      
       memset_t2.asm.obj             122     0         0      
       copy_decompress_lzss.c.obj    104     0         0      
       s_frexp.c.obj                 100     0         0      
       sprintf.c.obj                 98      0         0      
       ltoa.c.obj                    84      0         0      
       atoi.c.obj                    76      0         0      
       fd_toi_t2.asm.obj             72      0         0      
       autoinit.c.obj                68      0         0      
       fs_tod_t2.asm.obj             56      0         0      
       boot_cortex_m.c.obj           52      0         0      
       i_tofd_t2.asm.obj             46      0         0      
       copy_zero_init.c.obj          28      0         0      
       memccpy.c.obj                 28      0         0      
       s_copysign.c.obj              26      0         0      
       strchr.c.obj                  22      0         0      
       strlen.c.obj                  20      0         0      
       wcslen.c.obj                  18      0         0      
       copy_decompress_none.c.obj    14      0         0      
       errno.c.obj                   8       0         4      
       _lock.c.obj                   2       0         8      
       exit.c.obj                    4       0         0      
       pre_init.c.obj                4       0         0      
       div0.asm.obj                  2       0         0      
    +--+-----------------------------+-------+---------+---------+
       Total:                        8219    257       20     
                                                              
    D:/School/CSC2003 Embedded Systems/msp432_driverlib_3_21_00_05/driverlib/MSP432P4xx/ccs/msp432p4xx_driverlib.lib
       pcm.o                         1210    0         0      
       timer_a.o                     320     0         0      
       uart.o                        254     0         0      
       interrupt.o                   132     64        0      
       gpio.o                        72      0         48     
       rtc_c.o                       36      0         0      
       cpu.o                         28      0         0      
       wdt_a.o                       24      0         0      
    +--+-----------------------------+-------+---------+---------+
       Total:                        2076    64        48     
                                                              
       Heap:                         0       0         2048   
       Stack:                        0       0         512    
       Linker Generated:             0       93        0      
    +--+-----------------------------+-------+---------+---------+
       Grand Total:                  11869   830       2692   


LINKER GENERATED COPY TABLES

__TI_cinit_table @ 000031a8 records: 2, size/record: 8, table size: 16
	.data: load addr=00003158, load size=00000039 bytes, run addr=20000800, run size=00000050 bytes, compression=lzss
	.bss: load addr=000031a0, load size=00000008 bytes, run addr=20000850, run size=00000034 bytes, compression=zero_init


LINKER GENERATED HANDLER TABLE

__TI_handler_table @ 00003194 records: 3, size/record: 4, table size: 12
	index: 0, handler: __TI_decompress_lzss
	index: 1, handler: __TI_decompress_none
	index: 2, handler: __TI_zero_init


GLOBAL SYMBOLS: SORTED ALPHABETICALLY BY Name 

address   name                                      
-------   ----                                      
00002fad  C$$EXIT                                   
00002f33  CPU_cpsid                                 
00002f3f  CPU_cpsie                                 
00002fa5  CPU_wfi                                   
00000fef  EUSCIA2_IRQHandler                        
00002a61  GPIO_setAsPeripheralModuleFunctionInputPin
00002ef5  Interrupt_disableMaster                   
00002801  Interrupt_enableInterrupt                 
00002f05  Interrupt_enableMaster                    
00002c93  PCM_getCoreVoltageLevel                   
00002cbf  PCM_getPowerMode                          
00002f4d  PCM_getPowerState                         
00002ce9  PCM_gotoLPM0                              
000025c1  PCM_gotoLPM3                              
00002e49  PCM_gotoLPM3InterruptSafe                 
00002f15  PCM_gotoLPM4                              
00002f7b  PCM_setPowerMode                          
00002f83  PCM_setPowerState                         
000029c5  PCM_shutdownDevice                        
00002d39  RTC_C_holdClock                           
2000084c  SystemCoreClock                           
00000b91  SystemCoreClockUpdate                     
00000e05  SystemInit                                
000010b9  TA1_0_IRQHandler                          
00002e15  Timer_A_clearCaptureCompareInterrupt      
00002af1  Timer_A_configureUpMode                   
00002da5  Timer_A_getCounterValue                   
00002f8b  Timer_A_startCounter                      
00002f59  Timer_A_stopTimer                         
00002e91  UART_enableInterrupt                      
00002f65  UART_enableModule                         
00002421  UART_initModule                           
00002d5d  UART_receiveData                          
00002d81  UART_transmitData                         
4000480c  WDTCTL_SYM                                
00002e61  WDT_A_holdTimer                           
20010000  __STACK_END                               
00000200  __STACK_SIZE                              
00000800  __SYSMEM_SIZE                             
000031a8  __TI_CINIT_Base                           
000031b8  __TI_CINIT_Limit                          
00003194  __TI_Handler_Table_Base                   
000031a0  __TI_Handler_Table_Limit                  
00002b35  __TI_auto_init_nobinit_nopinit            
00002797  __TI_decompress_lzss                      
00002f25  __TI_decompress_none                      
ffffffff  __TI_pprof_out_hndl                       
00000141  __TI_printfi                              
ffffffff  __TI_prof_data_size                       
ffffffff  __TI_prof_data_start                      
00000000  __TI_static_base__                        
00002dc1  __TI_zero_init_nomemset                   
000024b5  __aeabi_cdcmpeq                           
000024b5  __aeabi_cdcmple                           
0000253b  __aeabi_cdrcmple                          
00002aa9  __aeabi_d2iz                              
000015ef  __aeabi_dadd                              
00001a79  __aeabi_ddiv                              
00001efd  __aeabi_dmul                              
000015e5  __aeabi_dsub                              
00002f95  __aeabi_errno_addr                        
00002bf7  __aeabi_f2d                               
00002c65  __aeabi_i2d                               
0000193b  __aeabi_idiv0                             
0000193b  __aeabi_ldiv0                             
0000263d  __aeabi_memclr                            
0000263d  __aeabi_memclr4                           
0000263d  __aeabi_memclr8                           
000022ed  __aeabi_memcpy                            
000022ed  __aeabi_memcpy4                           
000022ed  __aeabi_memcpy8                           
0000263f  __aeabi_memset                            
0000263f  __aeabi_memset4                           
0000263f  __aeabi_memset8                           
00002389  __aeabi_uldivmod                          
ffffffff  __binit__                                 
ffffffff  __c_args__                                
UNDEFED   __mpu_init                                
2000fe00  __stack                                   
00002c31  _c_int00_noargs                           
00002fb0  _ctypes_                                  
20000830  _lock                                     
00000b8f  _nop                                      
20000000  _sys_memory                               
UNDEFED   _system_post_cinit                        
00002fa9  _system_pre_init                          
20000834  _unlock                                   
00002fad  abort                                     
00001cd5  aligned_alloc                             
00002a15  atoi                                      
ffffffff  binit                                     
20000850  buffer                                    
00002e2f  copysign                                  
00002e2f  copysignl                                 
20000844  currentTime                               
00000f63  delay                                     
20000848  errno                                     
00002865  frexp                                     
00002865  frexpl                                    
00000000  interruptVectors                          
20000840  j                                         
00001ded  ldexp                                     
00001ded  ldexpl                                    
0000291f  ltoa                                      
00000eb9  main                                      
00002f9d  malloc                                    
00001cd5  memalign                                  
00002df9  memccpy                                   
000022ed  memcpy                                    
00002645  memset                                    
00001ded  scalbn                                    
00001ded  scalbnl                                   
00002b79  sprintf                                   
00002ea7  strchr                                    
00002ebd  strlen                                    
00000fbd  uPrintfConsole                            
00000f8b  uPrintfM5                                 
000030f4  uartConsoleConfig                         
00003118  uartM5Config                              
0000313c  upTimer                                   
00002ee3  wcslen                                    


GLOBAL SYMBOLS: SORTED BY Symbol Address 

address   name                                      
-------   ----                                      
00000000  __TI_static_base__                        
00000000  interruptVectors                          
00000141  __TI_printfi                              
00000200  __STACK_SIZE                              
00000800  __SYSMEM_SIZE                             
00000b8f  _nop                                      
00000b91  SystemCoreClockUpdate                     
00000e05  SystemInit                                
00000eb9  main                                      
00000f63  delay                                     
00000f8b  uPrintfM5                                 
00000fbd  uPrintfConsole                            
00000fef  EUSCIA2_IRQHandler                        
000010b9  TA1_0_IRQHandler                          
000015e5  __aeabi_dsub                              
000015ef  __aeabi_dadd                              
0000193b  __aeabi_idiv0                             
0000193b  __aeabi_ldiv0                             
00001a79  __aeabi_ddiv                              
00001cd5  aligned_alloc                             
00001cd5  memalign                                  
00001ded  ldexp                                     
00001ded  ldexpl                                    
00001ded  scalbn                                    
00001ded  scalbnl                                   
00001efd  __aeabi_dmul                              
000022ed  __aeabi_memcpy                            
000022ed  __aeabi_memcpy4                           
000022ed  __aeabi_memcpy8                           
000022ed  memcpy                                    
00002389  __aeabi_uldivmod                          
00002421  UART_initModule                           
000024b5  __aeabi_cdcmpeq                           
000024b5  __aeabi_cdcmple                           
0000253b  __aeabi_cdrcmple                          
000025c1  PCM_gotoLPM3                              
0000263d  __aeabi_memclr                            
0000263d  __aeabi_memclr4                           
0000263d  __aeabi_memclr8                           
0000263f  __aeabi_memset                            
0000263f  __aeabi_memset4                           
0000263f  __aeabi_memset8                           
00002645  memset                                    
00002797  __TI_decompress_lzss                      
00002801  Interrupt_enableInterrupt                 
00002865  frexp                                     
00002865  frexpl                                    
0000291f  ltoa                                      
000029c5  PCM_shutdownDevice                        
00002a15  atoi                                      
00002a61  GPIO_setAsPeripheralModuleFunctionInputPin
00002aa9  __aeabi_d2iz                              
00002af1  Timer_A_configureUpMode                   
00002b35  __TI_auto_init_nobinit_nopinit            
00002b79  sprintf                                   
00002bf7  __aeabi_f2d                               
00002c31  _c_int00_noargs                           
00002c65  __aeabi_i2d                               
00002c93  PCM_getCoreVoltageLevel                   
00002cbf  PCM_getPowerMode                          
00002ce9  PCM_gotoLPM0                              
00002d39  RTC_C_holdClock                           
00002d5d  UART_receiveData                          
00002d81  UART_transmitData                         
00002da5  Timer_A_getCounterValue                   
00002dc1  __TI_zero_init_nomemset                   
00002df9  memccpy                                   
00002e15  Timer_A_clearCaptureCompareInterrupt      
00002e2f  copysign                                  
00002e2f  copysignl                                 
00002e49  PCM_gotoLPM3InterruptSafe                 
00002e61  WDT_A_holdTimer                           
00002e91  UART_enableInterrupt                      
00002ea7  strchr                                    
00002ebd  strlen                                    
00002ee3  wcslen                                    
00002ef5  Interrupt_disableMaster                   
00002f05  Interrupt_enableMaster                    
00002f15  PCM_gotoLPM4                              
00002f25  __TI_decompress_none                      
00002f33  CPU_cpsid                                 
00002f3f  CPU_cpsie                                 
00002f4d  PCM_getPowerState                         
00002f59  Timer_A_stopTimer                         
00002f65  UART_enableModule                         
00002f7b  PCM_setPowerMode                          
00002f83  PCM_setPowerState                         
00002f8b  Timer_A_startCounter                      
00002f95  __aeabi_errno_addr                        
00002f9d  malloc                                    
00002fa5  CPU_wfi                                   
00002fa9  _system_pre_init                          
00002fad  C$$EXIT                                   
00002fad  abort                                     
00002fb0  _ctypes_                                  
000030f4  uartConsoleConfig                         
00003118  uartM5Config                              
0000313c  upTimer                                   
00003194  __TI_Handler_Table_Base                   
000031a0  __TI_Handler_Table_Limit                  
000031a8  __TI_CINIT_Base                           
000031b8  __TI_CINIT_Limit                          
20000000  _sys_memory                               
20000830  _lock                                     
20000834  _unlock                                   
20000840  j                                         
20000844  currentTime                               
20000848  errno                                     
2000084c  SystemCoreClock                           
20000850  buffer                                    
2000fe00  __stack                                   
20010000  __STACK_END                               
4000480c  WDTCTL_SYM                                
ffffffff  __TI_pprof_out_hndl                       
ffffffff  __TI_prof_data_size                       
ffffffff  __TI_prof_data_start                      
ffffffff  __binit__                                 
ffffffff  __c_args__                                
ffffffff  binit                                     
UNDEFED   __mpu_init                                
UNDEFED   _system_post_cinit                        

[121 symbols]
