******************************************************************************
                  TI ARM Linker PC v18.12.4                    
******************************************************************************
>> Linked Wed Nov 23 19:10:13 2022

OUTPUT FILE NAME:   <Wheel_Encoder.out>
ENTRY POINT SYMBOL: "_c_int00_noargs"  address: 000025ad


MEMORY CONFIGURATION

         name            origin    length      used     unused   attr    fill
----------------------  --------  ---------  --------  --------  ----  --------
  MAIN                  00000000   00040000  000028d8  0003d728  R  X
  INFO                  00200000   00004000  00000000  00004000  R  X
  SRAM_CODE             01000000   00010000  00000000  00010000  RW X
  SRAM_DATA             20000000   00010000  000002a0  0000fd60  RW  


SEGMENT ALLOCATION MAP

run origin  load origin   length   init length attrs members
----------  ----------- ---------- ----------- ----- -------
00000000    00000000    000028d8   000028d8    r-x
  00000000    00000000    00000140   00000140    r-- .intvecs
  00000140    00000140    00002600   00002600    r-x .text
  00002740    00002740    00000140   00000140    r-- .const
  00002880    00002880    00000058   00000058    r-- .cinit
20000000    20000000    000000a0   00000000    rw-
  20000000    20000000    00000068   00000000    rw- .bss
  20000068    20000068    00000038   00000000    rw- .data
2000fe00    2000fe00    00000200   00000000    rw-
  2000fe00    2000fe00    00000200   00000000    rw- .stack


SECTION ALLOCATION MAP

 output                                  attributes/
section   page    origin      length       input sections
--------  ----  ----------  ----------   ----------------
.intvecs   0    00000000    00000140     
                  00000000    00000140     startup_msp432p401r_ccs.obj (.intvecs:retain)

.text      0    00000140    00002600     
                  00000140    00000a4e     rtsv7M4_T_le_v4SPD16_eabi.lib : _printfi.c.obj (.text:__TI_printfi)
                  00000b8e    00000002                                   : div0.asm.obj (.text)
                  00000b90    00000328     system_msp432p401r.obj (.text)
                  00000eb8    000002dc     wheel_encoder.obj (.text)
                  00001194    00000270     rtsv7M4_T_le_v4SPD16_eabi.lib : _printfi.c.obj (.text:_pconv_a)
                  00001404    000001d0                                   : _printfi.c.obj (.text:_pconv_g)
                  000015d4    000001b6                                   : fd_add_t2.asm.obj (.text)
                  0000178a    00000002     --HOLE-- [fill = 0]
                  0000178c    0000013c                                   : _printfi.c.obj (.text:_pconv_e)
                  000018c8    00000136                                   : fd_div_t2.asm.obj (.text)
                  000019fe    00000002     --HOLE-- [fill = 0]
                  00001a00    00000124                                   : _printfi.c.obj (.text:fcvt)
                  00001b24    00000110                                   : s_scalbn.c.obj (.text:scalbn)
                  00001c34    000000fc                                   : fd_mul_t2.asm.obj (.text)
                  00001d30    000000b1                                   : _printfi.c.obj (.text:_ltostr)
                  00001de1    00000001     --HOLE-- [fill = 0]
                  00001de2    0000009c                                   : memcpy_t2.asm.obj (.text)
                  00001e7e    00000096                                   : ull_div_t2.asm.obj (.text)
                  00001f14    00000094     msp432p4xx_driverlib.lib : uart.o (.text:UART_initModule)
                  00001fa8    00000086     rtsv7M4_T_le_v4SPD16_eabi.lib : fd_cmp_t2.asm.obj (.text:__aeabi_cdcmple)
                  0000202e    00000086                                   : fd_cmp_t2.asm.obj (.text:__aeabi_cdrcmple)
                  000020b4    0000007a                                   : memset_t2.asm.obj (.text)
                  0000212e    0000006e                                   : _printfi.c.obj (.text:_mcpy)
                  0000219c    0000006e                                   : fd_tos_t2.asm.obj (.text)
                  0000220a    00000068                                   : copy_decompress_lzss.c.obj (.text:decompress:lzss:__TI_decompress_lzss)
                  00002272    00000002     --HOLE-- [fill = 0]
                  00002274    00000064                                   : s_frexp.c.obj (.text:frexp)
                  000022d8    00000056                                   : _printfi.c.obj (.text:_pconv_f)
                  0000232e    00000054                                   : ltoa.c.obj (.text:ltoa)
                  00002382    00000052                                   : _printfi.c.obj (.text:_ecpy)
                  000023d4    0000004c                                   : atoi.c.obj (.text:atoi)
                  00002420    00000048     msp432p4xx_driverlib.lib : gpio.o (.text:GPIO_setAsPeripheralModuleFunctionInputPin)
                  00002468    00000048     rtsv7M4_T_le_v4SPD16_eabi.lib : fd_toi_t2.asm.obj (.text)
                  000024b0    00000044                                   : autoinit.c.obj (.text:__TI_auto_init_nobinit_nopinit:__TI_auto_init_nobinit_nopinit)
                  000024f4    00000040                                   : sprintf.c.obj (.text:sprintf)
                  00002534    0000003e                                   : _printfi.c.obj (.text:_fcpy)
                  00002572    00000038                                   : fs_tod_t2.asm.obj (.text)
                  000025aa    00000002     --HOLE-- [fill = 0]
                  000025ac    00000034                                   : boot_cortex_m.c.obj (.text:_c_int00_noargs:_c_int00_noargs)
                  000025e0    0000002e                                   : i_tofd_t2.asm.obj (.text)
                  0000260e    00000002     --HOLE-- [fill = 0]
                  00002610    00000024     msp432p4xx_driverlib.lib : uart.o (.text:UART_transmitData)
                  00002634    00000020     rtsv7M4_T_le_v4SPD16_eabi.lib : u_tofd_t2.asm.obj (.text)
                  00002654    0000001c                                   : copy_zero_init.c.obj (.text:decompress:ZI:__TI_zero_init_nomemset:__TI_zero_init_nomemset)
                  00002670    0000001c                                   : memccpy.c.obj (.text:memccpy)
                  0000268c    0000001a                                   : s_copysign.c.obj (.text:copysign)
                  000026a6    00000018                                   : sprintf.c.obj (.text:_outs)
                  000026be    00000016                                   : strchr.c.obj (.text:strchr)
                  000026d4    00000014                                   : strlen.c.obj (.text:strlen)
                  000026e8    00000012     startup_msp432p401r_ccs.obj (.text)
                  000026fa    00000012     rtsv7M4_T_le_v4SPD16_eabi.lib : wcslen.c.obj (.text:wcslen)
                  0000270c    0000000e                                   : copy_decompress_none.c.obj (.text:decompress:none:__TI_decompress_none)
                  0000271a    0000000c     msp432p4xx_driverlib.lib : uart.o (.text:UART_enableModule)
                  00002726    0000000a     rtsv7M4_T_le_v4SPD16_eabi.lib : sprintf.c.obj (.text:_outc)
                  00002730    00000008                                   : errno.c.obj (.text:__aeabi_errno_addr)
                  00002738    00000004                                   : pre_init.c.obj (.text:_system_pre_init)
                  0000273c    00000004                                   : exit.c.obj (.text:abort:abort)

.const     0    00002740    00000140     
                  00002740    00000101     rtsv7M4_T_le_v4SPD16_eabi.lib : ctype.c.obj (.const:.string:_ctypes_)
                  00002841    00000003     --HOLE-- [fill = 0]
                  00002844    00000024     wheel_encoder.obj (.const:uartConfig)
                  00002868    00000018     wheel_encoder.obj (.const:upConfig)

.cinit     0    00002880    00000058     
                  00002880    00000031     (.cinit..data.load) [load image, compression = lzss]
                  000028b1    00000003     --HOLE-- [fill = 0]
                  000028b4    0000000c     (__TI_handler_table)
                  000028c0    00000008     (.cinit..bss.load) [load image, compression = zero_init]
                  000028c8    00000010     (__TI_cinit_table)

.init_array 
*          0    00000000    00000000     UNINITIALIZED

.bss       0    20000000    00000068     UNINITIALIZED
                  20000000    00000050     (.common:str)
                  20000050    00000004     (.common:curDist)
                  20000054    00000004     (.common:leftCounter)
                  20000058    00000004     (.common:leftRPM)
                  2000005c    00000004     (.common:rightCounter)
                  20000060    00000004     (.common:rightRPM)
                  20000064    00000004     (.common:totalDist)

.data      0    20000068    00000038     UNINITIALIZED
                  20000068    00000030     msp432p4xx_driverlib.lib : gpio.o (.data:GPIO_PORT_TO_BASE)
                  20000098    00000004     rtsv7M4_T_le_v4SPD16_eabi.lib : errno.c.obj (.data)
                  2000009c    00000004     system_msp432p401r.obj (.data)

.stack     0    2000fe00    00000200     UNINITIALIZED
                  2000fe00    00000004     rtsv7M4_T_le_v4SPD16_eabi.lib : boot_cortex_m.c.obj (.stack)
                  2000fe04    000001fc     --HOLE--

MODULE SUMMARY

       Module                        code   ro data   rw data
       ------                        ----   -------   -------
    .\
       wheel_encoder.obj             732    60        104    
       system_msp432p401r.obj        808    0         4      
       startup_msp432p401r_ccs.obj   18     320       0      
    +--+-----------------------------+------+---------+---------+
       Total:                        1558   380       108    
                                                             
    C:/Users/YK/Desktop/SIT/Y2T1/CSC2003 - Embedded Systems and Sensor/msp432_driverlib_3_21_00_05/driverlib/MSP432P4xx/ccs/msp432p4xx_driverlib.lib
       uart.o                        196    0         0      
       gpio.o                        72     0         48     
    +--+-----------------------------+------+---------+---------+
       Total:                        268    0         48     
                                                             
    C:\ti\ccs930\ccs\tools\compiler\ti-cgt-arm_18.12.4.LTS\lib\rtsv7M4_T_le_v4SPD16_eabi.lib
       _printfi.c.obj                4851   0         0      
       fd_add_t2.asm.obj             438    0         0      
       fd_div_t2.asm.obj             310    0         0      
       s_scalbn.c.obj                272    0         0      
       fd_cmp_t2.asm.obj             268    0         0      
       ctype.c.obj                   0      257       0      
       fd_mul_t2.asm.obj             252    0         0      
       memcpy_t2.asm.obj             156    0         0      
       ull_div_t2.asm.obj            150    0         0      
       memset_t2.asm.obj             122    0         0      
       fd_tos_t2.asm.obj             110    0         0      
       copy_decompress_lzss.c.obj    104    0         0      
       s_frexp.c.obj                 100    0         0      
       sprintf.c.obj                 98     0         0      
       ltoa.c.obj                    84     0         0      
       atoi.c.obj                    76     0         0      
       fd_toi_t2.asm.obj             72     0         0      
       autoinit.c.obj                68     0         0      
       fs_tod_t2.asm.obj             56     0         0      
       boot_cortex_m.c.obj           52     0         0      
       i_tofd_t2.asm.obj             46     0         0      
       u_tofd_t2.asm.obj             32     0         0      
       copy_zero_init.c.obj          28     0         0      
       memccpy.c.obj                 28     0         0      
       s_copysign.c.obj              26     0         0      
       strchr.c.obj                  22     0         0      
       strlen.c.obj                  20     0         0      
       wcslen.c.obj                  18     0         0      
       copy_decompress_none.c.obj    14     0         0      
       errno.c.obj                   8      0         4      
       exit.c.obj                    4      0         0      
       pre_init.c.obj                4      0         0      
       div0.asm.obj                  2      0         0      
    +--+-----------------------------+------+---------+---------+
       Total:                        7891   257       4      
                                                             
       Stack:                        0      0         512    
       Linker Generated:             0      85        0      
    +--+-----------------------------+------+---------+---------+
       Grand Total:                  9717   722       672    


LINKER GENERATED COPY TABLES

__TI_cinit_table @ 000028c8 records: 2, size/record: 8, table size: 16
	.data: load addr=00002880, load size=00000031 bytes, run addr=20000068, run size=00000038 bytes, compression=lzss
	.bss: load addr=000028c0, load size=00000008 bytes, run addr=20000000, run size=00000068 bytes, compression=zero_init


LINKER GENERATED HANDLER TABLE

__TI_handler_table @ 000028b4 records: 3, size/record: 4, table size: 12
	index: 0, handler: __TI_decompress_lzss
	index: 1, handler: __TI_decompress_none
	index: 2, handler: __TI_zero_init


GLOBAL SYMBOLS: SORTED ALPHABETICALLY BY Name 

address   name                                      
-------   ----                                      
0000273d  C$$EXIT                                   
00002421  GPIO_setAsPeripheralModuleFunctionInputPin
00000fab  PORT2_IRQHandler                          
2000009c  SystemCoreClock                           
00000b91  SystemCoreClockUpdate                     
00000e05  SystemInit                                
00000fe7  TA1_0_IRQHandler                          
0000271b  UART_enableModule                         
00001f15  UART_initModule                           
00002611  UART_transmitData                         
4000480c  WDTCTL_SYM                                
20010000  __STACK_END                               
00000200  __STACK_SIZE                              
000028c8  __TI_CINIT_Base                           
000028d8  __TI_CINIT_Limit                          
000028b4  __TI_Handler_Table_Base                   
000028c0  __TI_Handler_Table_Limit                  
000024b1  __TI_auto_init_nobinit_nopinit            
0000220b  __TI_decompress_lzss                      
0000270d  __TI_decompress_none                      
ffffffff  __TI_pprof_out_hndl                       
00000141  __TI_printfi                              
ffffffff  __TI_prof_data_size                       
ffffffff  __TI_prof_data_start                      
00000000  __TI_static_base__                        
00002655  __TI_zero_init_nomemset                   
00001fa9  __aeabi_cdcmpeq                           
00001fa9  __aeabi_cdcmple                           
0000202f  __aeabi_cdrcmple                          
0000219d  __aeabi_d2f                               
00002469  __aeabi_d2iz                              
000015df  __aeabi_dadd                              
000018c9  __aeabi_ddiv                              
00001c35  __aeabi_dmul                              
000015d5  __aeabi_dsub                              
00002731  __aeabi_errno_addr                        
00002573  __aeabi_f2d                               
000025e1  __aeabi_i2d                               
00000b8f  __aeabi_idiv0                             
00000b8f  __aeabi_ldiv0                             
000020b5  __aeabi_memclr                            
000020b5  __aeabi_memclr4                           
000020b5  __aeabi_memclr8                           
00001de3  __aeabi_memcpy                            
00001de3  __aeabi_memcpy4                           
00001de3  __aeabi_memcpy8                           
000020b7  __aeabi_memset                            
000020b7  __aeabi_memset4                           
000020b7  __aeabi_memset8                           
00002635  __aeabi_ui2d                              
00001e7f  __aeabi_uldivmod                          
ffffffff  __binit__                                 
ffffffff  __c_args__                                
UNDEFED   __mpu_init                                
2000fe00  __stack                                   
000025ad  _c_int00_noargs                           
00002740  _ctypes_                                  
UNDEFED   _system_post_cinit                        
00002739  _system_pre_init                          
0000273d  abort                                     
000023d5  atoi                                      
ffffffff  binit                                     
0000268d  copysign                                  
0000268d  copysignl                                 
20000050  curDist                                   
20000098  errno                                     
00002275  frexp                                     
00002275  frexpl                                    
00000ec9  initWheelEncoderConfig                    
00000000  interruptVectors                          
00001b25  ldexp                                     
00001b25  ldexpl                                    
20000054  leftCounter                               
20000058  leftRPM                                   
0000232f  ltoa                                      
00000eb9  main                                      
00002671  memccpy                                   
00001de3  memcpy                                    
000020bd  memset                                    
2000005c  rightCounter                              
20000060  rightRPM                                  
00001b25  scalbn                                    
00001b25  scalbnl                                   
000024f5  sprintf                                   
20000000  str                                       
000026bf  strchr                                    
000026d5  strlen                                    
20000064  totalDist                                 
00000f83  uPrintf                                   
00002844  uartConfig                                
00002868  upConfig                                  
000026fb  wcslen                                    


GLOBAL SYMBOLS: SORTED BY Symbol Address 

address   name                                      
-------   ----                                      
00000000  __TI_static_base__                        
00000000  interruptVectors                          
00000141  __TI_printfi                              
00000200  __STACK_SIZE                              
00000b8f  __aeabi_idiv0                             
00000b8f  __aeabi_ldiv0                             
00000b91  SystemCoreClockUpdate                     
00000e05  SystemInit                                
00000eb9  main                                      
00000ec9  initWheelEncoderConfig                    
00000f83  uPrintf                                   
00000fab  PORT2_IRQHandler                          
00000fe7  TA1_0_IRQHandler                          
000015d5  __aeabi_dsub                              
000015df  __aeabi_dadd                              
000018c9  __aeabi_ddiv                              
00001b25  ldexp                                     
00001b25  ldexpl                                    
00001b25  scalbn                                    
00001b25  scalbnl                                   
00001c35  __aeabi_dmul                              
00001de3  __aeabi_memcpy                            
00001de3  __aeabi_memcpy4                           
00001de3  __aeabi_memcpy8                           
00001de3  memcpy                                    
00001e7f  __aeabi_uldivmod                          
00001f15  UART_initModule                           
00001fa9  __aeabi_cdcmpeq                           
00001fa9  __aeabi_cdcmple                           
0000202f  __aeabi_cdrcmple                          
000020b5  __aeabi_memclr                            
000020b5  __aeabi_memclr4                           
000020b5  __aeabi_memclr8                           
000020b7  __aeabi_memset                            
000020b7  __aeabi_memset4                           
000020b7  __aeabi_memset8                           
000020bd  memset                                    
0000219d  __aeabi_d2f                               
0000220b  __TI_decompress_lzss                      
00002275  frexp                                     
00002275  frexpl                                    
0000232f  ltoa                                      
000023d5  atoi                                      
00002421  GPIO_setAsPeripheralModuleFunctionInputPin
00002469  __aeabi_d2iz                              
000024b1  __TI_auto_init_nobinit_nopinit            
000024f5  sprintf                                   
00002573  __aeabi_f2d                               
000025ad  _c_int00_noargs                           
000025e1  __aeabi_i2d                               
00002611  UART_transmitData                         
00002635  __aeabi_ui2d                              
00002655  __TI_zero_init_nomemset                   
00002671  memccpy                                   
0000268d  copysign                                  
0000268d  copysignl                                 
000026bf  strchr                                    
000026d5  strlen                                    
000026fb  wcslen                                    
0000270d  __TI_decompress_none                      
0000271b  UART_enableModule                         
00002731  __aeabi_errno_addr                        
00002739  _system_pre_init                          
0000273d  C$$EXIT                                   
0000273d  abort                                     
00002740  _ctypes_                                  
00002844  uartConfig                                
00002868  upConfig                                  
000028b4  __TI_Handler_Table_Base                   
000028c0  __TI_Handler_Table_Limit                  
000028c8  __TI_CINIT_Base                           
000028d8  __TI_CINIT_Limit                          
20000000  str                                       
20000050  curDist                                   
20000054  leftCounter                               
20000058  leftRPM                                   
2000005c  rightCounter                              
20000060  rightRPM                                  
20000064  totalDist                                 
20000098  errno                                     
2000009c  SystemCoreClock                           
2000fe00  __stack                                   
20010000  __STACK_END                               
4000480c  WDTCTL_SYM                                
ffffffff  __TI_pprof_out_hndl                       
ffffffff  __TI_prof_data_size                       
ffffffff  __TI_prof_data_start                      
ffffffff  __binit__                                 
ffffffff  __c_args__                                
ffffffff  binit                                     
UNDEFED   __mpu_init                                
UNDEFED   _system_post_cinit                        

[92 symbols]
