******************************************************************************
                  TI ARM Linker PC v18.12.4                    
******************************************************************************
>> Linked Wed Nov 16 16:35:08 2022

OUTPUT FILE NAME:   <Wheel_Encoder.out>
ENTRY POINT SYMBOL: "_c_int00_noargs"  address: 00002411


MEMORY CONFIGURATION

         name            origin    length      used     unused   attr    fill
----------------------  --------  ---------  --------  --------  ----  --------
  MAIN                  00000000   00040000  0000271c  0003d8e4  R  X
  INFO                  00200000   00004000  00000000  00004000  R  X
  SRAM_CODE             01000000   00010000  00000000  00010000  RW X
  SRAM_DATA             20000000   00010000  00000298  0000fd68  RW  


SEGMENT ALLOCATION MAP

run origin  load origin   length   init length attrs members
----------  ----------- ---------- ----------- ----- -------
00000000    00000000    00002720   00002720    r-x
  00000000    00000000    00000140   00000140    r-- .intvecs
  00000140    00000140    00002444   00002444    r-x .text
  00002584    00002584    00000140   00000140    r-- .const
  000026c8    000026c8    00000058   00000058    r-- .cinit
20000000    20000000    00000098   00000000    rw-
  20000000    20000000    00000060   00000000    rw- .bss
  20000060    20000060    00000038   00000000    rw- .data
2000fe00    2000fe00    00000200   00000000    rw-
  2000fe00    2000fe00    00000200   00000000    rw- .stack


SECTION ALLOCATION MAP

 output                                  attributes/
section   page    origin      length       input sections
--------  ----  ----------  ----------   ----------------
.intvecs   0    00000000    00000140     
                  00000000    00000140     startup_msp432p401r_ccs.obj (.intvecs:retain)

.text      0    00000140    00002444     
                  00000140    00000a4e     rtsv7M4_T_le_v4SPD16_eabi.lib : _printfi.c.obj (.text:__TI_printfi)
                  00000b8e    00000002                                   : div0.asm.obj (.text)
                  00000b90    00000328     system_msp432p401r.obj (.text)
                  00000eb8    00000270     rtsv7M4_T_le_v4SPD16_eabi.lib : _printfi.c.obj (.text:_pconv_a)
                  00001128    000001e8     wheel_encoder.obj (.text)
                  00001310    000001d0     rtsv7M4_T_le_v4SPD16_eabi.lib : _printfi.c.obj (.text:_pconv_g)
                  000014e0    000001b6                                   : fd_add_t2.asm.obj (.text)
                  00001696    00000002     --HOLE-- [fill = 0]
                  00001698    0000013c                                   : _printfi.c.obj (.text:_pconv_e)
                  000017d4    00000136                                   : fd_div_t2.asm.obj (.text)
                  0000190a    00000002     --HOLE-- [fill = 0]
                  0000190c    00000124                                   : _printfi.c.obj (.text:fcvt)
                  00001a30    00000110                                   : s_scalbn.c.obj (.text:scalbn)
                  00001b40    000000fc                                   : fd_mul_t2.asm.obj (.text)
                  00001c3c    000000b1                                   : _printfi.c.obj (.text:_ltostr)
                  00001ced    00000001     --HOLE-- [fill = 0]
                  00001cee    0000009c                                   : memcpy_t2.asm.obj (.text)
                  00001d8a    00000096                                   : ull_div_t2.asm.obj (.text)
                  00001e20    00000094     msp432p4xx_driverlib.lib : uart.o (.text:UART_initModule)
                  00001eb4    00000086     rtsv7M4_T_le_v4SPD16_eabi.lib : fd_cmp_t2.asm.obj (.text:__aeabi_cdcmple)
                  00001f3a    00000086                                   : fd_cmp_t2.asm.obj (.text:__aeabi_cdrcmple)
                  00001fc0    0000007a                                   : memset_t2.asm.obj (.text)
                  0000203a    0000006e                                   : _printfi.c.obj (.text:_mcpy)
                  000020a8    00000068                                   : copy_decompress_lzss.c.obj (.text:decompress:lzss:__TI_decompress_lzss)
                  00002110    00000064                                   : s_frexp.c.obj (.text:frexp)
                  00002174    00000056                                   : _printfi.c.obj (.text:_pconv_f)
                  000021ca    00000054                                   : ltoa.c.obj (.text:ltoa)
                  0000221e    00000052                                   : _printfi.c.obj (.text:_ecpy)
                  00002270    0000004c                                   : atoi.c.obj (.text:atoi)
                  000022bc    00000048     msp432p4xx_driverlib.lib : gpio.o (.text:GPIO_setAsPeripheralModuleFunctionInputPin)
                  00002304    00000048     rtsv7M4_T_le_v4SPD16_eabi.lib : fd_toi_t2.asm.obj (.text)
                  0000234c    00000044                                   : autoinit.c.obj (.text:__TI_auto_init_nobinit_nopinit:__TI_auto_init_nobinit_nopinit)
                  00002390    00000040                                   : sprintf.c.obj (.text:sprintf)
                  000023d0    0000003e                                   : _printfi.c.obj (.text:_fcpy)
                  0000240e    00000002     --HOLE-- [fill = 0]
                  00002410    00000034                                   : boot_cortex_m.c.obj (.text:_c_int00_noargs:_c_int00_noargs)
                  00002444    0000002e                                   : i_tofd_t2.asm.obj (.text)
                  00002472    00000002     --HOLE-- [fill = 0]
                  00002474    00000024     msp432p4xx_driverlib.lib : uart.o (.text:UART_transmitData)
                  00002498    0000001c     rtsv7M4_T_le_v4SPD16_eabi.lib : copy_zero_init.c.obj (.text:decompress:ZI:__TI_zero_init_nomemset:__TI_zero_init_nomemset)
                  000024b4    0000001c                                   : memccpy.c.obj (.text:memccpy)
                  000024d0    0000001a                                   : s_copysign.c.obj (.text:copysign)
                  000024ea    00000018                                   : sprintf.c.obj (.text:_outs)
                  00002502    00000016                                   : strchr.c.obj (.text:strchr)
                  00002518    00000014                                   : strlen.c.obj (.text:strlen)
                  0000252c    00000012     startup_msp432p401r_ccs.obj (.text)
                  0000253e    00000012     rtsv7M4_T_le_v4SPD16_eabi.lib : wcslen.c.obj (.text:wcslen)
                  00002550    0000000e                                   : copy_decompress_none.c.obj (.text:decompress:none:__TI_decompress_none)
                  0000255e    0000000c     msp432p4xx_driverlib.lib : uart.o (.text:UART_enableModule)
                  0000256a    0000000a     rtsv7M4_T_le_v4SPD16_eabi.lib : sprintf.c.obj (.text:_outc)
                  00002574    00000008                                   : errno.c.obj (.text:__aeabi_errno_addr)
                  0000257c    00000004                                   : pre_init.c.obj (.text:_system_pre_init)
                  00002580    00000004                                   : exit.c.obj (.text:abort:abort)

.const     0    00002584    00000140     
                  00002584    00000101     rtsv7M4_T_le_v4SPD16_eabi.lib : ctype.c.obj (.const:.string:_ctypes_)
                  00002685    00000003     --HOLE-- [fill = 0]
                  00002688    00000024     wheel_encoder.obj (.const:uartConfig)
                  000026ac    00000018     wheel_encoder.obj (.const:upConfig)

.cinit     0    000026c8    00000058     
                  000026c8    00000031     (.cinit..data.load) [load image, compression = lzss]
                  000026f9    00000003     --HOLE-- [fill = 0]
                  000026fc    0000000c     (__TI_handler_table)
                  00002708    00000008     (.cinit..bss.load) [load image, compression = zero_init]
                  00002710    00000010     (__TI_cinit_table)

.init_array 
*          0    00000000    00000000     UNINITIALIZED

.bss       0    20000000    00000060     UNINITIALIZED
                  20000000    00000050     (.common:str)
                  20000050    00000004     (.common:leftcounter)
                  20000054    00000004     (.common:leftrpm)
                  20000058    00000004     (.common:rightcounter)
                  2000005c    00000004     (.common:rightrpm)

.data      0    20000060    00000038     UNINITIALIZED
                  20000060    00000030     msp432p4xx_driverlib.lib : gpio.o (.data:GPIO_PORT_TO_BASE)
                  20000090    00000004     rtsv7M4_T_le_v4SPD16_eabi.lib : errno.c.obj (.data)
                  20000094    00000004     system_msp432p401r.obj (.data)

.stack     0    2000fe00    00000200     UNINITIALIZED
                  2000fe00    00000004     rtsv7M4_T_le_v4SPD16_eabi.lib : boot_cortex_m.c.obj (.stack)
                  2000fe04    000001fc     --HOLE--

MODULE SUMMARY

       Module                        code   ro data   rw data
       ------                        ----   -------   -------
    .\
       system_msp432p401r.obj        808    0         4      
       wheel_encoder.obj             488    60        96     
       startup_msp432p401r_ccs.obj   18     320       0      
    +--+-----------------------------+------+---------+---------+
       Total:                        1314   380       100    
                                                             
    C:/Users/YK/Desktop/SIT/Y2T1/CSC2003 - Embedded Systems and Sensor/msp432_driverlib_3_21_00_05/driverlib/MSP432P4xx/ccs/msp432p4xx_driverlib.lib
       uart.o                        196    0         0      
       gpio.o                        72     0         48     
    +--+-----------------------------+------+---------+---------+
       Total:                        268    0         48     
                                                             
    C:\ti\ccs930\ccs\tools\compiler\ti-cgt-arm_18.12.4.LTS\lib\rtsv7M4_T_le_v4SPD16_eabi.lib
       _printfi.c.obj                4851   0         0      
       fd_add_t2.asm.obj             438    0         0      
       fd_div_t2.asm.obj             310    0         0      
       s_scalbn.c.obj                272    0         0      
       fd_cmp_t2.asm.obj             268    0         0      
       ctype.c.obj                   0      257       0      
       fd_mul_t2.asm.obj             252    0         0      
       memcpy_t2.asm.obj             156    0         0      
       ull_div_t2.asm.obj            150    0         0      
       memset_t2.asm.obj             122    0         0      
       copy_decompress_lzss.c.obj    104    0         0      
       s_frexp.c.obj                 100    0         0      
       sprintf.c.obj                 98     0         0      
       ltoa.c.obj                    84     0         0      
       atoi.c.obj                    76     0         0      
       fd_toi_t2.asm.obj             72     0         0      
       autoinit.c.obj                68     0         0      
       boot_cortex_m.c.obj           52     0         0      
       i_tofd_t2.asm.obj             46     0         0      
       copy_zero_init.c.obj          28     0         0      
       memccpy.c.obj                 28     0         0      
       s_copysign.c.obj              26     0         0      
       strchr.c.obj                  22     0         0      
       strlen.c.obj                  20     0         0      
       wcslen.c.obj                  18     0         0      
       copy_decompress_none.c.obj    14     0         0      
       errno.c.obj                   8      0         4      
       exit.c.obj                    4      0         0      
       pre_init.c.obj                4      0         0      
       div0.asm.obj                  2      0         0      
    +--+-----------------------------+------+---------+---------+
       Total:                        7693   257       4      
                                                             
       Stack:                        0      0         512    
       Linker Generated:             0      85        0      
    +--+-----------------------------+------+---------+---------+
       Grand Total:                  9275   722       664    


LINKER GENERATED COPY TABLES

__TI_cinit_table @ 00002710 records: 2, size/record: 8, table size: 16
	.data: load addr=000026c8, load size=00000031 bytes, run addr=20000060, run size=00000038 bytes, compression=lzss
	.bss: load addr=00002708, load size=00000008 bytes, run addr=20000000, run size=00000060 bytes, compression=zero_init


LINKER GENERATED HANDLER TABLE

__TI_handler_table @ 000026fc records: 3, size/record: 4, table size: 12
	index: 0, handler: __TI_decompress_lzss
	index: 1, handler: __TI_decompress_none
	index: 2, handler: __TI_zero_init


GLOBAL SYMBOLS: SORTED ALPHABETICALLY BY Name 

address   name                                      
-------   ----                                      
00002581  C$$EXIT                                   
000022bd  GPIO_setAsPeripheralModuleFunctionInputPin
00001203  PORT2_IRQHandler                          
20000094  SystemCoreClock                           
00000b91  SystemCoreClockUpdate                     
00000e05  SystemInit                                
0000123f  TA1_0_IRQHandler                          
0000255f  UART_enableModule                         
00001e21  UART_initModule                           
00002475  UART_transmitData                         
4000480c  WDTCTL_SYM                                
20010000  __STACK_END                               
00000200  __STACK_SIZE                              
00002710  __TI_CINIT_Base                           
00002720  __TI_CINIT_Limit                          
000026fc  __TI_Handler_Table_Base                   
00002708  __TI_Handler_Table_Limit                  
0000234d  __TI_auto_init_nobinit_nopinit            
000020a9  __TI_decompress_lzss                      
00002551  __TI_decompress_none                      
ffffffff  __TI_pprof_out_hndl                       
00000141  __TI_printfi                              
ffffffff  __TI_prof_data_size                       
ffffffff  __TI_prof_data_start                      
00000000  __TI_static_base__                        
00002499  __TI_zero_init_nomemset                   
00001eb5  __aeabi_cdcmpeq                           
00001eb5  __aeabi_cdcmple                           
00001f3b  __aeabi_cdrcmple                          
00002305  __aeabi_d2iz                              
000014eb  __aeabi_dadd                              
000017d5  __aeabi_ddiv                              
00001b41  __aeabi_dmul                              
000014e1  __aeabi_dsub                              
00002575  __aeabi_errno_addr                        
00002445  __aeabi_i2d                               
00000b8f  __aeabi_idiv0                             
00000b8f  __aeabi_ldiv0                             
00001fc1  __aeabi_memclr                            
00001fc1  __aeabi_memclr4                           
00001fc1  __aeabi_memclr8                           
00001cef  __aeabi_memcpy                            
00001cef  __aeabi_memcpy4                           
00001cef  __aeabi_memcpy8                           
00001fc3  __aeabi_memset                            
00001fc3  __aeabi_memset4                           
00001fc3  __aeabi_memset8                           
00001d8b  __aeabi_uldivmod                          
ffffffff  __binit__                                 
ffffffff  __c_args__                                
UNDEFED   __mpu_init                                
2000fe00  __stack                                   
00002411  _c_int00_noargs                           
00002584  _ctypes_                                  
UNDEFED   _system_post_cinit                        
0000257d  _system_pre_init                          
00002581  abort                                     
00002271  atoi                                      
ffffffff  binit                                     
000024d1  copysign                                  
000024d1  copysignl                                 
20000090  errno                                     
00002111  frexp                                     
00002111  frexpl                                    
00000000  interruptVectors                          
00001a31  ldexp                                     
00001a31  ldexpl                                    
20000050  leftcounter                               
20000054  leftrpm                                   
000021cb  ltoa                                      
00001129  main                                      
000024b5  memccpy                                   
00001cef  memcpy                                    
00001fc9  memset                                    
20000058  rightcounter                              
2000005c  rightrpm                                  
00001a31  scalbn                                    
00001a31  scalbnl                                   
00002391  sprintf                                   
20000000  str                                       
00002503  strchr                                    
00002519  strlen                                    
000011db  uPrintf                                   
00002688  uartConfig                                
000026ac  upConfig                                  
0000253f  wcslen                                    


GLOBAL SYMBOLS: SORTED BY Symbol Address 

address   name                                      
-------   ----                                      
00000000  __TI_static_base__                        
00000000  interruptVectors                          
00000141  __TI_printfi                              
00000200  __STACK_SIZE                              
00000b8f  __aeabi_idiv0                             
00000b8f  __aeabi_ldiv0                             
00000b91  SystemCoreClockUpdate                     
00000e05  SystemInit                                
00001129  main                                      
000011db  uPrintf                                   
00001203  PORT2_IRQHandler                          
0000123f  TA1_0_IRQHandler                          
000014e1  __aeabi_dsub                              
000014eb  __aeabi_dadd                              
000017d5  __aeabi_ddiv                              
00001a31  ldexp                                     
00001a31  ldexpl                                    
00001a31  scalbn                                    
00001a31  scalbnl                                   
00001b41  __aeabi_dmul                              
00001cef  __aeabi_memcpy                            
00001cef  __aeabi_memcpy4                           
00001cef  __aeabi_memcpy8                           
00001cef  memcpy                                    
00001d8b  __aeabi_uldivmod                          
00001e21  UART_initModule                           
00001eb5  __aeabi_cdcmpeq                           
00001eb5  __aeabi_cdcmple                           
00001f3b  __aeabi_cdrcmple                          
00001fc1  __aeabi_memclr                            
00001fc1  __aeabi_memclr4                           
00001fc1  __aeabi_memclr8                           
00001fc3  __aeabi_memset                            
00001fc3  __aeabi_memset4                           
00001fc3  __aeabi_memset8                           
00001fc9  memset                                    
000020a9  __TI_decompress_lzss                      
00002111  frexp                                     
00002111  frexpl                                    
000021cb  ltoa                                      
00002271  atoi                                      
000022bd  GPIO_setAsPeripheralModuleFunctionInputPin
00002305  __aeabi_d2iz                              
0000234d  __TI_auto_init_nobinit_nopinit            
00002391  sprintf                                   
00002411  _c_int00_noargs                           
00002445  __aeabi_i2d                               
00002475  UART_transmitData                         
00002499  __TI_zero_init_nomemset                   
000024b5  memccpy                                   
000024d1  copysign                                  
000024d1  copysignl                                 
00002503  strchr                                    
00002519  strlen                                    
0000253f  wcslen                                    
00002551  __TI_decompress_none                      
0000255f  UART_enableModule                         
00002575  __aeabi_errno_addr                        
0000257d  _system_pre_init                          
00002581  C$$EXIT                                   
00002581  abort                                     
00002584  _ctypes_                                  
00002688  uartConfig                                
000026ac  upConfig                                  
000026fc  __TI_Handler_Table_Base                   
00002708  __TI_Handler_Table_Limit                  
00002710  __TI_CINIT_Base                           
00002720  __TI_CINIT_Limit                          
20000000  str                                       
20000050  leftcounter                               
20000054  leftrpm                                   
20000058  rightcounter                              
2000005c  rightrpm                                  
20000090  errno                                     
20000094  SystemCoreClock                           
2000fe00  __stack                                   
20010000  __STACK_END                               
4000480c  WDTCTL_SYM                                
ffffffff  __TI_pprof_out_hndl                       
ffffffff  __TI_prof_data_size                       
ffffffff  __TI_prof_data_start                      
ffffffff  __binit__                                 
ffffffff  __c_args__                                
ffffffff  binit                                     
UNDEFED   __mpu_init                                
UNDEFED   _system_post_cinit                        

[86 symbols]
